Archive member included because of file (symbol)

c:/program files/altera/12.1/nios2eds/bin/gnu/h-i686-mingw32/bin/../lib/gcc/nios2-elf/4.1.2/../../../../nios2-elf/lib/mno-hw-mul\libm.a(lib_a-s_sin.o)
                              obj/default/master_main.o (sin)
c:/program files/altera/12.1/nios2eds/bin/gnu/h-i686-mingw32/bin/../lib/gcc/nios2-elf/4.1.2/../../../../nios2-elf/lib/mno-hw-mul\libm.a(lib_a-e_rem_pio2.o)
                              c:/program files/altera/12.1/nios2eds/bin/gnu/h-i686-mingw32/bin/../lib/gcc/nios2-elf/4.1.2/../../../../nios2-elf/lib/mno-hw-mul\libm.a(lib_a-s_sin.o) (__ieee754_rem_pio2)
c:/program files/altera/12.1/nios2eds/bin/gnu/h-i686-mingw32/bin/../lib/gcc/nios2-elf/4.1.2/../../../../nios2-elf/lib/mno-hw-mul\libm.a(lib_a-k_cos.o)
                              c:/program files/altera/12.1/nios2eds/bin/gnu/h-i686-mingw32/bin/../lib/gcc/nios2-elf/4.1.2/../../../../nios2-elf/lib/mno-hw-mul\libm.a(lib_a-s_sin.o) (__kernel_cos)
c:/program files/altera/12.1/nios2eds/bin/gnu/h-i686-mingw32/bin/../lib/gcc/nios2-elf/4.1.2/../../../../nios2-elf/lib/mno-hw-mul\libm.a(lib_a-k_rem_pio2.o)
                              c:/program files/altera/12.1/nios2eds/bin/gnu/h-i686-mingw32/bin/../lib/gcc/nios2-elf/4.1.2/../../../../nios2-elf/lib/mno-hw-mul\libm.a(lib_a-e_rem_pio2.o) (__kernel_rem_pio2)
c:/program files/altera/12.1/nios2eds/bin/gnu/h-i686-mingw32/bin/../lib/gcc/nios2-elf/4.1.2/../../../../nios2-elf/lib/mno-hw-mul\libm.a(lib_a-k_sin.o)
                              c:/program files/altera/12.1/nios2eds/bin/gnu/h-i686-mingw32/bin/../lib/gcc/nios2-elf/4.1.2/../../../../nios2-elf/lib/mno-hw-mul\libm.a(lib_a-s_sin.o) (__kernel_sin)
c:/program files/altera/12.1/nios2eds/bin/gnu/h-i686-mingw32/bin/../lib/gcc/nios2-elf/4.1.2/../../../../nios2-elf/lib/mno-hw-mul\libm.a(lib_a-s_fabs.o)
                              c:/program files/altera/12.1/nios2eds/bin/gnu/h-i686-mingw32/bin/../lib/gcc/nios2-elf/4.1.2/../../../../nios2-elf/lib/mno-hw-mul\libm.a(lib_a-e_rem_pio2.o) (fabs)
c:/program files/altera/12.1/nios2eds/bin/gnu/h-i686-mingw32/bin/../lib/gcc/nios2-elf/4.1.2/../../../../nios2-elf/lib/mno-hw-mul\libm.a(lib_a-s_floor.o)
                              c:/program files/altera/12.1/nios2eds/bin/gnu/h-i686-mingw32/bin/../lib/gcc/nios2-elf/4.1.2/../../../../nios2-elf/lib/mno-hw-mul\libm.a(lib_a-k_rem_pio2.o) (floor)
c:/program files/altera/12.1/nios2eds/bin/gnu/h-i686-mingw32/bin/../lib/gcc/nios2-elf/4.1.2/../../../../nios2-elf/lib/mno-hw-mul\libm.a(lib_a-s_scalbn.o)
                              c:/program files/altera/12.1/nios2eds/bin/gnu/h-i686-mingw32/bin/../lib/gcc/nios2-elf/4.1.2/../../../../nios2-elf/lib/mno-hw-mul\libm.a(lib_a-k_rem_pio2.o) (scalbn)
c:/program files/altera/12.1/nios2eds/bin/gnu/h-i686-mingw32/bin/../lib/gcc/nios2-elf/4.1.2/../../../../nios2-elf/lib/mno-hw-mul\libm.a(lib_a-s_copysign.o)
                              c:/program files/altera/12.1/nios2eds/bin/gnu/h-i686-mingw32/bin/../lib/gcc/nios2-elf/4.1.2/../../../../nios2-elf/lib/mno-hw-mul\libm.a(lib_a-s_scalbn.o) (copysign)
c:/program files/altera/12.1/nios2eds/bin/gnu/h-i686-mingw32/bin/../lib/gcc/nios2-elf/4.1.2/mno-hw-mul\libgcc.a(_addsub_df.o)
                              c:/program files/altera/12.1/nios2eds/bin/gnu/h-i686-mingw32/bin/../lib/gcc/nios2-elf/4.1.2/../../../../nios2-elf/lib/mno-hw-mul\libm.a(lib_a-s_sin.o) (__subdf3)
c:/program files/altera/12.1/nios2eds/bin/gnu/h-i686-mingw32/bin/../lib/gcc/nios2-elf/4.1.2/mno-hw-mul\libgcc.a(_mul_df.o)
                              obj/default/master_main.o (__muldf3)
c:/program files/altera/12.1/nios2eds/bin/gnu/h-i686-mingw32/bin/../lib/gcc/nios2-elf/4.1.2/mno-hw-mul\libgcc.a(_div_df.o)
                              obj/default/master_main.o (__divdf3)
c:/program files/altera/12.1/nios2eds/bin/gnu/h-i686-mingw32/bin/../lib/gcc/nios2-elf/4.1.2/mno-hw-mul\libgcc.a(_eq_df.o)
                              c:/program files/altera/12.1/nios2eds/bin/gnu/h-i686-mingw32/bin/../lib/gcc/nios2-elf/4.1.2/../../../../nios2-elf/lib/mno-hw-mul\libm.a(lib_a-e_rem_pio2.o) (__eqdf2)
c:/program files/altera/12.1/nios2eds/bin/gnu/h-i686-mingw32/bin/../lib/gcc/nios2-elf/4.1.2/mno-hw-mul\libgcc.a(_gt_df.o)
                              c:/program files/altera/12.1/nios2eds/bin/gnu/h-i686-mingw32/bin/../lib/gcc/nios2-elf/4.1.2/../../../../nios2-elf/lib/mno-hw-mul\libm.a(lib_a-s_floor.o) (__gtdf2)
c:/program files/altera/12.1/nios2eds/bin/gnu/h-i686-mingw32/bin/../lib/gcc/nios2-elf/4.1.2/mno-hw-mul\libgcc.a(_ge_df.o)
                              c:/program files/altera/12.1/nios2eds/bin/gnu/h-i686-mingw32/bin/../lib/gcc/nios2-elf/4.1.2/../../../../nios2-elf/lib/mno-hw-mul\libm.a(lib_a-k_rem_pio2.o) (__gedf2)
c:/program files/altera/12.1/nios2eds/bin/gnu/h-i686-mingw32/bin/../lib/gcc/nios2-elf/4.1.2/mno-hw-mul\libgcc.a(_si_to_df.o)
                              obj/default/master_main.o (__floatsidf)
[...]
Memory Configuration

Name             Origin             Length             Attributes
reset            0x00080000         0x00000020
sram_0           0x00080020         0x0007ffe0
*default*        0x00000000         0xffffffff

Linker script and memory map

LOAD ../KeyboardSound_bsp//obj/HAL/src/crt0.o
LOAD obj/default/HEX.o
LOAD obj/default/LCD.o
LOAD obj/default/keyboard.o
LOAD obj/default/keys.o
LOAD obj/default/master_main.o
LOAD c:/program files/altera/12.1/nios2eds/bin/gnu/h-i686-mingw32/bin/../lib/gcc/nios2-elf/4.1.2/../../../../nios2-elf/lib/mno-hw-mul\libstdc++.a
LOAD c:/program files/altera/12.1/nios2eds/bin/gnu/h-i686-mingw32/bin/../lib/gcc/nios2-elf/4.1.2/../../../../nios2-elf/lib/mno-hw-mul\libm.a
LOAD c:/program files/altera/12.1/nios2eds/bin/gnu/h-i686-mingw32/bin/../lib/gcc/nios2-elf/4.1.2/mno-hw-mul\libgcc.a
START GROUP
LOAD c:/program files/altera/12.1/nios2eds/bin/gnu/h-i686-mingw32/bin/../lib/gcc/nios2-elf/4.1.2/../../../../nios2-elf/lib/mno-hw-mul\libc.a
LOAD c:/program files/altera/12.1/nios2eds/bin/gnu/h-i686-mingw32/bin/../lib/gcc/nios2-elf/4.1.2/mno-hw-mul\libgcc.a
LOAD ../KeyboardSound_bsp/\libhal_bsp.a
END GROUP
LOAD c:/program files/altera/12.1/nios2eds/bin/gnu/h-i686-mingw32/bin/../lib/gcc/nios2-elf/4.1.2/mno-hw-mul\libgcc.a
                0x00080000                __alt_mem_sram_0 = 0x80000

.entry          0x00080000       0x20
 *(.entry)
 .entry         0x00080000       0x20 ../KeyboardSound_bsp//obj/HAL/src/crt0.o
                0x00080000                __reset

.exceptions     0x00080020      0x198
                0x00080020                PROVIDE (__ram_exceptions_start, ABSOLUTE (.))
                0x00080020                . = ALIGN (0x20)
 *(.irq)
 *(.exceptions.entry.label)
 .exceptions.entry.label
                0x00080020        0x0 ../KeyboardSound_bsp/\libhal_bsp.a(alt_irq_entry.o)
                0x00080020                alt_irq_entry
 .exceptions.entry.label
                0x00080020        0x0 ../KeyboardSound_bsp/\libhal_bsp.a(alt_exception_entry.o)
                0x00080020                alt_exception
 *(.exceptions.entry.user)
 *(.exceptions.entry)
 .exceptions.entry
                0x00080020       0x54 ../KeyboardSound_bsp/\libhal_bsp.a(alt_exception_entry.o)
 *(.exceptions.irqtest.user)
 *(.exceptions.irqtest)
 .exceptions.irqtest
                0x00080074       0x10 ../KeyboardSound_bsp/\libhal_bsp.a(alt_irq_entry.o)
 *(.exceptions.irqhandler.user)
 *(.exceptions.irqhandler)
 .exceptions.irqhandler
                0x00080084        0x4 ../KeyboardSound_bsp/\libhal_bsp.a(alt_irq_entry.o)
 *(.exceptions.irqreturn.user)
 *(.exceptions.irqreturn)
 .exceptions.irqreturn
                0x00080088        0x4 ../KeyboardSound_bsp/\libhal_bsp.a(alt_irq_entry.o)
 *(.exceptions.notirq.label)
 .exceptions.notirq.label
                0x0008008c        0x0 ../KeyboardSound_bsp/\libhal_bsp.a(alt_irq_entry.o)
 *(.exceptions.notirq.user)
 *(.exceptions.notirq)
 .exceptions.notirq
                0x0008008c        0x8 ../KeyboardSound_bsp/\libhal_bsp.a(alt_exception_entry.o)
 *(.exceptions.soft.user)
 *(.exceptions.soft)
 *(.exceptions.unknown.user)
 *(.exceptions.unknown)
 .exceptions.unknown
                0x00080094        0x4 ../KeyboardSound_bsp/\libhal_bsp.a(alt_exception_entry.o)
 *(.exceptions.exit.label)
 .exceptions.exit.label
                0x00080098        0x0 ../KeyboardSound_bsp/\libhal_bsp.a(alt_irq_entry.o)
 .exceptions.exit.label
                0x00080098        0x0 ../KeyboardSound_bsp/\libhal_bsp.a(alt_exception_entry.o)
 *(.exceptions.exit.user)
 *(.exceptions.exit)
 .exceptions.exit
                0x00080098       0x54 ../KeyboardSound_bsp/\libhal_bsp.a(alt_exception_entry.o)
 *(.exceptions)
 .exceptions    0x000800ec       0xcc ../KeyboardSound_bsp/\libhal_bsp.a(alt_irq_handler.o)
                0x000800ec                alt_irq_handler
                0x000801b8                PROVIDE (__ram_exceptions_end, ABSOLUTE (.))
                0x00080020                PROVIDE (__flash_exceptions_start, LOADADDR (.exceptions))

.text           0x000801b8    0x125b0
                0x000801b8                PROVIDE (stext, ABSOLUTE (.))
 *(.interp)
 *(.hash)
 *(.dynsym)
 *(.dynstr)
 *(.gnu.version)
 *(.gnu.version_d)
 *(.gnu.version_r)
 *(.rel.init)
 *(.rela.init)
 *(.rel.text .rel.text.* .rel.gnu.linkonce.t.*)
 *(.rela.text .rela.text.* .rela.gnu.linkonce.t.*)
 *(.rel.fini)
 *(.rela.fini)
 *(.rel.rodata .rel.rodata.* .rel.gnu.linkonce.r.*)
 *(.rela.rodata .rela.rodata.* .rela.gnu.linkonce.r.*)
 *(.rel.data .rel.data.* .rel.gnu.linkonce.d.*)
 *(.rela.data .rela.data.* .rela.gnu.linkonce.d.*)
 *(.rel.tdata .rel.tdata.* .rel.gnu.linkonce.td.*)
 *(.rela.tdata .rela.tdata.* .rela.gnu.linkonce.td.*)
 *(.rel.tbss .rel.tbss.* .rel.gnu.linkonce.tb.*)
 *(.rela.tbss .rela.tbss.* .rela.gnu.linkonce.tb.*)
 *(.rel.ctors)
 *(.rela.ctors)
 *(.rel.dtors)
 *(.rela.dtors)
 *(.rel.got)
 *(.rela.got)
 *(.rel.sdata .rel.sdata.* .rel.gnu.linkonce.s.*)
 *(.rela.sdata .rela.sdata.* .rela.gnu.linkonce.s.*)
 *(.rel.sbss .rel.sbss.* .rel.gnu.linkonce.sb.*)
 *(.rela.sbss .rela.sbss.* .rela.gnu.linkonce.sb.*)
 *(.rel.sdata2 .rel.sdata2.* .rel.gnu.linkonce.s2.*)
 *(.rela.sdata2 .rela.sdata2.* .rela.gnu.linkonce.s2.*)
 *(.rel.sbss2 .rel.sbss2.* .rel.gnu.linkonce.sb2.*)
 *(.rela.sbss2 .rela.sbss2.* .rela.gnu.linkonce.sb2.*)
 *(.rel.bss .rel.bss.* .rel.gnu.linkonce.b.*)
 *(.rela.bss .rela.bss.* .rela.gnu.linkonce.b.*)
 *(.rel.plt)
 *(.rela.plt)
 *(.rel.dyn)
 *(.init)
 *(.plt)
 *(.text .stub .text.* .gnu.linkonce.t.*)
 .text          0x000801b8       0x3c ../KeyboardSound_bsp//obj/HAL/src/crt0.o
                0x000801b8                _start
 .text          0x000801f4       0xe8 obj/default/HEX.o
                0x000801f4                BCDto7Seg
                0x0008029c                printBCDon7Seg
 .text          0x000802dc       0xb0 obj/default/LCD.o
                0x000802dc                writeToLCD
 .text          0x0008038c      0x544 obj/default/keyboard.o
                0x0008038c                updateKeyboardKeys
                0x000805d0                keyboardKeyToHertz
                0x000806dc                convertKeyboardToAscii
 .text          0x000808d0       0xec obj/default/keys.o
                0x000808d0                updateKeyKeys
 .text          0x000809bc      0x5a4 obj/default/master_main.o
                0x000809bc                initCodecAsMaster
                0x00080ae4                main
 .text          0x00080f60      0x16c c:/program files/altera/12.1/nios2eds/bin/gnu/h-i686-mingw32/bin/../lib/gcc/nios2-elf/4.1.2/../../../../nios2-elf/lib/mno-hw-mul\libm.a(lib_a-s_sin.o)
                0x00080f60                sin
 .text          0x000810cc      0x828 c:/program files/altera/12.1/nios2eds/bin/gnu/h-i686-mingw32/bin/../lib/gcc/nios2-elf/4.1.2/../../../../nios2-elf/lib/mno-hw-mul\libm.a(lib_a-e_rem_pio2.o)
                0x000810cc                __ieee754_rem_pio2
 .text          0x000818f4      0x52c c:/program files/altera/12.1/nios2eds/bin/gnu/h-i686-mingw32/bin/../lib/gcc/nios2-elf/4.1.2/../../../../nios2-elf/lib/mno-hw-mul\libm.a(lib_a-k_cos.o)
                0x000818f4                __kernel_cos
 .text          0x00081e20      0xe84 c:/program files/altera/12.1/nios2eds/bin/gnu/h-i686-mingw32/bin/../lib/gcc/nios2-elf/4.1.2/../../../../nios2-elf/lib/mno-hw-mul\libm.a(lib_a-k_rem_pio2.o)
                0x00081e20                __kernel_rem_pio2
 .text          0x00082ca4      0x318 c:/program files/altera/12.1/nios2eds/bin/gnu/h-i686-mingw32/bin/../lib/gcc/nios2-elf/4.1.2/../../../../nios2-elf/lib/mno-hw-mul\libm.a(lib_a-k_sin.o)
                0x00082ca4                __kernel_sin
 .text          0x00082fbc       0x18 c:/program files/altera/12.1/nios2eds/bin/gnu/h-i686-mingw32/bin/../lib/gcc/nios2-elf/4.1.2/../../../../nios2-elf/lib/mno-hw-mul\libm.a(lib_a-s_fabs.o)
                0x00082fbc                fabs
 .text          0x00082fd4      0x224 c:/program files/altera/12.1/nios2eds/bin/gnu/h-i686-mingw32/bin/../lib/gcc/nios2-elf/4.1.2/../../../../nios2-elf/lib/mno-hw-mul\libm.a(lib_a-s_floor.o)
                0x00082fd4                floor
 .text          0x000831f8      0x1e0 c:/program files/altera/12.1/nios2eds/bin/gnu/h-i686-mingw32/bin/../lib/gcc/nios2-elf/4.1.2/../../../../nios2-elf/lib/mno-hw-mul\libm.a(lib_a-s_scalbn.o)
                0x000831f8                scalbn
 .text          0x000833d8       0x24 c:/program files/altera/12.1/nios2eds/bin/gnu/h-i686-mingw32/bin/../lib/gcc/nios2-elf/4.1.2/../../../../nios2-elf/lib/mno-hw-mul\libm.a(lib_a-s_copysign.o)
                0x000833d8                copysign
 .text          0x000833fc      0x504 c:/program files/altera/12.1/nios2eds/bin/gnu/h-i686-mingw32/bin/../lib/gcc/nios2-elf/4.1.2/mno-hw-mul\libgcc.a(_addsub_df.o)
                0x0008380c                __subdf3
                0x0008388c                __adddf3
 .text          0x00083900      0x3c4 c:/program files/altera/12.1/nios2eds/bin/gnu/h-i686-mingw32/bin/../lib/gcc/nios2-elf/4.1.2/mno-hw-mul\libgcc.a(_mul_df.o)
                0x00083900                __muldf3
 .text          0x00083cc4      0x258 c:/program files/altera/12.1/nios2eds/bin/gnu/h-i686-mingw32/bin/../lib/gcc/nios2-elf/4.1.2/mno-hw-mul\libgcc.a(_div_df.o)
                0x00083cc4                __divdf3
 .text          0x00083f1c       0x88 c:/program files/altera/12.1/nios2eds/bin/gnu/h-i686-mingw32/bin/../lib/gcc/nios2-elf/4.1.2/mno-hw-mul\libgcc.a(_eq_df.o)
                0x00083f1c                __eqdf2
 .text          0x00083fa4       0x88 c:/program files/altera/12.1/nios2eds/bin/gnu/h-i686-mingw32/bin/../lib/gcc/nios2-elf/4.1.2/mno-hw-mul\libgcc.a(_gt_df.o)
                0x00083fa4                __gtdf2
 .text          0x0008402c       0x88 c:/program files/altera/12.1/nios2eds/bin/gnu/h-i686-mingw32/bin/../lib/gcc/nios2-elf/4.1.2/mno-hw-mul\libgcc.a(_ge_df.o)
                0x0008402c                __gedf2
 .text          0x000840b4       0xf8 c:/program files/altera/12.1/nios2eds/bin/gnu/h-i686-mingw32/bin/../lib/gcc/nios2-elf/4.1.2/mno-hw-mul\libgcc.a(_si_to_df.o)
                0x000840b4                __floatsidf
 .text          0x000841ac       0xd8 c:/program files/altera/12.1/nios2eds/bin/gnu/h-i686-mingw32/bin/../lib/gcc/nios2-elf/4.1.2/mno-hw-mul\libgcc.a(_df_to_si.o)
                0x000841ac                __fixdfsi
 .text          0x00084284        0x0 c:/program files/altera/12.1/nios2eds/bin/gnu/h-i686-mingw32/bin/../lib/gcc/nios2-elf/4.1.2/mno-hw-mul\libgcc.a(_thenan_df.o)
 .text          0x00084284      0x14c c:/program files/altera/12.1/nios2eds/bin/gnu/h-i686-mingw32/bin/../lib/gcc/nios2-elf/4.1.2/mno-hw-mul\libgcc.a(lib2-divmod.o)
                0x00084300                __divsi3
                0x00084360                __modsi3
                0x000843c0                __udivsi3
                0x000843c8                __umodsi3
 .text          0x000843d0       0x38 c:/program files/altera/12.1/nios2eds/bin/gnu/h-i686-mingw32/bin/../lib/gcc/nios2-elf/4.1.2/mno-hw-mul\libgcc.a(lib2-mul.o)
                0x000843d0                __mulsi3
 .text          0x00084408      0x124 c:/program files/altera/12.1/nios2eds/bin/gnu/h-i686-mingw32/bin/../lib/gcc/nios2-elf/4.1.2/mno-hw-mul\libgcc.a(_muldi3.o)
                0x00084408                __muldi3
 .text          0x0008452c       0x80 c:/program files/altera/12.1/nios2eds/bin/gnu/h-i686-mingw32/bin/../lib/gcc/nios2-elf/4.1.2/mno-hw-mul\libgcc.a(_clzsi2.o)
                0x0008452c                __clzsi2
 .text          0x000845ac      0x314 c:/program files/altera/12.1/nios2eds/bin/gnu/h-i686-mingw32/bin/../lib/gcc/nios2-elf/4.1.2/mno-hw-mul\libgcc.a(_pack_df.o)
                0x000845ac                __pack_d
 .text          0x000848c0      0x138 c:/program files/altera/12.1/nios2eds/bin/gnu/h-i686-mingw32/bin/../lib/gcc/nios2-elf/4.1.2/mno-hw-mul\libgcc.a(_unpack_df.o)
                0x000848c0                __unpack_d
 .text          0x000849f8       0xc8 c:/program files/altera/12.1/nios2eds/bin/gnu/h-i686-mingw32/bin/../lib/gcc/nios2-elf/4.1.2/mno-hw-mul\libgcc.a(_fpcmp_parts_df.o)
                0x000849f8                __fpcmp_parts_d
 .text          0x00084ac0        0x0 c:/program files/altera/12.1/nios2eds/bin/gnu/h-i686-mingw32/bin/../lib/gcc/nios2-elf/4.1.2/mno-hw-mul\libgcc.a(_clz.o)
 .text          0x00084ac0      0x124 c:/program files/altera/12.1/nios2eds/bin/gnu/h-i686-mingw32/bin/../lib/gcc/nios2-elf/4.1.2/../../../../nios2-elf/lib/mno-hw-mul\libc.a(lib_a-fclose.o)
                0x00084ac0                _fclose_r
                0x00084bd0                fclose
 .text          0x00084be4      0x230 c:/program files/altera/12.1/nios2eds/bin/gnu/h-i686-mingw32/bin/../lib/gcc/nios2-elf/4.1.2/../../../../nios2-elf/lib/mno-hw-mul\libc.a(lib_a-fflush.o)
                0x00084be4                _fflush_r
                0x00084de0                fflush
 .text          0x00084e14      0x2f4 c:/program files/altera/12.1/nios2eds/bin/gnu/h-i686-mingw32/bin/../lib/gcc/nios2-elf/4.1.2/../../../../nios2-elf/lib/mno-hw-mul\libc.a(lib_a-findfp.o)
                0x00084e6c                __sfp_lock_acquire
                0x00084e70                __sfp_lock_release
                0x00084e74                __sinit_lock_acquire
                0x00084e78                __sinit_lock_release
                0x00084e7c                __sinit
                0x00084f30                __fp_unlock_all
                0x00084f48                __fp_lock_all
                0x00084f60                _cleanup_r
                0x00084f6c                _cleanup
                0x00084f7c                __sfmoreglue
                0x00085018                __sfp
 .text          0x00085108      0x110 c:/program files/altera/12.1/nios2eds/bin/gnu/h-i686-mingw32/bin/../lib/gcc/nios2-elf/4.1.2/../../../../nios2-elf/lib/mno-hw-mul\libc.a(lib_a-fopen.o)
                0x00085108                _fopen_r
                0x000851fc                fopen
 .text          0x00085218       0x60 c:/program files/altera/12.1/nios2eds/bin/gnu/h-i686-mingw32/bin/../lib/gcc/nios2-elf/4.1.2/../../../../nios2-elf/lib/mno-hw-mul\libc.a(lib_a-fprintf.o)
                0x00085218                fprintf
                0x00085244                _fprintf_r
 .text          0x00085278      0x440 c:/program files/altera/12.1/nios2eds/bin/gnu/h-i686-mingw32/bin/../lib/gcc/nios2-elf/4.1.2/../../../../nios2-elf/lib/mno-hw-mul\libc.a(lib_a-freer.o)
                0x00085278                _malloc_trim_r
                0x000853a4                _free_r
 .text          0x000856b8      0x460 c:/program files/altera/12.1/nios2eds/bin/gnu/h-i686-mingw32/bin/../lib/gcc/nios2-elf/4.1.2/../../../../nios2-elf/lib/mno-hw-mul\libc.a(lib_a-fseek.o)
                0x000856b8                _fseek_r
                0x00085af4                fseek
 .text          0x00085b18       0x74 c:/program files/altera/12.1/nios2eds/bin/gnu/h-i686-mingw32/bin/../lib/gcc/nios2-elf/4.1.2/../../../../nios2-elf/lib/mno-hw-mul\libc.a(lib_a-fstatr.o)
                0x00085b18                _fstat_r
 .text          0x00085b8c      0x180 c:/program files/altera/12.1/nios2eds/bin/gnu/h-i686-mingw32/bin/../lib/gcc/nios2-elf/4.1.2/../../../../nios2-elf/lib/mno-hw-mul\libc.a(lib_a-fwalk.o)
                0x00085b8c                _fwalk_reent
                0x00085c54                _fwalk
 .text          0x00085d0c       0xec c:/program files/altera/12.1/nios2eds/bin/gnu/h-i686-mingw32/bin/../lib/gcc/nios2-elf/4.1.2/../../../../nios2-elf/lib/mno-hw-mul\libc.a(lib_a-fwrite.o)
                0x00085d0c                _fwrite_r
                0x00085db8                fwrite
 .text          0x00085df8        0x0 c:/program files/altera/12.1/nios2eds/bin/gnu/h-i686-mingw32/bin/../lib/gcc/nios2-elf/4.1.2/../../../../nios2-elf/lib/mno-hw-mul\libc.a(lib_a-impure.o)
 .text          0x00085df8        0x0 c:/program files/altera/12.1/nios2eds/bin/gnu/h-i686-mingw32/bin/../lib/gcc/nios2-elf/4.1.2/../../../../nios2-elf/lib/mno-hw-mul\libc.a(lib_a-int_errno.o)
 .text          0x00085df8      0x194 c:/program files/altera/12.1/nios2eds/bin/gnu/h-i686-mingw32/bin/../lib/gcc/nios2-elf/4.1.2/../../../../nios2-elf/lib/mno-hw-mul\libc.a(lib_a-makebuf.o)
                0x00085df8                __smakebuf_r
 .text          0x00085f8c      0x740 c:/program files/altera/12.1/nios2eds/bin/gnu/h-i686-mingw32/bin/../lib/gcc/nios2-elf/4.1.2/../../../../nios2-elf/lib/mno-hw-mul\libc.a(lib_a-mallocr.o)
                0x00085f8c                _malloc_r
 .text          0x000866cc       0x98 c:/program files/altera/12.1/nios2eds/bin/gnu/h-i686-mingw32/bin/../lib/gcc/nios2-elf/4.1.2/../../../../nios2-elf/lib/mno-hw-mul\libc.a(lib_a-memset.o)
                0x000866cc                memset
 .text          0x00086764       0x78 c:/program files/altera/12.1/nios2eds/bin/gnu/h-i686-mingw32/bin/../lib/gcc/nios2-elf/4.1.2/../../../../nios2-elf/lib/mno-hw-mul\libc.a(lib_a-openr.o)
                0x00086764                _open_r
 .text          0x000867dc       0x78 c:/program files/altera/12.1/nios2eds/bin/gnu/h-i686-mingw32/bin/../lib/gcc/nios2-elf/4.1.2/../../../../nios2-elf/lib/mno-hw-mul\libc.a(lib_a-printf.o)
                0x000867dc                printf
                0x00086820                _printf_r
 .text          0x00086854       0xb4 c:/program files/altera/12.1/nios2eds/bin/gnu/h-i686-mingw32/bin/../lib/gcc/nios2-elf/4.1.2/../../../../nios2-elf/lib/mno-hw-mul\libc.a(lib_a-puts.o)
                0x00086854                _puts_r
                0x000868f4                puts
 .text          0x00086908      0x1e0 c:/program files/altera/12.1/nios2eds/bin/gnu/h-i686-mingw32/bin/../lib/gcc/nios2-elf/4.1.2/../../../../nios2-elf/lib/mno-hw-mul\libc.a(lib_a-refill.o)
                0x00086908                __srefill_r
 .text          0x00086ae8       0x70 c:/program files/altera/12.1/nios2eds/bin/gnu/h-i686-mingw32/bin/../lib/gcc/nios2-elf/4.1.2/../../../../nios2-elf/lib/mno-hw-mul\libc.a(lib_a-sbrkr.o)
                0x00086ae8                _sbrk_r
 .text          0x00086b58      0x14c c:/program files/altera/12.1/nios2eds/bin/gnu/h-i686-mingw32/bin/../lib/gcc/nios2-elf/4.1.2/../../../../nios2-elf/lib/mno-hw-mul\libc.a(lib_a-stdio.o)
                0x00086b58                __sclose
                0x00086b60                __sseek
                0x00086bc8                __swrite
                0x00086c44                __sread
 .text          0x00086ca4       0x74 c:/program files/altera/12.1/nios2eds/bin/gnu/h-i686-mingw32/bin/../lib/gcc/nios2-elf/4.1.2/../../../../nios2-elf/lib/mno-hw-mul\libc.a(lib_a-strlen.o)
                0x00086ca4                strlen
 .text          0x00086d18     0x1f40 c:/program files/altera/12.1/nios2eds/bin/gnu/h-i686-mingw32/bin/../lib/gcc/nios2-elf/4.1.2/../../../../nios2-elf/lib/mno-hw-mul\libc.a(lib_a-vfprintf.o)
                0x00086d70                ___vfprintf_internal_r
                0x00088c34                __vfprintf_internal
 .text          0x00088c58       0x78 c:/program files/altera/12.1/nios2eds/bin/gnu/h-i686-mingw32/bin/../lib/gcc/nios2-elf/4.1.2/../../../../nios2-elf/lib/mno-hw-mul\libc.a(lib_a-writer.o)
                0x00088c58                _write_r
 .text          0x00088cd0      0x13c c:/program files/altera/12.1/nios2eds/bin/gnu/h-i686-mingw32/bin/../lib/gcc/nios2-elf/4.1.2/../../../../nios2-elf/lib/mno-hw-mul\libc.a(lib_a-wsetup.o)
                0x00088cd0                __swsetup_r
 .text          0x00088e0c       0x70 c:/program files/altera/12.1/nios2eds/bin/gnu/h-i686-mingw32/bin/../lib/gcc/nios2-elf/4.1.2/../../../../nios2-elf/lib/mno-hw-mul\libc.a(lib_a-closer.o)
                0x00088e0c                _close_r
 .text          0x00088e7c     0x17f8 c:/program files/altera/12.1/nios2eds/bin/gnu/h-i686-mingw32/bin/../lib/gcc/nios2-elf/4.1.2/../../../../nios2-elf/lib/mno-hw-mul\libc.a(lib_a-dtoa.o)
                0x000890c0                _dtoa_r
 .text          0x0008a674       0xa0 c:/program files/altera/12.1/nios2eds/bin/gnu/h-i686-mingw32/bin/../lib/gcc/nios2-elf/4.1.2/../../../../nios2-elf/lib/mno-hw-mul\libc.a(lib_a-flags.o)
                0x0008a674                __sflags
 .text          0x0008a714      0x49c c:/program files/altera/12.1/nios2eds/bin/gnu/h-i686-mingw32/bin/../lib/gcc/nios2-elf/4.1.2/../../../../nios2-elf/lib/mno-hw-mul\libc.a(lib_a-fvwrite.o)
                0x0008a714                __sfvwrite_r
 .text          0x0008abb0       0x70 c:/program files/altera/12.1/nios2eds/bin/gnu/h-i686-mingw32/bin/../lib/gcc/nios2-elf/4.1.2/../../../../nios2-elf/lib/mno-hw-mul\libc.a(lib_a-isattyr.o)
                0x0008abb0                _isatty_r
 .text          0x0008ac20       0xc4 c:/program files/altera/12.1/nios2eds/bin/gnu/h-i686-mingw32/bin/../lib/gcc/nios2-elf/4.1.2/../../../../nios2-elf/lib/mno-hw-mul\libc.a(lib_a-locale.o)
                0x0008ac20                __locale_charset
                0x0008ac28                _localeconv_r
                0x0008ac34                localeconv
                0x0008ac44                _setlocale_r
                0x0008acc8                setlocale
 .text          0x0008ace4       0x78 c:/program files/altera/12.1/nios2eds/bin/gnu/h-i686-mingw32/bin/../lib/gcc/nios2-elf/4.1.2/../../../../nios2-elf/lib/mno-hw-mul\libc.a(lib_a-lseekr.o)
                0x0008ace4                _lseek_r
 .text          0x0008ad5c       0xe4 c:/program files/altera/12.1/nios2eds/bin/gnu/h-i686-mingw32/bin/../lib/gcc/nios2-elf/4.1.2/../../../../nios2-elf/lib/mno-hw-mul\libc.a(lib_a-memchr.o)
                0x0008ad5c                memchr
 .text          0x0008ae40       0xa0 c:/program files/altera/12.1/nios2eds/bin/gnu/h-i686-mingw32/bin/../lib/gcc/nios2-elf/4.1.2/../../../../nios2-elf/lib/mno-hw-mul\libc.a(lib_a-memcpy.o)
                0x0008ae40                memcpy
 .text          0x0008aee0       0xe0 c:/program files/altera/12.1/nios2eds/bin/gnu/h-i686-mingw32/bin/../lib/gcc/nios2-elf/4.1.2/../../../../nios2-elf/lib/mno-hw-mul\libc.a(lib_a-memmove.o)
                0x0008aee0                memmove
 .text          0x0008afc0     0x108c c:/program files/altera/12.1/nios2eds/bin/gnu/h-i686-mingw32/bin/../lib/gcc/nios2-elf/4.1.2/../../../../nios2-elf/lib/mno-hw-mul\libc.a(lib_a-mprec.o)
                0x0008afc0                _Bfree
                0x0008afe8                __hi0bits
                0x0008b058                __lo0bits
                0x0008b11c                __mcmp
                0x0008b17c                __ulp
                0x0008b1fc                __b2d
                0x0008b31c                __ratio
                0x0008b3cc                _mprec_log10
                0x0008b460                __copybits
                0x0008b4b8                __any_on
                0x0008b540                _Balloc
                0x0008b5fc                __d2b
                0x0008b778                __mdiff
                0x0008b904                __lshift
                0x0008ba50                __multiply
                0x0008bca4                __i2b
                0x0008bce0                __multadd
                0x0008be0c                __pow5mult
                0x0008bf2c                __s2b
 .text          0x0008c04c       0x78 c:/program files/altera/12.1/nios2eds/bin/gnu/h-i686-mingw32/bin/../lib/gcc/nios2-elf/4.1.2/../../../../nios2-elf/lib/mno-hw-mul\libc.a(lib_a-readr.o)
                0x0008c04c                _read_r
 .text          0x0008c0c4      0x5f4 c:/program files/altera/12.1/nios2eds/bin/gnu/h-i686-mingw32/bin/../lib/gcc/nios2-elf/4.1.2/../../../../nios2-elf/lib/mno-hw-mul\libc.a(lib_a-reallocr.o)
                0x0008c0c4                _realloc_r
 .text          0x0008c6b8       0x40 c:/program files/altera/12.1/nios2eds/bin/gnu/h-i686-mingw32/bin/../lib/gcc/nios2-elf/4.1.2/../../../../nios2-elf/lib/mno-hw-mul\libc.a(lib_a-s_isinfd.o)
                0x0008c6b8                __isinfd
 .text          0x0008c6f8       0x30 c:/program files/altera/12.1/nios2eds/bin/gnu/h-i686-mingw32/bin/../lib/gcc/nios2-elf/4.1.2/../../../../nios2-elf/lib/mno-hw-mul\libc.a(lib_a-s_isnand.o)
                0x0008c6f8                __isnand
 .text          0x0008c728       0xbc c:/program files/altera/12.1/nios2eds/bin/gnu/h-i686-mingw32/bin/../lib/gcc/nios2-elf/4.1.2/../../../../nios2-elf/lib/mno-hw-mul\libc.a(lib_a-strcmp.o)
                0x0008c728                strcmp
 .text          0x0008c7e4       0xc8 c:/program files/altera/12.1/nios2eds/bin/gnu/h-i686-mingw32/bin/../lib/gcc/nios2-elf/4.1.2/../../../../nios2-elf/lib/mno-hw-mul\libc.a(lib_a-callocr.o)
                0x0008c7e4                _calloc_r
 .text          0x0008c8ac      0x66c c:/program files/altera/12.1/nios2eds/bin/gnu/h-i686-mingw32/bin/../lib/gcc/nios2-elf/4.1.2/mno-hw-mul\libgcc.a(_udivdi3.o)
                0x0008c8ac                __udivdi3
 .text          0x0008cf18      0x660 c:/program files/altera/12.1/nios2eds/bin/gnu/h-i686-mingw32/bin/../lib/gcc/nios2-elf/4.1.2/mno-hw-mul\libgcc.a(_umoddi3.o)
                0x0008cf18                __umoddi3
 .text          0x0008d578       0x88 c:/program files/altera/12.1/nios2eds/bin/gnu/h-i686-mingw32/bin/../lib/gcc/nios2-elf/4.1.2/mno-hw-mul\libgcc.a(_ne_df.o)
                0x0008d578                __nedf2
 .text          0x0008d600       0x88 c:/program files/altera/12.1/nios2eds/bin/gnu/h-i686-mingw32/bin/../lib/gcc/nios2-elf/4.1.2/mno-hw-mul\libgcc.a(_lt_df.o)
                0x0008d600                __ltdf2
 .text          0x0008d688      0x194 c:/program files/altera/12.1/nios2eds/bin/gnu/h-i686-mingw32/bin/../lib/gcc/nios2-elf/4.1.2/mno-hw-mul\libgcc.a(_usi_to_df.o)
                0x0008d688                __floatunsidf
 .text          0x0008d81c      0x160 ../KeyboardSound_bsp/\libhal_bsp.a(alt_close.o)
                0x0008d81c                close
 .text          0x0008d97c       0x2c ../KeyboardSound_bsp/\libhal_bsp.a(alt_dev.o)
 .text          0x0008d9a8        0x0 ../KeyboardSound_bsp/\libhal_bsp.a(alt_errno.o)
 .text          0x0008d9a8      0x138 ../KeyboardSound_bsp/\libhal_bsp.a(alt_fstat.o)
                0x0008d9a8                fstat
 .text          0x0008dae0      0x124 ../KeyboardSound_bsp/\libhal_bsp.a(alt_isatty.o)
                0x0008dae0                isatty
 .text          0x0008dc04       0xec ../KeyboardSound_bsp/\libhal_bsp.a(alt_load.o)
                0x0008dc04                alt_load
 .text          0x0008dcf0      0x154 ../KeyboardSound_bsp/\libhal_bsp.a(alt_lseek.o)
                0x0008dcf0                lseek
 .text          0x0008de44       0x6c ../KeyboardSound_bsp/\libhal_bsp.a(alt_main.o)
                0x0008de44                alt_main
 .text          0x0008deb0       0x40 ../KeyboardSound_bsp/\libhal_bsp.a(alt_malloc_lock.o)
                0x0008deb0                __malloc_lock
                0x0008ded0                __malloc_unlock
 .text          0x0008def0      0x2e4 ../KeyboardSound_bsp/\libhal_bsp.a(alt_open.o)
                0x0008dfe8                open
 .text          0x0008e1d4      0x258 ../KeyboardSound_bsp/\libhal_bsp.a(alt_printf.o)
                0x0008e1d4                alt_printf
 .text          0x0008e42c       0x40 ../KeyboardSound_bsp/\libhal_bsp.a(alt_putchar.o)
                0x0008e42c                alt_putchar
 .text          0x0008e46c      0x184 ../KeyboardSound_bsp/\libhal_bsp.a(alt_read.o)
                0x0008e46c                read
 .text          0x0008e5f0       0x78 ../KeyboardSound_bsp/\libhal_bsp.a(alt_release_fd.o)
                0x0008e5f0                alt_release_fd
 .text          0x0008e668       0xbc ../KeyboardSound_bsp/\libhal_bsp.a(alt_sbrk.o)
                0x0008e668                sbrk
 .text          0x0008e724      0x184 ../KeyboardSound_bsp/\libhal_bsp.a(alt_write.o)
                0x0008e724                write
 .text          0x0008e8a8      0x12c ../KeyboardSound_bsp/\libhal_bsp.a(alt_sys_init.o)
                0x0008e8a8                alt_irq_init
                0x0008e8dc                alt_sys_init
 .text          0x0008e9d4      0x148 ../KeyboardSound_bsp/\libhal_bsp.a(altera_avalon_jtag_uart_fd.o)
                0x0008e9d4                altera_avalon_jtag_uart_read_fd
                0x0008ea2c                altera_avalon_jtag_uart_write_fd
                0x0008ea84                altera_avalon_jtag_uart_close_fd
                0x0008eacc                altera_avalon_jtag_uart_ioctl_fd
 .text          0x0008eb1c      0x408 ../KeyboardSound_bsp/\libhal_bsp.a(altera_avalon_jtag_uart_init.o)
                0x0008eb1c                altera_avalon_jtag_uart_init
                0x0008eeb0                altera_avalon_jtag_uart_close
 .text          0x0008ef24       0xf4 ../KeyboardSound_bsp/\libhal_bsp.a(altera_avalon_jtag_uart_ioctl.o)
                0x0008ef24                altera_avalon_jtag_uart_ioctl
 .text          0x0008f018      0x224 ../KeyboardSound_bsp/\libhal_bsp.a(altera_avalon_jtag_uart_read.o)
                0x0008f018                altera_avalon_jtag_uart_read
 .text          0x0008f23c      0x240 ../KeyboardSound_bsp/\libhal_bsp.a(altera_avalon_jtag_uart_write.o)
                0x0008f23c                altera_avalon_jtag_uart_write
 .text          0x0008f47c      0xf80 ../KeyboardSound_bsp/\libhal_bsp.a(altera_avalon_lcd_16207.o)
                0x0008fcb8                altera_avalon_lcd_16207_write
                0x000902c0                altera_avalon_lcd_16207_init
 .text          0x000903fc       0x58 ../KeyboardSound_bsp/\libhal_bsp.a(altera_avalon_lcd_16207_fd.o)
                0x000903fc                altera_avalon_lcd_16207_write_fd
 .text          0x00090454       0xfc ../KeyboardSound_bsp/\libhal_bsp.a(altera_avalon_timer_sc.o)
                0x000904c8                alt_avalon_timer_sc_init
 .text          0x00090550        0x0 ../KeyboardSound_bsp/\libhal_bsp.a(altera_avalon_timer_vars.o)
 .text          0x00090550      0x788 ../KeyboardSound_bsp/\libhal_bsp.a(altera_up_avalon_audio_and_video_config.o)
                0x00090550                alt_up_av_config_open_dev
                0x000905b4                alt_up_av_config_write_data
                0x00090618                alt_up_av_config_read_data
                0x000906a4                alt_up_av_config_reset
                0x000906dc                alt_up_av_config_enable_interrupt
                0x00090714                alt_up_av_config_disable_interrupt
                0x00090744                alt_up_av_config_read_acknowledge
                0x000907ac                alt_up_av_config_read_ready
                0x000907e4                alt_up_av_config_write_audio_cfg_register
                0x00090890                alt_up_av_config_read_video_cfg_register
                0x00090988                alt_up_av_config_write_video_cfg_register
                0x00090a80                alt_up_av_config_read_DC2_cfg_register
                0x00090ae4                alt_up_av_config_write_DC2_cfg_register
                0x00090b48                alt_up_av_config_read_D5M_cfg_register
                0x00090bac                alt_up_av_config_write_D5M_cfg_register
                0x00090c10                alt_up_av_config_read_LTM_cfg_register
                0x00090c74                alt_up_av_config_write_LTM_cfg_register
 .text          0x00090cd8      0x700 ../KeyboardSound_bsp/\libhal_bsp.a(altera_up_avalon_ps2.o)
                0x00090cd8                read_RI_bit
                0x00090d0c                read_RE_bit
                0x00090d3c                read_CE_bit
                0x00090d70                read_num_bytes_available
                0x00090da4                read_data_valid
                0x00090dd8                read_data_byte
                0x00090e04                alt_up_ps2_init
                0x00090ed0                alt_up_ps2_enable_read_interrupt
                0x00090f24                alt_up_ps2_disable_read_interrupt
                0x00090f7c                alt_up_ps2_write_data_byte
                0x00090ff4                alt_up_ps2_wait_for_ack
                0x00091064                alt_up_ps2_write_data_byte_with_ack
                0x000910d0                alt_up_ps2_read_data_byte_timeout
                0x00091180                alt_up_ps2_read_data_byte
                0x000911fc                alt_up_ps2_clear_fifo
                0x00091254                alt_up_ps2_read_fd
                0x000912f0                alt_up_ps2_write_fd
                0x00091398                alt_up_ps2_open_dev
 .text          0x000913d8      0x154 ../KeyboardSound_bsp/\libhal_bsp.a(alt_alarm_start.o)
                0x000913d8                alt_alarm_start
 .text          0x0009152c       0x1c ../KeyboardSound_bsp/\libhal_bsp.a(alt_dcache_flush_all.o)
                0x0009152c                alt_dcache_flush_all
 .text          0x00091548      0x114 ../KeyboardSound_bsp/\libhal_bsp.a(alt_dev_llist_insert.o)
                0x00091548                alt_dev_llist_insert
 .text          0x0009165c       0x64 ../KeyboardSound_bsp/\libhal_bsp.a(alt_do_ctors.o)
                0x0009165c                _do_ctors
 .text          0x000916c0       0x64 ../KeyboardSound_bsp/\libhal_bsp.a(alt_do_dtors.o)
                0x000916c0                _do_dtors
 .text          0x00091724       0x94 ../KeyboardSound_bsp/\libhal_bsp.a(alt_find_dev.o)
                0x00091724                alt_find_dev
 .text          0x000917b8      0x120 ../KeyboardSound_bsp/\libhal_bsp.a(alt_find_file.o)
                0x000917b8                alt_find_file
 .text          0x000918d8       0xd0 ../KeyboardSound_bsp/\libhal_bsp.a(alt_get_fd.o)
                0x000918d8                alt_get_fd
 .text          0x000919a8       0x1c ../KeyboardSound_bsp/\libhal_bsp.a(alt_icache_flush_all.o)
                0x000919a8                alt_icache_flush_all
 .text          0x000919c4      0x150 ../KeyboardSound_bsp/\libhal_bsp.a(alt_io_redirect.o)
                0x00091a9c                alt_io_redirect
 .text          0x00091b14      0x1c0 ../KeyboardSound_bsp/\libhal_bsp.a(alt_irq_register.o)
                0x00091b14                alt_irq_register
 .text          0x00091cd4        0x0 ../KeyboardSound_bsp/\libhal_bsp.a(alt_irq_vars.o)
 .text          0x00091cd4      0x1a4 ../KeyboardSound_bsp/\libhal_bsp.a(alt_tick.o)
                0x00091cd4                alt_alarm_stop
                0x00091d6c                alt_tick
 .text          0x00091e78       0x30 ../KeyboardSound_bsp/\libhal_bsp.a(alt_usleep.o)
                0x00091e78                usleep
 .text          0x00091ea8       0x20 ../KeyboardSound_bsp/\libhal_bsp.a(altera_nios2_irq.o)
                0x00091ea8                altera_nios2_irq_init
 .text          0x00091ec8      0x15c ../KeyboardSound_bsp/\libhal_bsp.a(alt_busy_sleep.o)
                0x00091ec8                alt_busy_sleep
 .text          0x00092024        0x0 ../KeyboardSound_bsp/\libhal_bsp.a(alt_irq_entry.o)
 .text          0x00092024        0x0 ../KeyboardSound_bsp/\libhal_bsp.a(alt_irq_handler.o)
 .text          0x00092024        0x0 ../KeyboardSound_bsp/\libhal_bsp.a(alt_exception_entry.o)
 .text          0x00092024       0x14 c:/program files/altera/12.1/nios2eds/bin/gnu/h-i686-mingw32/bin/../lib/gcc/nios2-elf/4.1.2/../../../../nios2-elf/lib/mno-hw-mul\libc.a(lib_a-atexit.o)
                0x00092024                atexit
 .text          0x00092038        0x0 c:/program files/altera/12.1/nios2eds/bin/gnu/h-i686-mingw32/bin/../lib/gcc/nios2-elf/4.1.2/../../../../nios2-elf/lib/mno-hw-mul\libc.a(lib_a-ctype_.o)
 .text          0x00092038       0x38 c:/program files/altera/12.1/nios2eds/bin/gnu/h-i686-mingw32/bin/../lib/gcc/nios2-elf/4.1.2/../../../../nios2-elf/lib/mno-hw-mul\libc.a(lib_a-exit.o)
                0x00092038                exit
 .text          0x00092070       0x74 c:/program files/altera/12.1/nios2eds/bin/gnu/h-i686-mingw32/bin/../lib/gcc/nios2-elf/4.1.2/../../../../nios2-elf/lib/mno-hw-mul\libc.a(lib_a-memcmp.o)
                0x00092070                memcmp
 .text          0x000920e4      0x1ec c:/program files/altera/12.1/nios2eds/bin/gnu/h-i686-mingw32/bin/../lib/gcc/nios2-elf/4.1.2/../../../../nios2-elf/lib/mno-hw-mul\libc.a(lib_a-putc.o)
                0x000920e4                putc
                0x000921e8                _putc_r
 .text          0x000922d0      0x14c c:/program files/altera/12.1/nios2eds/bin/gnu/h-i686-mingw32/bin/../lib/gcc/nios2-elf/4.1.2/../../../../nios2-elf/lib/mno-hw-mul\libc.a(lib_a-wbuf.o)
                0x000922d0                __swbuf_r
                0x00092400                __swbuf
 .text          0x0009241c      0x134 c:/program files/altera/12.1/nios2eds/bin/gnu/h-i686-mingw32/bin/../lib/gcc/nios2-elf/4.1.2/../../../../nios2-elf/lib/mno-hw-mul\libc.a(lib_a-__atexit.o)
                0x0009241c                __register_exitproc
 .text          0x00092550      0x1b4 c:/program files/altera/12.1/nios2eds/bin/gnu/h-i686-mingw32/bin/../lib/gcc/nios2-elf/4.1.2/../../../../nios2-elf/lib/mno-hw-mul\libc.a(lib_a-__call_atexit.o)
                0x00092554                __call_exitprocs
 .text          0x00092704       0x60 ../KeyboardSound_bsp/\libhal_bsp.a(alt_exit.o)
                0x00092744                _exit
 *(.gnu.warning.*)
 *(.fini)
                0x00092764                PROVIDE (__etext, ABSOLUTE (.))
                0x00092764                PROVIDE (_etext, ABSOLUTE (.))
                0x00092764                PROVIDE (etext, ABSOLUTE (.))
 *(.eh_frame_hdr)
                0x00092764                . = ALIGN (0x4)
                0x00092764                PROVIDE (__preinit_array_start, ABSOLUTE (.))
 *(.preinit_array)
                0x00092764                PROVIDE (__preinit_array_end, ABSOLUTE (.))
                0x00092764                PROVIDE (__init_array_start, ABSOLUTE (.))
 *(.init_array)
                0x00092764                PROVIDE (__init_array_end, ABSOLUTE (.))
                0x00092764                PROVIDE (__fini_array_start, ABSOLUTE (.))
 *(.fini_array)
                0x00092764                PROVIDE (__fini_array_end, ABSOLUTE (.))
 *(.eh_frame)
 *(.gcc_except_table)
 *(.dynamic)
                0x00092764                PROVIDE (__CTOR_LIST__, ABSOLUTE (.))
 *(.ctors)
 *(SORT(.ctors.*))
 .ctors.65535   0x00092764        0x4 c:/program files/altera/12.1/nios2eds/bin/gnu/h-i686-mingw32/bin/../lib/gcc/nios2-elf/4.1.2/../../../../nios2-elf/lib/mno-hw-mul\libc.a(lib_a-__call_atexit.o)
                0x00092768                PROVIDE (__CTOR_END__, ABSOLUTE (.))
                0x00092768                PROVIDE (__DTOR_LIST__, ABSOLUTE (.))
 *(.dtors)
 *(SORT(.dtors.*))
                0x00092768                PROVIDE (__DTOR_END__, ABSOLUTE (.))
 *(.jcr)
                0x00092768                . = ALIGN (0x4)

.rodata         0x00092768      0x9a8
                0x00092768                PROVIDE (__ram_rodata_start, ABSOLUTE (.))
                0x00092768                . = ALIGN (0x4)
 *(.rodata .rodata.* .gnu.linkonce.r.*)
 .rodata        0x00092768       0x50 obj/default/LCD.o
 .rodata        0x000927b8      0x17c obj/default/master_main.o
 .rodata        0x00092934      0x188 c:/program files/altera/12.1/nios2eds/bin/gnu/h-i686-mingw32/bin/../lib/gcc/nios2-elf/4.1.2/../../../../nios2-elf/lib/mno-hw-mul\libm.a(lib_a-e_rem_pio2.o)
 .rodata        0x00092abc       0x50 c:/program files/altera/12.1/nios2eds/bin/gnu/h-i686-mingw32/bin/../lib/gcc/nios2-elf/4.1.2/../../../../nios2-elf/lib/mno-hw-mul\libm.a(lib_a-k_rem_pio2.o)
 .rodata        0x00092b0c       0x14 c:/program files/altera/12.1/nios2eds/bin/gnu/h-i686-mingw32/bin/../lib/gcc/nios2-elf/4.1.2/mno-hw-mul\libgcc.a(_thenan_df.o)
                0x00092b0c                __thenan_df
 .rodata        0x00092b20      0x100 c:/program files/altera/12.1/nios2eds/bin/gnu/h-i686-mingw32/bin/../lib/gcc/nios2-elf/4.1.2/mno-hw-mul\libgcc.a(_clz.o)
                0x00092b20                __clz_tab
 .rodata.str1.4
                0x00092c20        0x2 c:/program files/altera/12.1/nios2eds/bin/gnu/h-i686-mingw32/bin/../lib/gcc/nios2-elf/4.1.2/../../../../nios2-elf/lib/mno-hw-mul\libc.a(lib_a-impure.o)
                                  0x4 (size before relaxing)
 *fill*         0x00092c22        0x2 00
 .rodata.str1.4
                0x00092c24        0x2 c:/program files/altera/12.1/nios2eds/bin/gnu/h-i686-mingw32/bin/../lib/gcc/nios2-elf/4.1.2/../../../../nios2-elf/lib/mno-hw-mul\libc.a(lib_a-puts.o)
                                  0x4 (size before relaxing)
 *fill*         0x00092c26        0x2 00
 .rodata.str1.4
                0x00092c28       0x5e c:/program files/altera/12.1/nios2eds/bin/gnu/h-i686-mingw32/bin/../lib/gcc/nios2-elf/4.1.2/../../../../nios2-elf/lib/mno-hw-mul\libc.a(lib_a-vfprintf.o)
                                 0x60 (size before relaxing)
 .rodata        0x00092c86       0x20 c:/program files/altera/12.1/nios2eds/bin/gnu/h-i686-mingw32/bin/../lib/gcc/nios2-elf/4.1.2/../../../../nios2-elf/lib/mno-hw-mul\libc.a(lib_a-vfprintf.o)
 *fill*         0x00092ca6        0x2 00
 .rodata.str1.4
                0x00092ca8       0x10 c:/program files/altera/12.1/nios2eds/bin/gnu/h-i686-mingw32/bin/../lib/gcc/nios2-elf/4.1.2/../../../../nios2-elf/lib/mno-hw-mul\libc.a(lib_a-dtoa.o)
                                 0x14 (size before relaxing)
 .rodata.str1.4
                0x00092cb8       0x10 c:/program files/altera/12.1/nios2eds/bin/gnu/h-i686-mingw32/bin/../lib/gcc/nios2-elf/4.1.2/../../../../nios2-elf/lib/mno-hw-mul\libc.a(lib_a-locale.o)
                                 0x18 (size before relaxing)
 .rodata        0x00092cc8       0x30 c:/program files/altera/12.1/nios2eds/bin/gnu/h-i686-mingw32/bin/../lib/gcc/nios2-elf/4.1.2/../../../../nios2-elf/lib/mno-hw-mul\libc.a(lib_a-locale.o)
 .rodata        0x00092cf8      0x124 c:/program files/altera/12.1/nios2eds/bin/gnu/h-i686-mingw32/bin/../lib/gcc/nios2-elf/4.1.2/../../../../nios2-elf/lib/mno-hw-mul\libc.a(lib_a-mprec.o)
                0x00092cf8                __mprec_tens
                0x00092dc0                __mprec_bigtens
                0x00092de8                __mprec_tinytens
 .rodata        0x00092e1c        0xc ../KeyboardSound_bsp/\libhal_bsp.a(alt_dev.o)
 .rodata        0x00092e28       0x14 ../KeyboardSound_bsp/\libhal_bsp.a(alt_main.o)
 .rodata        0x00092e3c       0x50 ../KeyboardSound_bsp/\libhal_bsp.a(alt_sys_init.o)
 .rodata        0x00092e8c      0x281 c:/program files/altera/12.1/nios2eds/bin/gnu/h-i686-mingw32/bin/../lib/gcc/nios2-elf/4.1.2/../../../../nios2-elf/lib/mno-hw-mul\libc.a(lib_a-ctype_.o)
                0x00092e8c                _ctype_
 *(.rodata1)
                0x00093110                . = ALIGN (0x4)
 *fill*         0x0009310d        0x3 00
                0x00093110                PROVIDE (__ram_rodata_end, ABSOLUTE (.))
                0x00092768                PROVIDE (__flash_rodata_start, LOADADDR (.rodata))

.rwdata         0x00093110     0x1bec load address 0x00094cfc
                0x00093110                PROVIDE (__ram_rwdata_start, ABSOLUTE (.))
                0x00093110                . = ALIGN (0x4)
 *(.got.plt)
 *(.got)
 *(.data1)
 *(.data .data.* .gnu.linkonce.d.*)
 .data          0x00093110        0x0 ../KeyboardSound_bsp//obj/HAL/src/crt0.o
 .data          0x00093110        0x0 obj/default/HEX.o
 .data          0x00093110        0x0 obj/default/LCD.o
 .data          0x00093110        0x0 obj/default/keyboard.o
 .data          0x00093110        0x0 obj/default/keys.o
 .data          0x00093110        0x0 obj/default/master_main.o
 .data          0x00093110        0x0 c:/program files/altera/12.1/nios2eds/bin/gnu/h-i686-mingw32/bin/../lib/gcc/nios2-elf/4.1.2/../../../../nios2-elf/lib/mno-hw-mul\libm.a(lib_a-s_sin.o)
 .data          0x00093110        0x0 c:/program files/altera/12.1/nios2eds/bin/gnu/h-i686-mingw32/bin/../lib/gcc/nios2-elf/4.1.2/../../../../nios2-elf/lib/mno-hw-mul\libm.a(lib_a-e_rem_pio2.o)
 .data          0x00093110        0x0 c:/program files/altera/12.1/nios2eds/bin/gnu/h-i686-mingw32/bin/../lib/gcc/nios2-elf/4.1.2/../../../../nios2-elf/lib/mno-hw-mul\libm.a(lib_a-k_cos.o)
 .data          0x00093110        0x0 c:/program files/altera/12.1/nios2eds/bin/gnu/h-i686-mingw32/bin/../lib/gcc/nios2-elf/4.1.2/../../../../nios2-elf/lib/mno-hw-mul\libm.a(lib_a-k_rem_pio2.o)
 .data          0x00093110        0x0 c:/program files/altera/12.1/nios2eds/bin/gnu/h-i686-mingw32/bin/../lib/gcc/nios2-elf/4.1.2/../../../../nios2-elf/lib/mno-hw-mul\libm.a(lib_a-k_sin.o)
 .data          0x00093110        0x0 c:/program files/altera/12.1/nios2eds/bin/gnu/h-i686-mingw32/bin/../lib/gcc/nios2-elf/4.1.2/../../../../nios2-elf/lib/mno-hw-mul\libm.a(lib_a-s_fabs.o)
 .data          0x00093110        0x0 c:/program files/altera/12.1/nios2eds/bin/gnu/h-i686-mingw32/bin/../lib/gcc/nios2-elf/4.1.2/../../../../nios2-elf/lib/mno-hw-mul\libm.a(lib_a-s_floor.o)
 .data          0x00093110        0x0 c:/program files/altera/12.1/nios2eds/bin/gnu/h-i686-mingw32/bin/../lib/gcc/nios2-elf/4.1.2/../../../../nios2-elf/lib/mno-hw-mul\libm.a(lib_a-s_scalbn.o)
 .data          0x00093110        0x0 c:/program files/altera/12.1/nios2eds/bin/gnu/h-i686-mingw32/bin/../lib/gcc/nios2-elf/4.1.2/../../../../nios2-elf/lib/mno-hw-mul\libm.a(lib_a-s_copysign.o)
 .data          0x00093110        0x0 c:/program files/altera/12.1/nios2eds/bin/gnu/h-i686-mingw32/bin/../lib/gcc/nios2-elf/4.1.2/mno-hw-mul\libgcc.a(_addsub_df.o)
 .data          0x00093110        0x0 c:/program files/altera/12.1/nios2eds/bin/gnu/h-i686-mingw32/bin/../lib/gcc/nios2-elf/4.1.2/mno-hw-mul\libgcc.a(_mul_df.o)
 .data          0x00093110        0x0 c:/program files/altera/12.1/nios2eds/bin/gnu/h-i686-mingw32/bin/../lib/gcc/nios2-elf/4.1.2/mno-hw-mul\libgcc.a(_div_df.o)
 .data          0x00093110        0x0 c:/program files/altera/12.1/nios2eds/bin/gnu/h-i686-mingw32/bin/../lib/gcc/nios2-elf/4.1.2/mno-hw-mul\libgcc.a(_eq_df.o)
 .data          0x00093110        0x0 c:/program files/altera/12.1/nios2eds/bin/gnu/h-i686-mingw32/bin/../lib/gcc/nios2-elf/4.1.2/mno-hw-mul\libgcc.a(_gt_df.o)
 .data          0x00093110        0x0 c:/program files/altera/12.1/nios2eds/bin/gnu/h-i686-mingw32/bin/../lib/gcc/nios2-elf/4.1.2/mno-hw-mul\libgcc.a(_ge_df.o)
 .data          0x00093110        0x0 c:/program files/altera/12.1/nios2eds/bin/gnu/h-i686-mingw32/bin/../lib/gcc/nios2-elf/4.1.2/mno-hw-mul\libgcc.a(_si_to_df.o)
 .data          0x00093110        0x0 c:/program files/altera/12.1/nios2eds/bin/gnu/h-i686-mingw32/bin/../lib/gcc/nios2-elf/4.1.2/mno-hw-mul\libgcc.a(_df_to_si.o)
 .data          0x00093110        0x0 c:/program files/altera/12.1/nios2eds/bin/gnu/h-i686-mingw32/bin/../lib/gcc/nios2-elf/4.1.2/mno-hw-mul\libgcc.a(_thenan_df.o)
 .data          0x00093110        0x0 c:/program files/altera/12.1/nios2eds/bin/gnu/h-i686-mingw32/bin/../lib/gcc/nios2-elf/4.1.2/mno-hw-mul\libgcc.a(lib2-divmod.o)
 .data          0x00093110        0x0 c:/program files/altera/12.1/nios2eds/bin/gnu/h-i686-mingw32/bin/../lib/gcc/nios2-elf/4.1.2/mno-hw-mul\libgcc.a(lib2-mul.o)
 .data          0x00093110        0x0 c:/program files/altera/12.1/nios2eds/bin/gnu/h-i686-mingw32/bin/../lib/gcc/nios2-elf/4.1.2/mno-hw-mul\libgcc.a(_muldi3.o)
 .data          0x00093110        0x0 c:/program files/altera/12.1/nios2eds/bin/gnu/h-i686-mingw32/bin/../lib/gcc/nios2-elf/4.1.2/mno-hw-mul\libgcc.a(_clzsi2.o)
 .data          0x00093110        0x0 c:/program files/altera/12.1/nios2eds/bin/gnu/h-i686-mingw32/bin/../lib/gcc/nios2-elf/4.1.2/mno-hw-mul\libgcc.a(_pack_df.o)
 .data          0x00093110        0x0 c:/program files/altera/12.1/nios2eds/bin/gnu/h-i686-mingw32/bin/../lib/gcc/nios2-elf/4.1.2/mno-hw-mul\libgcc.a(_unpack_df.o)
 .data          0x00093110        0x0 c:/program files/altera/12.1/nios2eds/bin/gnu/h-i686-mingw32/bin/../lib/gcc/nios2-elf/4.1.2/mno-hw-mul\libgcc.a(_fpcmp_parts_df.o)
 .data          0x00093110        0x0 c:/program files/altera/12.1/nios2eds/bin/gnu/h-i686-mingw32/bin/../lib/gcc/nios2-elf/4.1.2/mno-hw-mul\libgcc.a(_clz.o)
 .data          0x00093110        0x0 c:/program files/altera/12.1/nios2eds/bin/gnu/h-i686-mingw32/bin/../lib/gcc/nios2-elf/4.1.2/../../../../nios2-elf/lib/mno-hw-mul\libc.a(lib_a-fclose.o)
 .data          0x00093110        0x0 c:/program files/altera/12.1/nios2eds/bin/gnu/h-i686-mingw32/bin/../lib/gcc/nios2-elf/4.1.2/../../../../nios2-elf/lib/mno-hw-mul\libc.a(lib_a-fflush.o)
 .data          0x00093110        0x0 c:/program files/altera/12.1/nios2eds/bin/gnu/h-i686-mingw32/bin/../lib/gcc/nios2-elf/4.1.2/../../../../nios2-elf/lib/mno-hw-mul\libc.a(lib_a-findfp.o)
 .data          0x00093110        0x0 c:/program files/altera/12.1/nios2eds/bin/gnu/h-i686-mingw32/bin/../lib/gcc/nios2-elf/4.1.2/../../../../nios2-elf/lib/mno-hw-mul\libc.a(lib_a-fopen.o)
 .data          0x00093110        0x0 c:/program files/altera/12.1/nios2eds/bin/gnu/h-i686-mingw32/bin/../lib/gcc/nios2-elf/4.1.2/../../../../nios2-elf/lib/mno-hw-mul\libc.a(lib_a-fprintf.o)
 .data          0x00093110        0x0 c:/program files/altera/12.1/nios2eds/bin/gnu/h-i686-mingw32/bin/../lib/gcc/nios2-elf/4.1.2/../../../../nios2-elf/lib/mno-hw-mul\libc.a(lib_a-freer.o)
 .data          0x00093110        0x0 c:/program files/altera/12.1/nios2eds/bin/gnu/h-i686-mingw32/bin/../lib/gcc/nios2-elf/4.1.2/../../../../nios2-elf/lib/mno-hw-mul\libc.a(lib_a-fseek.o)
 .data          0x00093110        0x0 c:/program files/altera/12.1/nios2eds/bin/gnu/h-i686-mingw32/bin/../lib/gcc/nios2-elf/4.1.2/../../../../nios2-elf/lib/mno-hw-mul\libc.a(lib_a-fstatr.o)
 .data          0x00093110        0x0 c:/program files/altera/12.1/nios2eds/bin/gnu/h-i686-mingw32/bin/../lib/gcc/nios2-elf/4.1.2/../../../../nios2-elf/lib/mno-hw-mul\libc.a(lib_a-fwalk.o)
 .data          0x00093110        0x0 c:/program files/altera/12.1/nios2eds/bin/gnu/h-i686-mingw32/bin/../lib/gcc/nios2-elf/4.1.2/../../../../nios2-elf/lib/mno-hw-mul\libc.a(lib_a-fwrite.o)
 .data          0x00093110      0x400 c:/program files/altera/12.1/nios2eds/bin/gnu/h-i686-mingw32/bin/../lib/gcc/nios2-elf/4.1.2/../../../../nios2-elf/lib/mno-hw-mul\libc.a(lib_a-impure.o)
 .data          0x00093510        0x0 c:/program files/altera/12.1/nios2eds/bin/gnu/h-i686-mingw32/bin/../lib/gcc/nios2-elf/4.1.2/../../../../nios2-elf/lib/mno-hw-mul\libc.a(lib_a-int_errno.o)
 .data          0x00093510        0x0 c:/program files/altera/12.1/nios2eds/bin/gnu/h-i686-mingw32/bin/../lib/gcc/nios2-elf/4.1.2/../../../../nios2-elf/lib/mno-hw-mul\libc.a(lib_a-makebuf.o)
 .data          0x00093510      0x408 c:/program files/altera/12.1/nios2eds/bin/gnu/h-i686-mingw32/bin/../lib/gcc/nios2-elf/4.1.2/../../../../nios2-elf/lib/mno-hw-mul\libc.a(lib_a-mallocr.o)
                0x00093510                __malloc_av_
 .data          0x00093918        0x0 c:/program files/altera/12.1/nios2eds/bin/gnu/h-i686-mingw32/bin/../lib/gcc/nios2-elf/4.1.2/../../../../nios2-elf/lib/mno-hw-mul\libc.a(lib_a-memset.o)
 .data          0x00093918        0x0 c:/program files/altera/12.1/nios2eds/bin/gnu/h-i686-mingw32/bin/../lib/gcc/nios2-elf/4.1.2/../../../../nios2-elf/lib/mno-hw-mul\libc.a(lib_a-openr.o)
 .data          0x00093918        0x0 c:/program files/altera/12.1/nios2eds/bin/gnu/h-i686-mingw32/bin/../lib/gcc/nios2-elf/4.1.2/../../../../nios2-elf/lib/mno-hw-mul\libc.a(lib_a-printf.o)
 .data          0x00093918        0x0 c:/program files/altera/12.1/nios2eds/bin/gnu/h-i686-mingw32/bin/../lib/gcc/nios2-elf/4.1.2/../../../../nios2-elf/lib/mno-hw-mul\libc.a(lib_a-puts.o)
 .data          0x00093918        0x0 c:/program files/altera/12.1/nios2eds/bin/gnu/h-i686-mingw32/bin/../lib/gcc/nios2-elf/4.1.2/../../../../nios2-elf/lib/mno-hw-mul\libc.a(lib_a-refill.o)
 .data          0x00093918        0x0 c:/program files/altera/12.1/nios2eds/bin/gnu/h-i686-mingw32/bin/../lib/gcc/nios2-elf/4.1.2/../../../../nios2-elf/lib/mno-hw-mul\libc.a(lib_a-sbrkr.o)
 .data          0x00093918        0x0 c:/program files/altera/12.1/nios2eds/bin/gnu/h-i686-mingw32/bin/../lib/gcc/nios2-elf/4.1.2/../../../../nios2-elf/lib/mno-hw-mul\libc.a(lib_a-stdio.o)
 .data          0x00093918        0x0 c:/program files/altera/12.1/nios2eds/bin/gnu/h-i686-mingw32/bin/../lib/gcc/nios2-elf/4.1.2/../../../../nios2-elf/lib/mno-hw-mul\libc.a(lib_a-strlen.o)
 .data          0x00093918        0x0 c:/program files/altera/12.1/nios2eds/bin/gnu/h-i686-mingw32/bin/../lib/gcc/nios2-elf/4.1.2/../../../../nios2-elf/lib/mno-hw-mul\libc.a(lib_a-vfprintf.o)
 .data          0x00093918        0x0 c:/program files/altera/12.1/nios2eds/bin/gnu/h-i686-mingw32/bin/../lib/gcc/nios2-elf/4.1.2/../../../../nios2-elf/lib/mno-hw-mul\libc.a(lib_a-writer.o)
 .data          0x00093918        0x0 c:/program files/altera/12.1/nios2eds/bin/gnu/h-i686-mingw32/bin/../lib/gcc/nios2-elf/4.1.2/../../../../nios2-elf/lib/mno-hw-mul\libc.a(lib_a-wsetup.o)
 .data          0x00093918        0x0 c:/program files/altera/12.1/nios2eds/bin/gnu/h-i686-mingw32/bin/../lib/gcc/nios2-elf/4.1.2/../../../../nios2-elf/lib/mno-hw-mul\libc.a(lib_a-closer.o)
 .data          0x00093918        0x0 c:/program files/altera/12.1/nios2eds/bin/gnu/h-i686-mingw32/bin/../lib/gcc/nios2-elf/4.1.2/../../../../nios2-elf/lib/mno-hw-mul\libc.a(lib_a-dtoa.o)
 .data          0x00093918        0x0 c:/program files/altera/12.1/nios2eds/bin/gnu/h-i686-mingw32/bin/../lib/gcc/nios2-elf/4.1.2/../../../../nios2-elf/lib/mno-hw-mul\libc.a(lib_a-flags.o)
 .data          0x00093918        0x0 c:/program files/altera/12.1/nios2eds/bin/gnu/h-i686-mingw32/bin/../lib/gcc/nios2-elf/4.1.2/../../../../nios2-elf/lib/mno-hw-mul\libc.a(lib_a-fvwrite.o)
 .data          0x00093918        0x0 c:/program files/altera/12.1/nios2eds/bin/gnu/h-i686-mingw32/bin/../lib/gcc/nios2-elf/4.1.2/../../../../nios2-elf/lib/mno-hw-mul\libc.a(lib_a-isattyr.o)
 .data          0x00093918        0xc c:/program files/altera/12.1/nios2eds/bin/gnu/h-i686-mingw32/bin/../lib/gcc/nios2-elf/4.1.2/../../../../nios2-elf/lib/mno-hw-mul\libc.a(lib_a-locale.o)
                0x00093918                __lc_ctype
 .data          0x00093924        0x0 c:/program files/altera/12.1/nios2eds/bin/gnu/h-i686-mingw32/bin/../lib/gcc/nios2-elf/4.1.2/../../../../nios2-elf/lib/mno-hw-mul\libc.a(lib_a-lseekr.o)
 .data          0x00093924        0x0 c:/program files/altera/12.1/nios2eds/bin/gnu/h-i686-mingw32/bin/../lib/gcc/nios2-elf/4.1.2/../../../../nios2-elf/lib/mno-hw-mul\libc.a(lib_a-memchr.o)
 .data          0x00093924        0x0 c:/program files/altera/12.1/nios2eds/bin/gnu/h-i686-mingw32/bin/../lib/gcc/nios2-elf/4.1.2/../../../../nios2-elf/lib/mno-hw-mul\libc.a(lib_a-memcpy.o)
 .data          0x00093924        0x0 c:/program files/altera/12.1/nios2eds/bin/gnu/h-i686-mingw32/bin/../lib/gcc/nios2-elf/4.1.2/../../../../nios2-elf/lib/mno-hw-mul\libc.a(lib_a-memmove.o)
 .data          0x00093924        0x0 c:/program files/altera/12.1/nios2eds/bin/gnu/h-i686-mingw32/bin/../lib/gcc/nios2-elf/4.1.2/../../../../nios2-elf/lib/mno-hw-mul\libc.a(lib_a-mprec.o)
 .data          0x00093924        0x0 c:/program files/altera/12.1/nios2eds/bin/gnu/h-i686-mingw32/bin/../lib/gcc/nios2-elf/4.1.2/../../../../nios2-elf/lib/mno-hw-mul\libc.a(lib_a-readr.o)
 .data          0x00093924        0x0 c:/program files/altera/12.1/nios2eds/bin/gnu/h-i686-mingw32/bin/../lib/gcc/nios2-elf/4.1.2/../../../../nios2-elf/lib/mno-hw-mul\libc.a(lib_a-reallocr.o)
 .data          0x00093924        0x0 c:/program files/altera/12.1/nios2eds/bin/gnu/h-i686-mingw32/bin/../lib/gcc/nios2-elf/4.1.2/../../../../nios2-elf/lib/mno-hw-mul\libc.a(lib_a-s_isinfd.o)
 .data          0x00093924        0x0 c:/program files/altera/12.1/nios2eds/bin/gnu/h-i686-mingw32/bin/../lib/gcc/nios2-elf/4.1.2/../../../../nios2-elf/lib/mno-hw-mul\libc.a(lib_a-s_isnand.o)
 .data          0x00093924        0x0 c:/program files/altera/12.1/nios2eds/bin/gnu/h-i686-mingw32/bin/../lib/gcc/nios2-elf/4.1.2/../../../../nios2-elf/lib/mno-hw-mul\libc.a(lib_a-strcmp.o)
 .data          0x00093924        0x0 c:/program files/altera/12.1/nios2eds/bin/gnu/h-i686-mingw32/bin/../lib/gcc/nios2-elf/4.1.2/../../../../nios2-elf/lib/mno-hw-mul\libc.a(lib_a-callocr.o)
 .data          0x00093924        0x0 c:/program files/altera/12.1/nios2eds/bin/gnu/h-i686-mingw32/bin/../lib/gcc/nios2-elf/4.1.2/mno-hw-mul\libgcc.a(_udivdi3.o)
 .data          0x00093924        0x0 c:/program files/altera/12.1/nios2eds/bin/gnu/h-i686-mingw32/bin/../lib/gcc/nios2-elf/4.1.2/mno-hw-mul\libgcc.a(_umoddi3.o)
 .data          0x00093924        0x0 c:/program files/altera/12.1/nios2eds/bin/gnu/h-i686-mingw32/bin/../lib/gcc/nios2-elf/4.1.2/mno-hw-mul\libgcc.a(_ne_df.o)
 .data          0x00093924        0x0 c:/program files/altera/12.1/nios2eds/bin/gnu/h-i686-mingw32/bin/../lib/gcc/nios2-elf/4.1.2/mno-hw-mul\libgcc.a(_lt_df.o)
 .data          0x00093924        0x0 c:/program files/altera/12.1/nios2eds/bin/gnu/h-i686-mingw32/bin/../lib/gcc/nios2-elf/4.1.2/mno-hw-mul\libgcc.a(_usi_to_df.o)
 .data          0x00093924        0x0 ../KeyboardSound_bsp/\libhal_bsp.a(alt_close.o)
 .data          0x00093924      0x1a8 ../KeyboardSound_bsp/\libhal_bsp.a(alt_dev.o)
                0x00093924                alt_dev_null
                0x0009394c                alt_fd_list
 .data          0x00093acc        0x0 ../KeyboardSound_bsp/\libhal_bsp.a(alt_errno.o)
 .data          0x00093acc        0x0 ../KeyboardSound_bsp/\libhal_bsp.a(alt_fstat.o)
 .data          0x00093acc        0x0 ../KeyboardSound_bsp/\libhal_bsp.a(alt_isatty.o)
 .data          0x00093acc        0x0 ../KeyboardSound_bsp/\libhal_bsp.a(alt_load.o)
 .data          0x00093acc        0x0 ../KeyboardSound_bsp/\libhal_bsp.a(alt_lseek.o)
 .data          0x00093acc        0x0 ../KeyboardSound_bsp/\libhal_bsp.a(alt_main.o)
 .data          0x00093acc        0x0 ../KeyboardSound_bsp/\libhal_bsp.a(alt_malloc_lock.o)
 .data          0x00093acc        0x0 ../KeyboardSound_bsp/\libhal_bsp.a(alt_open.o)
 .data          0x00093acc        0x0 ../KeyboardSound_bsp/\libhal_bsp.a(alt_printf.o)
 .data          0x00093acc        0x0 ../KeyboardSound_bsp/\libhal_bsp.a(alt_putchar.o)
 .data          0x00093acc        0x0 ../KeyboardSound_bsp/\libhal_bsp.a(alt_read.o)
 .data          0x00093acc        0x0 ../KeyboardSound_bsp/\libhal_bsp.a(alt_release_fd.o)
 .data          0x00093acc        0x0 ../KeyboardSound_bsp/\libhal_bsp.a(alt_sbrk.o)
 .data          0x00093acc        0x0 ../KeyboardSound_bsp/\libhal_bsp.a(alt_write.o)
 .data          0x00093acc     0x11e8 ../KeyboardSound_bsp/\libhal_bsp.a(alt_sys_init.o)
 .data          0x00094cb4        0x0 ../KeyboardSound_bsp/\libhal_bsp.a(altera_avalon_jtag_uart_fd.o)
 .data          0x00094cb4        0x0 ../KeyboardSound_bsp/\libhal_bsp.a(altera_avalon_jtag_uart_init.o)
 .data          0x00094cb4        0x0 ../KeyboardSound_bsp/\libhal_bsp.a(altera_avalon_jtag_uart_ioctl.o)
 .data          0x00094cb4        0x0 ../KeyboardSound_bsp/\libhal_bsp.a(altera_avalon_jtag_uart_read.o)
 .data          0x00094cb4        0x0 ../KeyboardSound_bsp/\libhal_bsp.a(altera_avalon_jtag_uart_write.o)
 .data          0x00094cb4        0x0 ../KeyboardSound_bsp/\libhal_bsp.a(altera_avalon_lcd_16207.o)
 .data          0x00094cb4        0x0 ../KeyboardSound_bsp/\libhal_bsp.a(altera_avalon_lcd_16207_fd.o)
 .data          0x00094cb4        0x0 ../KeyboardSound_bsp/\libhal_bsp.a(altera_avalon_timer_sc.o)
 .data          0x00094cb4        0x0 ../KeyboardSound_bsp/\libhal_bsp.a(altera_avalon_timer_vars.o)
 .data          0x00094cb4        0x0 ../KeyboardSound_bsp/\libhal_bsp.a(altera_up_avalon_audio_and_video_config.o)
 .data          0x00094cb4        0x0 ../KeyboardSound_bsp/\libhal_bsp.a(altera_up_avalon_ps2.o)
 .data          0x00094cb4        0x0 ../KeyboardSound_bsp/\libhal_bsp.a(alt_alarm_start.o)
 .data          0x00094cb4        0x0 ../KeyboardSound_bsp/\libhal_bsp.a(alt_dcache_flush_all.o)
 .data          0x00094cb4        0x0 ../KeyboardSound_bsp/\libhal_bsp.a(alt_dev_llist_insert.o)
 .data          0x00094cb4        0x0 ../KeyboardSound_bsp/\libhal_bsp.a(alt_do_ctors.o)
 .data          0x00094cb4        0x0 ../KeyboardSound_bsp/\libhal_bsp.a(alt_do_dtors.o)
 .data          0x00094cb4        0x0 ../KeyboardSound_bsp/\libhal_bsp.a(alt_find_dev.o)
 .data          0x00094cb4        0x0 ../KeyboardSound_bsp/\libhal_bsp.a(alt_find_file.o)
 .data          0x00094cb4        0x0 ../KeyboardSound_bsp/\libhal_bsp.a(alt_get_fd.o)
 .data          0x00094cb4        0x0 ../KeyboardSound_bsp/\libhal_bsp.a(alt_icache_flush_all.o)
 .data          0x00094cb4        0x0 ../KeyboardSound_bsp/\libhal_bsp.a(alt_io_redirect.o)
 .data          0x00094cb4        0x0 ../KeyboardSound_bsp/\libhal_bsp.a(alt_irq_register.o)
 .data          0x00094cb4        0x0 ../KeyboardSound_bsp/\libhal_bsp.a(alt_irq_vars.o)
 .data          0x00094cb4        0x0 ../KeyboardSound_bsp/\libhal_bsp.a(alt_tick.o)
 .data          0x00094cb4        0x0 ../KeyboardSound_bsp/\libhal_bsp.a(alt_usleep.o)
 .data          0x00094cb4        0x0 ../KeyboardSound_bsp/\libhal_bsp.a(altera_nios2_irq.o)
 .data          0x00094cb4        0x0 ../KeyboardSound_bsp/\libhal_bsp.a(alt_busy_sleep.o)
 .data          0x00094cb4        0x0 ../KeyboardSound_bsp/\libhal_bsp.a(alt_irq_entry.o)
 .data          0x00094cb4        0x0 ../KeyboardSound_bsp/\libhal_bsp.a(alt_irq_handler.o)
 .data          0x00094cb4        0x0 ../KeyboardSound_bsp/\libhal_bsp.a(alt_exception_entry.o)
 .data          0x00094cb4        0x0 c:/program files/altera/12.1/nios2eds/bin/gnu/h-i686-mingw32/bin/../lib/gcc/nios2-elf/4.1.2/../../../../nios2-elf/lib/mno-hw-mul\libc.a(lib_a-atexit.o)
 .data          0x00094cb4        0x0 c:/program files/altera/12.1/nios2eds/bin/gnu/h-i686-mingw32/bin/../lib/gcc/nios2-elf/4.1.2/../../../../nios2-elf/lib/mno-hw-mul\libc.a(lib_a-ctype_.o)
 .data          0x00094cb4        0x0 c:/program files/altera/12.1/nios2eds/bin/gnu/h-i686-mingw32/bin/../lib/gcc/nios2-elf/4.1.2/../../../../nios2-elf/lib/mno-hw-mul\libc.a(lib_a-exit.o)
 .data          0x00094cb4        0x0 c:/program files/altera/12.1/nios2eds/bin/gnu/h-i686-mingw32/bin/../lib/gcc/nios2-elf/4.1.2/../../../../nios2-elf/lib/mno-hw-mul\libc.a(lib_a-memcmp.o)
 .data          0x00094cb4        0x0 c:/program files/altera/12.1/nios2eds/bin/gnu/h-i686-mingw32/bin/../lib/gcc/nios2-elf/4.1.2/../../../../nios2-elf/lib/mno-hw-mul\libc.a(lib_a-putc.o)
 .data          0x00094cb4        0x0 c:/program files/altera/12.1/nios2eds/bin/gnu/h-i686-mingw32/bin/../lib/gcc/nios2-elf/4.1.2/../../../../nios2-elf/lib/mno-hw-mul\libc.a(lib_a-wbuf.o)
 .data          0x00094cb4        0x0 c:/program files/altera/12.1/nios2eds/bin/gnu/h-i686-mingw32/bin/../lib/gcc/nios2-elf/4.1.2/../../../../nios2-elf/lib/mno-hw-mul\libc.a(lib_a-__atexit.o)
 .data          0x00094cb4        0x0 c:/program files/altera/12.1/nios2eds/bin/gnu/h-i686-mingw32/bin/../lib/gcc/nios2-elf/4.1.2/../../../../nios2-elf/lib/mno-hw-mul\libc.a(lib_a-__call_atexit.o)
 .data          0x00094cb4        0x0 ../KeyboardSound_bsp/\libhal_bsp.a(alt_exit.o)
                0x0009ccb4                _gp = ABSOLUTE ((. + 0x8000))
                0x0009ccb4                PROVIDE (gp, _gp)
 *(.rwdata .rwdata.*)
 *(.sdata .sdata.* .gnu.linkonce.s.*)
 .sdata         0x00094cb4        0x8 c:/program files/altera/12.1/nios2eds/bin/gnu/h-i686-mingw32/bin/../lib/gcc/nios2-elf/4.1.2/../../../../nios2-elf/lib/mno-hw-mul\libc.a(lib_a-impure.o)
                0x00094cb4                _impure_ptr
                0x00094cb8                _global_impure_ptr
 .sdata         0x00094cbc        0x8 c:/program files/altera/12.1/nios2eds/bin/gnu/h-i686-mingw32/bin/../lib/gcc/nios2-elf/4.1.2/../../../../nios2-elf/lib/mno-hw-mul\libc.a(lib_a-mallocr.o)
                0x00094cbc                __malloc_trim_threshold
                0x00094cc0                __malloc_sbrk_base
 .sdata         0x00094cc4        0x8 c:/program files/altera/12.1/nios2eds/bin/gnu/h-i686-mingw32/bin/../lib/gcc/nios2-elf/4.1.2/../../../../nios2-elf/lib/mno-hw-mul\libc.a(lib_a-locale.o)
                0x00094cc4                __mb_cur_max
 .sdata         0x00094ccc       0x14 ../KeyboardSound_bsp/\libhal_bsp.a(alt_dev.o)
                0x00094ccc                alt_fs_list
                0x00094cd4                alt_dev_list
                0x00094cdc                alt_max_fd
 .sdata         0x00094ce0        0x4 ../KeyboardSound_bsp/\libhal_bsp.a(alt_errno.o)
                0x00094ce0                alt_errno
 .sdata         0x00094ce4        0x4 ../KeyboardSound_bsp/\libhal_bsp.a(alt_sbrk.o)
 .sdata         0x00094ce8        0x4 ../KeyboardSound_bsp/\libhal_bsp.a(altera_avalon_lcd_16207.o)
 .sdata         0x00094cec        0x4 ../KeyboardSound_bsp/\libhal_bsp.a(alt_irq_vars.o)
                0x00094cec                alt_priority_mask
 .sdata         0x00094cf0        0x8 ../KeyboardSound_bsp/\libhal_bsp.a(alt_tick.o)
                0x00094cf0                alt_alarm_list
 .sdata         0x00094cf8        0x4 c:/program files/altera/12.1/nios2eds/bin/gnu/h-i686-mingw32/bin/../lib/gcc/nios2-elf/4.1.2/../../../../nios2-elf/lib/mno-hw-mul\libc.a(lib_a-ctype_.o)
                0x00094cf8                __ctype_ptr
 *(.sdata2 .sdata2.* .gnu.linkonce.s2.*)
                0x00094cfc                . = ALIGN (0x4)
                0x00094cfc                _edata = ABSOLUTE (.)
                0x00094cfc                PROVIDE (edata, ABSOLUTE (.))
                0x00094cfc                PROVIDE (__ram_rwdata_end, ABSOLUTE (.))
                0x00094cfc                PROVIDE (__flash_rwdata_start, LOADADDR (.rwdata))

.bss            0x000968e8      0x2f4
                0x000968e8                __bss_start = ABSOLUTE (.)
                0x000968e8                PROVIDE (__sbss_start, ABSOLUTE (.))
                0x000968e8                PROVIDE (___sbss_start, ABSOLUTE (.))
 *(.dynsbss)
 *(.sbss .sbss.* .gnu.linkonce.sb.*)
 .sbss          0x000968e8        0x4 c:/program files/altera/12.1/nios2eds/bin/gnu/h-i686-mingw32/bin/../lib/gcc/nios2-elf/4.1.2/../../../../nios2-elf/lib/mno-hw-mul\libc.a(lib_a-int_errno.o)
                0x000968e8                errno
 .sbss          0x000968ec        0xc c:/program files/altera/12.1/nios2eds/bin/gnu/h-i686-mingw32/bin/../lib/gcc/nios2-elf/4.1.2/../../../../nios2-elf/lib/mno-hw-mul\libc.a(lib_a-mallocr.o)
                0x000968ec                __malloc_top_pad
                0x000968f0                __malloc_max_sbrked_mem
                0x000968f4                __malloc_max_total_mem
 .sbss          0x000968f8        0xc c:/program files/altera/12.1/nios2eds/bin/gnu/h-i686-mingw32/bin/../lib/gcc/nios2-elf/4.1.2/../../../../nios2-elf/lib/mno-hw-mul\libc.a(lib_a-locale.o)
                0x000968f8                __nlocale_changed
                0x000968fc                __mlocale_changed
                0x00096900                _PathLocale
 .sbss          0x00096904        0xc ../KeyboardSound_bsp/\libhal_bsp.a(alt_main.o)
                0x00096904                alt_argc
                0x00096908                alt_argv
                0x0009690c                alt_envp
 .sbss          0x00096910        0x8 ../KeyboardSound_bsp/\libhal_bsp.a(altera_avalon_timer_vars.o)
                0x00096910                altera_avalon_timer_ts_base
                0x00096914                altera_avalon_timer_ts_freq
 .sbss          0x00096918        0x4 ../KeyboardSound_bsp/\libhal_bsp.a(alt_irq_vars.o)
                0x00096918                alt_irq_active
 .sbss          0x0009691c        0x8 ../KeyboardSound_bsp/\libhal_bsp.a(alt_tick.o)
                0x0009691c                _alt_tick_rate
                0x00096920                _alt_nticks
 *(.sbss2 .sbss2.* .gnu.linkonce.sb2.*)
 *(.scommon)
                0x00096924                PROVIDE (__sbss_end, ABSOLUTE (.))
                0x00096924                PROVIDE (___sbss_end, ABSOLUTE (.))
 *(.dynbss)
 *(.bss .bss.* .gnu.linkonce.b.*)
 .bss           0x00096924        0x0 ../KeyboardSound_bsp//obj/HAL/src/crt0.o
 .bss           0x00096924        0x0 obj/default/HEX.o
 .bss           0x00096924        0x0 obj/default/LCD.o
 .bss           0x00096924        0x0 obj/default/keyboard.o
 .bss           0x00096924        0x0 obj/default/keys.o
 .bss           0x00096924        0x0 obj/default/master_main.o
 .bss           0x00096924        0x0 c:/program files/altera/12.1/nios2eds/bin/gnu/h-i686-mingw32/bin/../lib/gcc/nios2-elf/4.1.2/../../../../nios2-elf/lib/mno-hw-mul\libm.a(lib_a-s_sin.o)
 .bss           0x00096924        0x0 c:/program files/altera/12.1/nios2eds/bin/gnu/h-i686-mingw32/bin/../lib/gcc/nios2-elf/4.1.2/../../../../nios2-elf/lib/mno-hw-mul\libm.a(lib_a-e_rem_pio2.o)
 .bss           0x00096924        0x0 c:/program files/altera/12.1/nios2eds/bin/gnu/h-i686-mingw32/bin/../lib/gcc/nios2-elf/4.1.2/../../../../nios2-elf/lib/mno-hw-mul\libm.a(lib_a-k_cos.o)
 .bss           0x00096924        0x0 c:/program files/altera/12.1/nios2eds/bin/gnu/h-i686-mingw32/bin/../lib/gcc/nios2-elf/4.1.2/../../../../nios2-elf/lib/mno-hw-mul\libm.a(lib_a-k_rem_pio2.o)
 .bss           0x00096924        0x0 c:/program files/altera/12.1/nios2eds/bin/gnu/h-i686-mingw32/bin/../lib/gcc/nios2-elf/4.1.2/../../../../nios2-elf/lib/mno-hw-mul\libm.a(lib_a-k_sin.o)
 .bss           0x00096924        0x0 c:/program files/altera/12.1/nios2eds/bin/gnu/h-i686-mingw32/bin/../lib/gcc/nios2-elf/4.1.2/../../../../nios2-elf/lib/mno-hw-mul\libm.a(lib_a-s_fabs.o)
 .bss           0x00096924        0x0 c:/program files/altera/12.1/nios2eds/bin/gnu/h-i686-mingw32/bin/../lib/gcc/nios2-elf/4.1.2/../../../../nios2-elf/lib/mno-hw-mul\libm.a(lib_a-s_floor.o)
 .bss           0x00096924        0x0 c:/program files/altera/12.1/nios2eds/bin/gnu/h-i686-mingw32/bin/../lib/gcc/nios2-elf/4.1.2/../../../../nios2-elf/lib/mno-hw-mul\libm.a(lib_a-s_scalbn.o)
 .bss           0x00096924        0x0 c:/program files/altera/12.1/nios2eds/bin/gnu/h-i686-mingw32/bin/../lib/gcc/nios2-elf/4.1.2/../../../../nios2-elf/lib/mno-hw-mul\libm.a(lib_a-s_copysign.o)
 .bss           0x00096924        0x0 c:/program files/altera/12.1/nios2eds/bin/gnu/h-i686-mingw32/bin/../lib/gcc/nios2-elf/4.1.2/mno-hw-mul\libgcc.a(_addsub_df.o)
 .bss           0x00096924        0x0 c:/program files/altera/12.1/nios2eds/bin/gnu/h-i686-mingw32/bin/../lib/gcc/nios2-elf/4.1.2/mno-hw-mul\libgcc.a(_mul_df.o)
 .bss           0x00096924        0x0 c:/program files/altera/12.1/nios2eds/bin/gnu/h-i686-mingw32/bin/../lib/gcc/nios2-elf/4.1.2/mno-hw-mul\libgcc.a(_div_df.o)
 .bss           0x00096924        0x0 c:/program files/altera/12.1/nios2eds/bin/gnu/h-i686-mingw32/bin/../lib/gcc/nios2-elf/4.1.2/mno-hw-mul\libgcc.a(_eq_df.o)
 .bss           0x00096924        0x0 c:/program files/altera/12.1/nios2eds/bin/gnu/h-i686-mingw32/bin/../lib/gcc/nios2-elf/4.1.2/mno-hw-mul\libgcc.a(_gt_df.o)
 .bss           0x00096924        0x0 c:/program files/altera/12.1/nios2eds/bin/gnu/h-i686-mingw32/bin/../lib/gcc/nios2-elf/4.1.2/mno-hw-mul\libgcc.a(_ge_df.o)
 .bss           0x00096924        0x0 c:/program files/altera/12.1/nios2eds/bin/gnu/h-i686-mingw32/bin/../lib/gcc/nios2-elf/4.1.2/mno-hw-mul\libgcc.a(_si_to_df.o)
 .bss           0x00096924        0x0 c:/program files/altera/12.1/nios2eds/bin/gnu/h-i686-mingw32/bin/../lib/gcc/nios2-elf/4.1.2/mno-hw-mul\libgcc.a(_df_to_si.o)
 .bss           0x00096924        0x0 c:/program files/altera/12.1/nios2eds/bin/gnu/h-i686-mingw32/bin/../lib/gcc/nios2-elf/4.1.2/mno-hw-mul\libgcc.a(_thenan_df.o)
 .bss           0x00096924        0x0 c:/program files/altera/12.1/nios2eds/bin/gnu/h-i686-mingw32/bin/../lib/gcc/nios2-elf/4.1.2/mno-hw-mul\libgcc.a(lib2-divmod.o)
 .bss           0x00096924        0x0 c:/program files/altera/12.1/nios2eds/bin/gnu/h-i686-mingw32/bin/../lib/gcc/nios2-elf/4.1.2/mno-hw-mul\libgcc.a(lib2-mul.o)
 .bss           0x00096924        0x0 c:/program files/altera/12.1/nios2eds/bin/gnu/h-i686-mingw32/bin/../lib/gcc/nios2-elf/4.1.2/mno-hw-mul\libgcc.a(_muldi3.o)
 .bss           0x00096924        0x0 c:/program files/altera/12.1/nios2eds/bin/gnu/h-i686-mingw32/bin/../lib/gcc/nios2-elf/4.1.2/mno-hw-mul\libgcc.a(_clzsi2.o)
 .bss           0x00096924        0x0 c:/program files/altera/12.1/nios2eds/bin/gnu/h-i686-mingw32/bin/../lib/gcc/nios2-elf/4.1.2/mno-hw-mul\libgcc.a(_pack_df.o)
 .bss           0x00096924        0x0 c:/program files/altera/12.1/nios2eds/bin/gnu/h-i686-mingw32/bin/../lib/gcc/nios2-elf/4.1.2/mno-hw-mul\libgcc.a(_unpack_df.o)
 .bss           0x00096924        0x0 c:/program files/altera/12.1/nios2eds/bin/gnu/h-i686-mingw32/bin/../lib/gcc/nios2-elf/4.1.2/mno-hw-mul\libgcc.a(_fpcmp_parts_df.o)
 .bss           0x00096924        0x0 c:/program files/altera/12.1/nios2eds/bin/gnu/h-i686-mingw32/bin/../lib/gcc/nios2-elf/4.1.2/mno-hw-mul\libgcc.a(_clz.o)
 .bss           0x00096924        0x0 c:/program files/altera/12.1/nios2eds/bin/gnu/h-i686-mingw32/bin/../lib/gcc/nios2-elf/4.1.2/../../../../nios2-elf/lib/mno-hw-mul\libc.a(lib_a-fclose.o)
 .bss           0x00096924        0x0 c:/program files/altera/12.1/nios2eds/bin/gnu/h-i686-mingw32/bin/../lib/gcc/nios2-elf/4.1.2/../../../../nios2-elf/lib/mno-hw-mul\libc.a(lib_a-fflush.o)
 .bss           0x00096924        0x0 c:/program files/altera/12.1/nios2eds/bin/gnu/h-i686-mingw32/bin/../lib/gcc/nios2-elf/4.1.2/../../../../nios2-elf/lib/mno-hw-mul\libc.a(lib_a-findfp.o)
 .bss           0x00096924        0x0 c:/program files/altera/12.1/nios2eds/bin/gnu/h-i686-mingw32/bin/../lib/gcc/nios2-elf/4.1.2/../../../../nios2-elf/lib/mno-hw-mul\libc.a(lib_a-fopen.o)
 .bss           0x00096924        0x0 c:/program files/altera/12.1/nios2eds/bin/gnu/h-i686-mingw32/bin/../lib/gcc/nios2-elf/4.1.2/../../../../nios2-elf/lib/mno-hw-mul\libc.a(lib_a-fprintf.o)
 .bss           0x00096924        0x0 c:/program files/altera/12.1/nios2eds/bin/gnu/h-i686-mingw32/bin/../lib/gcc/nios2-elf/4.1.2/../../../../nios2-elf/lib/mno-hw-mul\libc.a(lib_a-freer.o)
 .bss           0x00096924        0x0 c:/program files/altera/12.1/nios2eds/bin/gnu/h-i686-mingw32/bin/../lib/gcc/nios2-elf/4.1.2/../../../../nios2-elf/lib/mno-hw-mul\libc.a(lib_a-fseek.o)
 .bss           0x00096924        0x0 c:/program files/altera/12.1/nios2eds/bin/gnu/h-i686-mingw32/bin/../lib/gcc/nios2-elf/4.1.2/../../../../nios2-elf/lib/mno-hw-mul\libc.a(lib_a-fstatr.o)
 .bss           0x00096924        0x0 c:/program files/altera/12.1/nios2eds/bin/gnu/h-i686-mingw32/bin/../lib/gcc/nios2-elf/4.1.2/../../../../nios2-elf/lib/mno-hw-mul\libc.a(lib_a-fwalk.o)
 .bss           0x00096924        0x0 c:/program files/altera/12.1/nios2eds/bin/gnu/h-i686-mingw32/bin/../lib/gcc/nios2-elf/4.1.2/../../../../nios2-elf/lib/mno-hw-mul\libc.a(lib_a-fwrite.o)
 .bss           0x00096924        0x0 c:/program files/altera/12.1/nios2eds/bin/gnu/h-i686-mingw32/bin/../lib/gcc/nios2-elf/4.1.2/../../../../nios2-elf/lib/mno-hw-mul\libc.a(lib_a-impure.o)
 .bss           0x00096924        0x0 c:/program files/altera/12.1/nios2eds/bin/gnu/h-i686-mingw32/bin/../lib/gcc/nios2-elf/4.1.2/../../../../nios2-elf/lib/mno-hw-mul\libc.a(lib_a-int_errno.o)
 .bss           0x00096924        0x0 c:/program files/altera/12.1/nios2eds/bin/gnu/h-i686-mingw32/bin/../lib/gcc/nios2-elf/4.1.2/../../../../nios2-elf/lib/mno-hw-mul\libc.a(lib_a-makebuf.o)
 .bss           0x00096924       0x28 c:/program files/altera/12.1/nios2eds/bin/gnu/h-i686-mingw32/bin/../lib/gcc/nios2-elf/4.1.2/../../../../nios2-elf/lib/mno-hw-mul\libc.a(lib_a-mallocr.o)
                0x00096924                __malloc_current_mallinfo
 .bss           0x0009694c        0x0 c:/program files/altera/12.1/nios2eds/bin/gnu/h-i686-mingw32/bin/../lib/gcc/nios2-elf/4.1.2/../../../../nios2-elf/lib/mno-hw-mul\libc.a(lib_a-memset.o)
 .bss           0x0009694c        0x0 c:/program files/altera/12.1/nios2eds/bin/gnu/h-i686-mingw32/bin/../lib/gcc/nios2-elf/4.1.2/../../../../nios2-elf/lib/mno-hw-mul\libc.a(lib_a-openr.o)
 .bss           0x0009694c        0x0 c:/program files/altera/12.1/nios2eds/bin/gnu/h-i686-mingw32/bin/../lib/gcc/nios2-elf/4.1.2/../../../../nios2-elf/lib/mno-hw-mul\libc.a(lib_a-printf.o)
 .bss           0x0009694c        0x0 c:/program files/altera/12.1/nios2eds/bin/gnu/h-i686-mingw32/bin/../lib/gcc/nios2-elf/4.1.2/../../../../nios2-elf/lib/mno-hw-mul\libc.a(lib_a-puts.o)
 .bss           0x0009694c        0x0 c:/program files/altera/12.1/nios2eds/bin/gnu/h-i686-mingw32/bin/../lib/gcc/nios2-elf/4.1.2/../../../../nios2-elf/lib/mno-hw-mul\libc.a(lib_a-refill.o)
 .bss           0x0009694c        0x0 c:/program files/altera/12.1/nios2eds/bin/gnu/h-i686-mingw32/bin/../lib/gcc/nios2-elf/4.1.2/../../../../nios2-elf/lib/mno-hw-mul\libc.a(lib_a-sbrkr.o)
 .bss           0x0009694c        0x0 c:/program files/altera/12.1/nios2eds/bin/gnu/h-i686-mingw32/bin/../lib/gcc/nios2-elf/4.1.2/../../../../nios2-elf/lib/mno-hw-mul\libc.a(lib_a-stdio.o)
 .bss           0x0009694c        0x0 c:/program files/altera/12.1/nios2eds/bin/gnu/h-i686-mingw32/bin/../lib/gcc/nios2-elf/4.1.2/../../../../nios2-elf/lib/mno-hw-mul\libc.a(lib_a-strlen.o)
 .bss           0x0009694c        0x0 c:/program files/altera/12.1/nios2eds/bin/gnu/h-i686-mingw32/bin/../lib/gcc/nios2-elf/4.1.2/../../../../nios2-elf/lib/mno-hw-mul\libc.a(lib_a-vfprintf.o)
 .bss           0x0009694c        0x0 c:/program files/altera/12.1/nios2eds/bin/gnu/h-i686-mingw32/bin/../lib/gcc/nios2-elf/4.1.2/../../../../nios2-elf/lib/mno-hw-mul\libc.a(lib_a-writer.o)
 .bss           0x0009694c        0x0 c:/program files/altera/12.1/nios2eds/bin/gnu/h-i686-mingw32/bin/../lib/gcc/nios2-elf/4.1.2/../../../../nios2-elf/lib/mno-hw-mul\libc.a(lib_a-wsetup.o)
 .bss           0x0009694c        0x0 c:/program files/altera/12.1/nios2eds/bin/gnu/h-i686-mingw32/bin/../lib/gcc/nios2-elf/4.1.2/../../../../nios2-elf/lib/mno-hw-mul\libc.a(lib_a-closer.o)
 .bss           0x0009694c        0x0 c:/program files/altera/12.1/nios2eds/bin/gnu/h-i686-mingw32/bin/../lib/gcc/nios2-elf/4.1.2/../../../../nios2-elf/lib/mno-hw-mul\libc.a(lib_a-dtoa.o)
 .bss           0x0009694c        0x0 c:/program files/altera/12.1/nios2eds/bin/gnu/h-i686-mingw32/bin/../lib/gcc/nios2-elf/4.1.2/../../../../nios2-elf/lib/mno-hw-mul\libc.a(lib_a-flags.o)
 .bss           0x0009694c        0x0 c:/program files/altera/12.1/nios2eds/bin/gnu/h-i686-mingw32/bin/../lib/gcc/nios2-elf/4.1.2/../../../../nios2-elf/lib/mno-hw-mul\libc.a(lib_a-fvwrite.o)
 .bss           0x0009694c        0x0 c:/program files/altera/12.1/nios2eds/bin/gnu/h-i686-mingw32/bin/../lib/gcc/nios2-elf/4.1.2/../../../../nios2-elf/lib/mno-hw-mul\libc.a(lib_a-isattyr.o)
 .bss           0x0009694c        0x0 c:/program files/altera/12.1/nios2eds/bin/gnu/h-i686-mingw32/bin/../lib/gcc/nios2-elf/4.1.2/../../../../nios2-elf/lib/mno-hw-mul\libc.a(lib_a-locale.o)
 .bss           0x0009694c        0x0 c:/program files/altera/12.1/nios2eds/bin/gnu/h-i686-mingw32/bin/../lib/gcc/nios2-elf/4.1.2/../../../../nios2-elf/lib/mno-hw-mul\libc.a(lib_a-lseekr.o)
 .bss           0x0009694c        0x0 c:/program files/altera/12.1/nios2eds/bin/gnu/h-i686-mingw32/bin/../lib/gcc/nios2-elf/4.1.2/../../../../nios2-elf/lib/mno-hw-mul\libc.a(lib_a-memchr.o)
 .bss           0x0009694c        0x0 c:/program files/altera/12.1/nios2eds/bin/gnu/h-i686-mingw32/bin/../lib/gcc/nios2-elf/4.1.2/../../../../nios2-elf/lib/mno-hw-mul\libc.a(lib_a-memcpy.o)
 .bss           0x0009694c        0x0 c:/program files/altera/12.1/nios2eds/bin/gnu/h-i686-mingw32/bin/../lib/gcc/nios2-elf/4.1.2/../../../../nios2-elf/lib/mno-hw-mul\libc.a(lib_a-memmove.o)
 .bss           0x0009694c        0x0 c:/program files/altera/12.1/nios2eds/bin/gnu/h-i686-mingw32/bin/../lib/gcc/nios2-elf/4.1.2/../../../../nios2-elf/lib/mno-hw-mul\libc.a(lib_a-mprec.o)
 .bss           0x0009694c        0x0 c:/program files/altera/12.1/nios2eds/bin/gnu/h-i686-mingw32/bin/../lib/gcc/nios2-elf/4.1.2/../../../../nios2-elf/lib/mno-hw-mul\libc.a(lib_a-readr.o)
 .bss           0x0009694c        0x0 c:/program files/altera/12.1/nios2eds/bin/gnu/h-i686-mingw32/bin/../lib/gcc/nios2-elf/4.1.2/../../../../nios2-elf/lib/mno-hw-mul\libc.a(lib_a-reallocr.o)
 .bss           0x0009694c        0x0 c:/program files/altera/12.1/nios2eds/bin/gnu/h-i686-mingw32/bin/../lib/gcc/nios2-elf/4.1.2/../../../../nios2-elf/lib/mno-hw-mul\libc.a(lib_a-s_isinfd.o)
 .bss           0x0009694c        0x0 c:/program files/altera/12.1/nios2eds/bin/gnu/h-i686-mingw32/bin/../lib/gcc/nios2-elf/4.1.2/../../../../nios2-elf/lib/mno-hw-mul\libc.a(lib_a-s_isnand.o)
 .bss           0x0009694c        0x0 c:/program files/altera/12.1/nios2eds/bin/gnu/h-i686-mingw32/bin/../lib/gcc/nios2-elf/4.1.2/../../../../nios2-elf/lib/mno-hw-mul\libc.a(lib_a-strcmp.o)
 .bss           0x0009694c        0x0 c:/program files/altera/12.1/nios2eds/bin/gnu/h-i686-mingw32/bin/../lib/gcc/nios2-elf/4.1.2/../../../../nios2-elf/lib/mno-hw-mul\libc.a(lib_a-callocr.o)
 .bss           0x0009694c        0x0 c:/program files/altera/12.1/nios2eds/bin/gnu/h-i686-mingw32/bin/../lib/gcc/nios2-elf/4.1.2/mno-hw-mul\libgcc.a(_udivdi3.o)
 .bss           0x0009694c        0x0 c:/program files/altera/12.1/nios2eds/bin/gnu/h-i686-mingw32/bin/../lib/gcc/nios2-elf/4.1.2/mno-hw-mul\libgcc.a(_umoddi3.o)
 .bss           0x0009694c        0x0 c:/program files/altera/12.1/nios2eds/bin/gnu/h-i686-mingw32/bin/../lib/gcc/nios2-elf/4.1.2/mno-hw-mul\libgcc.a(_ne_df.o)
 .bss           0x0009694c        0x0 c:/program files/altera/12.1/nios2eds/bin/gnu/h-i686-mingw32/bin/../lib/gcc/nios2-elf/4.1.2/mno-hw-mul\libgcc.a(_lt_df.o)
 .bss           0x0009694c        0x0 c:/program files/altera/12.1/nios2eds/bin/gnu/h-i686-mingw32/bin/../lib/gcc/nios2-elf/4.1.2/mno-hw-mul\libgcc.a(_usi_to_df.o)
 .bss           0x0009694c        0x0 ../KeyboardSound_bsp/\libhal_bsp.a(alt_close.o)
 .bss           0x0009694c        0x0 ../KeyboardSound_bsp/\libhal_bsp.a(alt_dev.o)
 .bss           0x0009694c        0x0 ../KeyboardSound_bsp/\libhal_bsp.a(alt_errno.o)
 .bss           0x0009694c        0x0 ../KeyboardSound_bsp/\libhal_bsp.a(alt_fstat.o)
 .bss           0x0009694c        0x0 ../KeyboardSound_bsp/\libhal_bsp.a(alt_isatty.o)
 .bss           0x0009694c        0x0 ../KeyboardSound_bsp/\libhal_bsp.a(alt_load.o)
 .bss           0x0009694c        0x0 ../KeyboardSound_bsp/\libhal_bsp.a(alt_lseek.o)
 .bss           0x0009694c        0x0 ../KeyboardSound_bsp/\libhal_bsp.a(alt_main.o)
 .bss           0x0009694c        0x0 ../KeyboardSound_bsp/\libhal_bsp.a(alt_malloc_lock.o)
 .bss           0x0009694c        0x0 ../KeyboardSound_bsp/\libhal_bsp.a(alt_open.o)
 .bss           0x0009694c        0x0 ../KeyboardSound_bsp/\libhal_bsp.a(alt_printf.o)
 .bss           0x0009694c        0x0 ../KeyboardSound_bsp/\libhal_bsp.a(alt_putchar.o)
 .bss           0x0009694c        0x0 ../KeyboardSound_bsp/\libhal_bsp.a(alt_read.o)
 .bss           0x0009694c        0x0 ../KeyboardSound_bsp/\libhal_bsp.a(alt_release_fd.o)
 .bss           0x0009694c        0x0 ../KeyboardSound_bsp/\libhal_bsp.a(alt_sbrk.o)
 .bss           0x0009694c        0x0 ../KeyboardSound_bsp/\libhal_bsp.a(alt_write.o)
 .bss           0x0009694c        0x0 ../KeyboardSound_bsp/\libhal_bsp.a(alt_sys_init.o)
 .bss           0x0009694c        0x0 ../KeyboardSound_bsp/\libhal_bsp.a(altera_avalon_jtag_uart_fd.o)
 .bss           0x0009694c        0x0 ../KeyboardSound_bsp/\libhal_bsp.a(altera_avalon_jtag_uart_init.o)
 .bss           0x0009694c        0x0 ../KeyboardSound_bsp/\libhal_bsp.a(altera_avalon_jtag_uart_ioctl.o)
 .bss           0x0009694c        0x0 ../KeyboardSound_bsp/\libhal_bsp.a(altera_avalon_jtag_uart_read.o)
 .bss           0x0009694c        0x0 ../KeyboardSound_bsp/\libhal_bsp.a(altera_avalon_jtag_uart_write.o)
 .bss           0x0009694c        0x0 ../KeyboardSound_bsp/\libhal_bsp.a(altera_avalon_lcd_16207.o)
 .bss           0x0009694c        0x0 ../KeyboardSound_bsp/\libhal_bsp.a(altera_avalon_lcd_16207_fd.o)
 .bss           0x0009694c        0x0 ../KeyboardSound_bsp/\libhal_bsp.a(altera_avalon_timer_sc.o)
 .bss           0x0009694c        0x0 ../KeyboardSound_bsp/\libhal_bsp.a(altera_avalon_timer_vars.o)
 .bss           0x0009694c        0x0 ../KeyboardSound_bsp/\libhal_bsp.a(altera_up_avalon_audio_and_video_config.o)
 .bss           0x0009694c        0x0 ../KeyboardSound_bsp/\libhal_bsp.a(altera_up_avalon_ps2.o)
 .bss           0x0009694c        0x0 ../KeyboardSound_bsp/\libhal_bsp.a(alt_alarm_start.o)
 .bss           0x0009694c        0x0 ../KeyboardSound_bsp/\libhal_bsp.a(alt_dcache_flush_all.o)
 .bss           0x0009694c        0x0 ../KeyboardSound_bsp/\libhal_bsp.a(alt_dev_llist_insert.o)
 .bss           0x0009694c        0x0 ../KeyboardSound_bsp/\libhal_bsp.a(alt_do_ctors.o)
 .bss           0x0009694c        0x0 ../KeyboardSound_bsp/\libhal_bsp.a(alt_do_dtors.o)
 .bss           0x0009694c        0x0 ../KeyboardSound_bsp/\libhal_bsp.a(alt_find_dev.o)
 .bss           0x0009694c        0x0 ../KeyboardSound_bsp/\libhal_bsp.a(alt_find_file.o)
 .bss           0x0009694c        0x0 ../KeyboardSound_bsp/\libhal_bsp.a(alt_get_fd.o)
 .bss           0x0009694c        0x0 ../KeyboardSound_bsp/\libhal_bsp.a(alt_icache_flush_all.o)
 .bss           0x0009694c        0x0 ../KeyboardSound_bsp/\libhal_bsp.a(alt_io_redirect.o)
 .bss           0x0009694c        0x0 ../KeyboardSound_bsp/\libhal_bsp.a(alt_irq_register.o)
 .bss           0x0009694c        0x0 ../KeyboardSound_bsp/\libhal_bsp.a(alt_irq_vars.o)
 .bss           0x0009694c        0x0 ../KeyboardSound_bsp/\libhal_bsp.a(alt_tick.o)
 .bss           0x0009694c        0x0 ../KeyboardSound_bsp/\libhal_bsp.a(alt_usleep.o)
 .bss           0x0009694c        0x0 ../KeyboardSound_bsp/\libhal_bsp.a(altera_nios2_irq.o)
 .bss           0x0009694c        0x0 ../KeyboardSound_bsp/\libhal_bsp.a(alt_busy_sleep.o)
 .bss           0x0009694c        0x0 ../KeyboardSound_bsp/\libhal_bsp.a(alt_irq_entry.o)
 .bss           0x0009694c        0x0 ../KeyboardSound_bsp/\libhal_bsp.a(alt_irq_handler.o)
 .bss           0x0009694c        0x0 ../KeyboardSound_bsp/\libhal_bsp.a(alt_exception_entry.o)
 .bss           0x0009694c        0x0 c:/program files/altera/12.1/nios2eds/bin/gnu/h-i686-mingw32/bin/../lib/gcc/nios2-elf/4.1.2/../../../../nios2-elf/lib/mno-hw-mul\libc.a(lib_a-atexit.o)
 .bss           0x0009694c        0x0 c:/program files/altera/12.1/nios2eds/bin/gnu/h-i686-mingw32/bin/../lib/gcc/nios2-elf/4.1.2/../../../../nios2-elf/lib/mno-hw-mul\libc.a(lib_a-ctype_.o)
 .bss           0x0009694c        0x0 c:/program files/altera/12.1/nios2eds/bin/gnu/h-i686-mingw32/bin/../lib/gcc/nios2-elf/4.1.2/../../../../nios2-elf/lib/mno-hw-mul\libc.a(lib_a-exit.o)
 .bss           0x0009694c        0x0 c:/program files/altera/12.1/nios2eds/bin/gnu/h-i686-mingw32/bin/../lib/gcc/nios2-elf/4.1.2/../../../../nios2-elf/lib/mno-hw-mul\libc.a(lib_a-memcmp.o)
 .bss           0x0009694c        0x0 c:/program files/altera/12.1/nios2eds/bin/gnu/h-i686-mingw32/bin/../lib/gcc/nios2-elf/4.1.2/../../../../nios2-elf/lib/mno-hw-mul\libc.a(lib_a-putc.o)
 .bss           0x0009694c        0x0 c:/program files/altera/12.1/nios2eds/bin/gnu/h-i686-mingw32/bin/../lib/gcc/nios2-elf/4.1.2/../../../../nios2-elf/lib/mno-hw-mul\libc.a(lib_a-wbuf.o)
 .bss           0x0009694c        0x0 c:/program files/altera/12.1/nios2eds/bin/gnu/h-i686-mingw32/bin/../lib/gcc/nios2-elf/4.1.2/../../../../nios2-elf/lib/mno-hw-mul\libc.a(lib_a-__atexit.o)
 .bss           0x0009694c        0x0 c:/program files/altera/12.1/nios2eds/bin/gnu/h-i686-mingw32/bin/../lib/gcc/nios2-elf/4.1.2/../../../../nios2-elf/lib/mno-hw-mul\libc.a(lib_a-__call_atexit.o)
 .bss           0x0009694c        0x0 ../KeyboardSound_bsp/\libhal_bsp.a(alt_exit.o)
 *(COMMON)
 COMMON         0x0009694c      0x100 ../KeyboardSound_bsp/\libhal_bsp.a(alt_irq_handler.o)
                0x0009694c                alt_irq
 COMMON         0x00096a4c      0x190 c:/program files/altera/12.1/nios2eds/bin/gnu/h-i686-mingw32/bin/../lib/gcc/nios2-elf/4.1.2/../../../../nios2-elf/lib/mno-hw-mul\libc.a(lib_a-atexit.o)
                0x00096a4c                _atexit0
                0x00096bdc                . = ALIGN (0x4)
                0x00096bdc                __bss_end = ABSOLUTE (.)

.sram_0         0x00096bdc        0x0
                0x00096bdc                PROVIDE (_alt_partition_sram_0_start, ABSOLUTE (.))
 *(.sram_0. sram_0.*)
                0x00096bdc                . = ALIGN (0x4)
                0x00096bdc                PROVIDE (_alt_partition_sram_0_end, ABSOLUTE (.))
                0x00096bdc                _end = ABSOLUTE (.)
                0x00096bdc                end = ABSOLUTE (.)
                0x00096bdc                __alt_stack_base = ABSOLUTE (.)
                0x00096bdc                PROVIDE (_alt_partition_sram_0_load_addr, LOADADDR (.sram_0))

.stab
 *(.stab)

.stabstr
 *(.stabstr)

.stab.excl
 *(.stab.excl)

.stab.exclstr
 *(.stab.exclstr)

.stab.index
 *(.stab.index)

.stab.indexstr
 *(.stab.indexstr)

.comment        0x00000000       0x23
 *(.comment)
 .comment       0x00000000       0x23 obj/default/HEX.o
                                 0x24 (size before relaxing)
 .comment       0x00000000       0x24 obj/default/LCD.o
 .comment       0x00000000       0x24 obj/default/keyboard.o
 .comment       0x00000000       0x24 obj/default/keys.o
 .comment       0x00000000       0x24 obj/default/master_main.o
 .comment       0x00000000       0x24 c:/program files/altera/12.1/nios2eds/bin/gnu/h-i686-mingw32/bin/../lib/gcc/nios2-elf/4.1.2/../../../../nios2-elf/lib/mno-hw-mul\libm.a(lib_a-s_sin.o)
 .comment       0x00000000       0x24 c:/program files/altera/12.1/nios2eds/bin/gnu/h-i686-mingw32/bin/../lib/gcc/nios2-elf/4.1.2/../../../../nios2-elf/lib/mno-hw-mul\libm.a(lib_a-e_rem_pio2.o)
 .comment       0x00000000       0x24 c:/program files/altera/12.1/nios2eds/bin/gnu/h-i686-mingw32/bin/../lib/gcc/nios2-elf/4.1.2/../../../../nios2-elf/lib/mno-hw-mul\libm.a(lib_a-k_cos.o)
 .comment       0x00000000       0x24 c:/program files/altera/12.1/nios2eds/bin/gnu/h-i686-mingw32/bin/../lib/gcc/nios2-elf/4.1.2/../../../../nios2-elf/lib/mno-hw-mul\libm.a(lib_a-k_rem_pio2.o)
 .comment       0x00000000       0x24 c:/program files/altera/12.1/nios2eds/bin/gnu/h-i686-mingw32/bin/../lib/gcc/nios2-elf/4.1.2/../../../../nios2-elf/lib/mno-hw-mul\libm.a(lib_a-k_sin.o)
 .comment       0x00000000       0x24 c:/program files/altera/12.1/nios2eds/bin/gnu/h-i686-mingw32/bin/../lib/gcc/nios2-elf/4.1.2/../../../../nios2-elf/lib/mno-hw-mul\libm.a(lib_a-s_fabs.o)
 .comment       0x00000000       0x24 c:/program files/altera/12.1/nios2eds/bin/gnu/h-i686-mingw32/bin/../lib/gcc/nios2-elf/4.1.2/../../../../nios2-elf/lib/mno-hw-mul\libm.a(lib_a-s_floor.o)
 .comment       0x00000000       0x24 c:/program files/altera/12.1/nios2eds/bin/gnu/h-i686-mingw32/bin/../lib/gcc/nios2-elf/4.1.2/../../../../nios2-elf/lib/mno-hw-mul\libm.a(lib_a-s_scalbn.o)
 .comment       0x00000000       0x24 c:/program files/altera/12.1/nios2eds/bin/gnu/h-i686-mingw32/bin/../lib/gcc/nios2-elf/4.1.2/../../../../nios2-elf/lib/mno-hw-mul\libm.a(lib_a-s_copysign.o)
 .comment       0x00000000       0x24 c:/program files/altera/12.1/nios2eds/bin/gnu/h-i686-mingw32/bin/../lib/gcc/nios2-elf/4.1.2/mno-hw-mul\libgcc.a(_addsub_df.o)
 .comment       0x00000000       0x24 c:/program files/altera/12.1/nios2eds/bin/gnu/h-i686-mingw32/bin/../lib/gcc/nios2-elf/4.1.2/mno-hw-mul\libgcc.a(_mul_df.o)
 .comment       0x00000000       0x24 c:/program files/altera/12.1/nios2eds/bin/gnu/h-i686-mingw32/bin/../lib/gcc/nios2-elf/4.1.2/mno-hw-mul\libgcc.a(_div_df.o)
 .comment       0x00000000       0x24 c:/program files/altera/12.1/nios2eds/bin/gnu/h-i686-mingw32/bin/../lib/gcc/nios2-elf/4.1.2/mno-hw-mul\libgcc.a(_eq_df.o)
 .comment       0x00000000       0x24 c:/program files/altera/12.1/nios2eds/bin/gnu/h-i686-mingw32/bin/../lib/gcc/nios2-elf/4.1.2/mno-hw-mul\libgcc.a(_gt_df.o)
 .comment       0x00000000       0x24 c:/program files/altera/12.1/nios2eds/bin/gnu/h-i686-mingw32/bin/../lib/gcc/nios2-elf/4.1.2/mno-hw-mul\libgcc.a(_ge_df.o)
 .comment       0x00000000       0x24 c:/program files/altera/12.1/nios2eds/bin/gnu/h-i686-mingw32/bin/../lib/gcc/nios2-elf/4.1.2/mno-hw-mul\libgcc.a(_si_to_df.o)
 .comment       0x00000000       0x24 c:/program files/altera/12.1/nios2eds/bin/gnu/h-i686-mingw32/bin/../lib/gcc/nios2-elf/4.1.2/mno-hw-mul\libgcc.a(_df_to_si.o)
 .comment       0x00000000       0x24 c:/program files/altera/12.1/nios2eds/bin/gnu/h-i686-mingw32/bin/../lib/gcc/nios2-elf/4.1.2/mno-hw-mul\libgcc.a(_thenan_df.o)
 .comment       0x00000000       0x24 c:/program files/altera/12.1/nios2eds/bin/gnu/h-i686-mingw32/bin/../lib/gcc/nios2-elf/4.1.2/mno-hw-mul\libgcc.a(lib2-divmod.o)
 .comment       0x00000000       0x24 c:/program files/altera/12.1/nios2eds/bin/gnu/h-i686-mingw32/bin/../lib/gcc/nios2-elf/4.1.2/mno-hw-mul\libgcc.a(lib2-mul.o)
 .comment       0x00000000       0x24 c:/program files/altera/12.1/nios2eds/bin/gnu/h-i686-mingw32/bin/../lib/gcc/nios2-elf/4.1.2/mno-hw-mul\libgcc.a(_muldi3.o)
 .comment       0x00000000       0x24 c:/program files/altera/12.1/nios2eds/bin/gnu/h-i686-mingw32/bin/../lib/gcc/nios2-elf/4.1.2/mno-hw-mul\libgcc.a(_clzsi2.o)
 .comment       0x00000000       0x24 c:/program files/altera/12.1/nios2eds/bin/gnu/h-i686-mingw32/bin/../lib/gcc/nios2-elf/4.1.2/mno-hw-mul\libgcc.a(_pack_df.o)
 .comment       0x00000000       0x24 c:/program files/altera/12.1/nios2eds/bin/gnu/h-i686-mingw32/bin/../lib/gcc/nios2-elf/4.1.2/mno-hw-mul\libgcc.a(_unpack_df.o)
 .comment       0x00000000       0x24 c:/program files/altera/12.1/nios2eds/bin/gnu/h-i686-mingw32/bin/../lib/gcc/nios2-elf/4.1.2/mno-hw-mul\libgcc.a(_fpcmp_parts_df.o)
 .comment       0x00000000       0x24 c:/program files/altera/12.1/nios2eds/bin/gnu/h-i686-mingw32/bin/../lib/gcc/nios2-elf/4.1.2/mno-hw-mul\libgcc.a(_clz.o)
 .comment       0x00000000       0x24 c:/program files/altera/12.1/nios2eds/bin/gnu/h-i686-mingw32/bin/../lib/gcc/nios2-elf/4.1.2/../../../../nios2-elf/lib/mno-hw-mul\libc.a(lib_a-fclose.o)
 .comment       0x00000000       0x24 c:/program files/altera/12.1/nios2eds/bin/gnu/h-i686-mingw32/bin/../lib/gcc/nios2-elf/4.1.2/../../../../nios2-elf/lib/mno-hw-mul\libc.a(lib_a-fflush.o)
 .comment       0x00000000       0x24 c:/program files/altera/12.1/nios2eds/bin/gnu/h-i686-mingw32/bin/../lib/gcc/nios2-elf/4.1.2/../../../../nios2-elf/lib/mno-hw-mul\libc.a(lib_a-findfp.o)
 .comment       0x00000000       0x24 c:/program files/altera/12.1/nios2eds/bin/gnu/h-i686-mingw32/bin/../lib/gcc/nios2-elf/4.1.2/../../../../nios2-elf/lib/mno-hw-mul\libc.a(lib_a-fopen.o)