Archive member included because of file (symbol)

c:/altera/12.1/nios2eds/bin/gnu/h-i686-mingw32/bin/../lib/gcc/nios2-elf/4.1.2/../../../../nios2-elf/lib/mno-hw-mul\libc.a(lib_a-puts.o)
                              obj/default/hello_world.o (puts)
c:/altera/12.1/nios2eds/bin/gnu/h-i686-mingw32/bin/../lib/gcc/nios2-elf/4.1.2/../../../../nios2-elf/lib/mno-hw-mul\libc.a(lib_a-strlen.o)
                              c:/altera/12.1/nios2eds/bin/gnu/h-i686-mingw32/bin/../lib/gcc/nios2-elf/4.1.2/../../../../nios2-elf/lib/mno-hw-mul\libc.a(lib_a-puts.o) (strlen)
c:/altera/12.1/nios2eds/bin/gnu/h-i686-mingw32/bin/../lib/gcc/nios2-elf/4.1.2/../../../../nios2-elf/lib/mno-hw-mul\libc.a(lib_a-fvwrite.o)
                              c:/altera/12.1/nios2eds/bin/gnu/h-i686-mingw32/bin/../lib/gcc/nios2-elf/4.1.2/../../../../nios2-elf/lib/mno-hw-mul\libc.a(lib_a-puts.o) (__sfvwrite_r)
c:/altera/12.1/nios2eds/bin/gnu/h-i686-mingw32/bin/../lib/gcc/nios2-elf/4.1.2/../../../../nios2-elf/lib/mno-hw-mul\libc.a(lib_a-impure.o)
                              c:/altera/12.1/nios2eds/bin/gnu/h-i686-mingw32/bin/../lib/gcc/nios2-elf/4.1.2/../../../../nios2-elf/lib/mno-hw-mul\libc.a(lib_a-puts.o) (_impure_ptr)
c:/altera/12.1/nios2eds/bin/gnu/h-i686-mingw32/bin/../lib/gcc/nios2-elf/4.1.2/../../../../nios2-elf/lib/mno-hw-mul\libc.a(lib_a-mallocr.o)
                              c:/altera/12.1/nios2eds/bin/gnu/h-i686-mingw32/bin/../lib/gcc/nios2-elf/4.1.2/../../../../nios2-elf/lib/mno-hw-mul\libc.a(lib_a-fvwrite.o) (_malloc_r)
c:/altera/12.1/nios2eds/bin/gnu/h-i686-mingw32/bin/../lib/gcc/nios2-elf/4.1.2/../../../../nios2-elf/lib/mno-hw-mul\libc.a(lib_a-memchr.o)
                              c:/altera/12.1/nios2eds/bin/gnu/h-i686-mingw32/bin/../lib/gcc/nios2-elf/4.1.2/../../../../nios2-elf/lib/mno-hw-mul\libc.a(lib_a-fvwrite.o) (memchr)
c:/altera/12.1/nios2eds/bin/gnu/h-i686-mingw32/bin/../lib/gcc/nios2-elf/4.1.2/../../../../nios2-elf/lib/mno-hw-mul\libc.a(lib_a-memcpy.o)
                              c:/altera/12.1/nios2eds/bin/gnu/h-i686-mingw32/bin/../lib/gcc/nios2-elf/4.1.2/../../../../nios2-elf/lib/mno-hw-mul\libc.a(lib_a-fvwrite.o) (memcpy)
c:/altera/12.1/nios2eds/bin/gnu/h-i686-mingw32/bin/../lib/gcc/nios2-elf/4.1.2/../../../../nios2-elf/lib/mno-hw-mul\libc.a(lib_a-memmove.o)
                              c:/altera/12.1/nios2eds/bin/gnu/h-i686-mingw32/bin/../lib/gcc/nios2-elf/4.1.2/../../../../nios2-elf/lib/mno-hw-mul\libc.a(lib_a-fvwrite.o) (memmove)
c:/altera/12.1/nios2eds/bin/gnu/h-i686-mingw32/bin/../lib/gcc/nios2-elf/4.1.2/../../../../nios2-elf/lib/mno-hw-mul\libc.a(lib_a-reallocr.o)
                              c:/altera/12.1/nios2eds/bin/gnu/h-i686-mingw32/bin/../lib/gcc/nios2-elf/4.1.2/../../../../nios2-elf/lib/mno-hw-mul\libc.a(lib_a-fvwrite.o) (_realloc_r)
c:/altera/12.1/nios2eds/bin/gnu/h-i686-mingw32/bin/../lib/gcc/nios2-elf/4.1.2/../../../../nios2-elf/lib/mno-hw-mul\libc.a(lib_a-sbrkr.o)
                              c:/altera/12.1/nios2eds/bin/gnu/h-i686-mingw32/bin/../lib/gcc/nios2-elf/4.1.2/../../../../nios2-elf/lib/mno-hw-mul\libc.a(lib_a-mallocr.o) (_sbrk_r)
c:/altera/12.1/nios2eds/bin/gnu/h-i686-mingw32/bin/../lib/gcc/nios2-elf/4.1.2/../../../../nios2-elf/lib/mno-hw-mul\libc.a(lib_a-wsetup.o)
                              c:/altera/12.1/nios2eds/bin/gnu/h-i686-mingw32/bin/../lib/gcc/nios2-elf/4.1.2/../../../../nios2-elf/lib/mno-hw-mul\libc.a(lib_a-fvwrite.o) (__swsetup_r)
c:/altera/12.1/nios2eds/bin/gnu/h-i686-mingw32/bin/../lib/gcc/nios2-elf/4.1.2/../../../../nios2-elf/lib/mno-hw-mul\libc.a(lib_a-fflush.o)
                              c:/altera/12.1/nios2eds/bin/gnu/h-i686-mingw32/bin/../lib/gcc/nios2-elf/4.1.2/../../../../nios2-elf/lib/mno-hw-mul\libc.a(lib_a-fvwrite.o) (_fflush_r)
c:/altera/12.1/nios2eds/bin/gnu/h-i686-mingw32/bin/../lib/gcc/nios2-elf/4.1.2/../../../../nios2-elf/lib/mno-hw-mul\libc.a(lib_a-findfp.o)
                              c:/altera/12.1/nios2eds/bin/gnu/h-i686-mingw32/bin/../lib/gcc/nios2-elf/4.1.2/../../../../nios2-elf/lib/mno-hw-mul\libc.a(lib_a-wsetup.o) (__sinit)
c:/altera/12.1/nios2eds/bin/gnu/h-i686-mingw32/bin/../lib/gcc/nios2-elf/4.1.2/../../../../nios2-elf/lib/mno-hw-mul\libc.a(lib_a-freer.o)
                              c:/altera/12.1/nios2eds/bin/gnu/h-i686-mingw32/bin/../lib/gcc/nios2-elf/4.1.2/../../../../nios2-elf/lib/mno-hw-mul\libc.a(lib_a-fvwrite.o) (_free_r)
c:/altera/12.1/nios2eds/bin/gnu/h-i686-mingw32/bin/../lib/gcc/nios2-elf/4.1.2/../../../../nios2-elf/lib/mno-hw-mul\libc.a(lib_a-fwalk.o)
                              c:/altera/12.1/nios2eds/bin/gnu/h-i686-mingw32/bin/../lib/gcc/nios2-elf/4.1.2/../../../../nios2-elf/lib/mno-hw-mul\libc.a(lib_a-fflush.o) (_fwalk_reent)
c:/altera/12.1/nios2eds/bin/gnu/h-i686-mingw32/bin/../lib/gcc/nios2-elf/4.1.2/../../../../nios2-elf/lib/mno-hw-mul\libc.a(lib_a-int_errno.o)
[...]
Memory Configuration

Name             Origin             Length             Attributes
reset            0x00080000         0x00000020
sram_0           0x00080020         0x0007ffe0
*default*        0x00000000         0xffffffff

Linker script and memory map

LOAD ../Ello_World_bsp//obj/HAL/src/crt0.o
LOAD obj/default/hello_world.o
LOAD c:/altera/12.1/nios2eds/bin/gnu/h-i686-mingw32/bin/../lib/gcc/nios2-elf/4.1.2/../../../../nios2-elf/lib/mno-hw-mul\libstdc++.a
LOAD c:/altera/12.1/nios2eds/bin/gnu/h-i686-mingw32/bin/../lib/gcc/nios2-elf/4.1.2/../../../../nios2-elf/lib/mno-hw-mul\libm.a
LOAD c:/altera/12.1/nios2eds/bin/gnu/h-i686-mingw32/bin/../lib/gcc/nios2-elf/4.1.2/mno-hw-mul\libgcc.a
START GROUP
LOAD c:/altera/12.1/nios2eds/bin/gnu/h-i686-mingw32/bin/../lib/gcc/nios2-elf/4.1.2/../../../../nios2-elf/lib/mno-hw-mul\libc.a
LOAD c:/altera/12.1/nios2eds/bin/gnu/h-i686-mingw32/bin/../lib/gcc/nios2-elf/4.1.2/mno-hw-mul\libgcc.a
LOAD ../Ello_World_bsp/\libhal_bsp.a
END GROUP
LOAD c:/altera/12.1/nios2eds/bin/gnu/h-i686-mingw32/bin/../lib/gcc/nios2-elf/4.1.2/mno-hw-mul\libgcc.a
                0x00080000                __alt_mem_sram_0 = 0x80000

.entry          0x00080000       0x20
 *(.entry)
 .entry         0x00080000       0x20 ../Ello_World_bsp//obj/HAL/src/crt0.o
                0x00080000                __reset

.exceptions     0x00080020      0x194
                0x00080020                PROVIDE (__ram_exceptions_start, ABSOLUTE (.))
                0x00080020                . = ALIGN (0x20)
 *(.irq)
 *(.exceptions.entry.label)
 .exceptions.entry.label
                0x00080020        0x0 ../Ello_World_bsp/\libhal_bsp.a(alt_irq_entry.o)
                0x00080020                alt_irq_entry
 .exceptions.entry.label
                0x00080020        0x0 ../Ello_World_bsp/\libhal_bsp.a(alt_exception_entry.o)
                0x00080020                alt_exception
 *(.exceptions.entry.user)
 *(.exceptions.entry)
 .exceptions.entry
                0x00080020       0x54 ../Ello_World_bsp/\libhal_bsp.a(alt_exception_entry.o)
 *(.exceptions.irqtest.user)
 *(.exceptions.irqtest)
 .exceptions.irqtest
                0x00080074       0x10 ../Ello_World_bsp/\libhal_bsp.a(alt_irq_entry.o)
 *(.exceptions.irqhandler.user)
 *(.exceptions.irqhandler)
 .exceptions.irqhandler
                0x00080084        0x4 ../Ello_World_bsp/\libhal_bsp.a(alt_irq_entry.o)
 *(.exceptions.irqreturn.user)
 *(.exceptions.irqreturn)
 .exceptions.irqreturn
                0x00080088        0x4 ../Ello_World_bsp/\libhal_bsp.a(alt_irq_entry.o)
 *(.exceptions.notirq.label)
 .exceptions.notirq.label
                0x0008008c        0x0 ../Ello_World_bsp/\libhal_bsp.a(alt_irq_entry.o)
 *(.exceptions.notirq.user)
 *(.exceptions.notirq)
 .exceptions.notirq
                0x0008008c        0x8 ../Ello_World_bsp/\libhal_bsp.a(alt_exception_entry.o)
 *(.exceptions.soft.user)
 *(.exceptions.soft)
 *(.exceptions.unknown.user)
 *(.exceptions.unknown)
 .exceptions.unknown
                0x00080094        0x4 ../Ello_World_bsp/\libhal_bsp.a(alt_exception_entry.o)
 *(.exceptions.exit.label)
 .exceptions.exit.label
                0x00080098        0x0 ../Ello_World_bsp/\libhal_bsp.a(alt_irq_entry.o)
 .exceptions.exit.label
                0x00080098        0x0 ../Ello_World_bsp/\libhal_bsp.a(alt_exception_entry.o)
 *(.exceptions.exit.user)
 *(.exceptions.exit)
 .exceptions.exit
                0x00080098       0x54 ../Ello_World_bsp/\libhal_bsp.a(alt_exception_entry.o)
 *(.exceptions)
 .exceptions    0x000800ec       0xc8 ../Ello_World_bsp/\libhal_bsp.a(alt_irq_handler.o)
                0x000800ec                alt_irq_handler
                0x000801b4                PROVIDE (__ram_exceptions_end, ABSOLUTE (.))
                0x00080020                PROVIDE (__flash_exceptions_start, LOADADDR (.exceptions))

.text           0x000801b4     0x671c
                0x000801b4                PROVIDE (stext, ABSOLUTE (.))
 *(.interp)
 *(.hash)
 *(.dynsym)
 *(.dynstr)
 *(.gnu.version)
 *(.gnu.version_d)
 *(.gnu.version_r)
 *(.rel.init)
 *(.rela.init)
 *(.rel.text .rel.text.* .rel.gnu.linkonce.t.*)
 *(.rela.text .rela.text.* .rela.gnu.linkonce.t.*)
 *(.rel.fini)
 *(.rela.fini)
 *(.rel.rodata .rel.rodata.* .rel.gnu.linkonce.r.*)
 *(.rela.rodata .rela.rodata.* .rela.gnu.linkonce.r.*)
 *(.rel.data .rel.data.* .rel.gnu.linkonce.d.*)
 *(.rela.data .rela.data.* .rela.gnu.linkonce.d.*)
 *(.rel.tdata .rel.tdata.* .rel.gnu.linkonce.td.*)
 *(.rela.tdata .rela.tdata.* .rela.gnu.linkonce.td.*)
 *(.rel.tbss .rel.tbss.* .rel.gnu.linkonce.tb.*)
 *(.rela.tbss .rela.tbss.* .rela.gnu.linkonce.tb.*)
 *(.rel.ctors)
 *(.rela.ctors)
 *(.rel.dtors)
 *(.rela.dtors)
 *(.rel.got)
 *(.rela.got)
 *(.rel.sdata .rel.sdata.* .rel.gnu.linkonce.s.*)
 *(.rela.sdata .rela.sdata.* .rela.gnu.linkonce.s.*)
 *(.rel.sbss .rel.sbss.* .rel.gnu.linkonce.sb.*)
 *(.rela.sbss .rela.sbss.* .rela.gnu.linkonce.sb.*)
 *(.rel.sdata2 .rel.sdata2.* .rel.gnu.linkonce.s2.*)
 *(.rela.sdata2 .rela.sdata2.* .rela.gnu.linkonce.s2.*)
 *(.rel.sbss2 .rel.sbss2.* .rel.gnu.linkonce.sb2.*)
 *(.rela.sbss2 .rela.sbss2.* .rela.gnu.linkonce.sb2.*)
 *(.rel.bss .rel.bss.* .rel.gnu.linkonce.b.*)
 *(.rela.bss .rela.bss.* .rela.gnu.linkonce.b.*)
 *(.rel.plt)
 *(.rela.plt)
 *(.rel.dyn)
 *(.init)
 *(.plt)
 *(.text .stub .text.* .gnu.linkonce.t.*)
 .text          0x000801b4       0x3c ../Ello_World_bsp//obj/HAL/src/crt0.o
                0x000801b4                _start
 .text          0x000801f0       0x34 obj/default/hello_world.o
                0x000801f0                main
 .text          0x00080224       0xb4 c:/altera/12.1/nios2eds/bin/gnu/h-i686-mingw32/bin/../lib/gcc/nios2-elf/4.1.2/../../../../nios2-elf/lib/mno-hw-mul\libc.a(lib_a-puts.o)
                0x00080224                _puts_r
                0x000802c4                puts
 .text          0x000802d8       0x74 c:/altera/12.1/nios2eds/bin/gnu/h-i686-mingw32/bin/../lib/gcc/nios2-elf/4.1.2/../../../../nios2-elf/lib/mno-hw-mul\libc.a(lib_a-strlen.o)
                0x000802d8                strlen
 .text          0x0008034c      0x49c c:/altera/12.1/nios2eds/bin/gnu/h-i686-mingw32/bin/../lib/gcc/nios2-elf/4.1.2/../../../../nios2-elf/lib/mno-hw-mul\libc.a(lib_a-fvwrite.o)
                0x0008034c                __sfvwrite_r
 .text          0x000807e8        0x0 c:/altera/12.1/nios2eds/bin/gnu/h-i686-mingw32/bin/../lib/gcc/nios2-elf/4.1.2/../../../../nios2-elf/lib/mno-hw-mul\libc.a(lib_a-impure.o)
 .text          0x000807e8      0x740 c:/altera/12.1/nios2eds/bin/gnu/h-i686-mingw32/bin/../lib/gcc/nios2-elf/4.1.2/../../../../nios2-elf/lib/mno-hw-mul\libc.a(lib_a-mallocr.o)
                0x000807e8                _malloc_r
 .text          0x00080f28       0xe4 c:/altera/12.1/nios2eds/bin/gnu/h-i686-mingw32/bin/../lib/gcc/nios2-elf/4.1.2/../../../../nios2-elf/lib/mno-hw-mul\libc.a(lib_a-memchr.o)
                0x00080f28                memchr
 .text          0x0008100c       0xa0 c:/altera/12.1/nios2eds/bin/gnu/h-i686-mingw32/bin/../lib/gcc/nios2-elf/4.1.2/../../../../nios2-elf/lib/mno-hw-mul\libc.a(lib_a-memcpy.o)
                0x0008100c                memcpy
 .text          0x000810ac       0xe0 c:/altera/12.1/nios2eds/bin/gnu/h-i686-mingw32/bin/../lib/gcc/nios2-elf/4.1.2/../../../../nios2-elf/lib/mno-hw-mul\libc.a(lib_a-memmove.o)
                0x000810ac                memmove
 .text          0x0008118c      0x5f4 c:/altera/12.1/nios2eds/bin/gnu/h-i686-mingw32/bin/../lib/gcc/nios2-elf/4.1.2/../../../../nios2-elf/lib/mno-hw-mul\libc.a(lib_a-reallocr.o)
                0x0008118c                _realloc_r
 .text          0x00081780       0x70 c:/altera/12.1/nios2eds/bin/gnu/h-i686-mingw32/bin/../lib/gcc/nios2-elf/4.1.2/../../../../nios2-elf/lib/mno-hw-mul\libc.a(lib_a-sbrkr.o)
                0x00081780                _sbrk_r
 .text          0x000817f0      0x13c c:/altera/12.1/nios2eds/bin/gnu/h-i686-mingw32/bin/../lib/gcc/nios2-elf/4.1.2/../../../../nios2-elf/lib/mno-hw-mul\libc.a(lib_a-wsetup.o)
                0x000817f0                __swsetup_r
 .text          0x0008192c      0x230 c:/altera/12.1/nios2eds/bin/gnu/h-i686-mingw32/bin/../lib/gcc/nios2-elf/4.1.2/../../../../nios2-elf/lib/mno-hw-mul\libc.a(lib_a-fflush.o)
                0x0008192c                _fflush_r
                0x00081b28                fflush
 .text          0x00081b5c      0x2f4 c:/altera/12.1/nios2eds/bin/gnu/h-i686-mingw32/bin/../lib/gcc/nios2-elf/4.1.2/../../../../nios2-elf/lib/mno-hw-mul\libc.a(lib_a-findfp.o)
                0x00081bb4                __sfp_lock_acquire
                0x00081bb8                __sfp_lock_release
                0x00081bbc                __sinit_lock_acquire
                0x00081bc0                __sinit_lock_release
                0x00081bc4                __sinit
                0x00081c78                __fp_unlock_all
                0x00081c90                __fp_lock_all
                0x00081ca8                _cleanup_r
                0x00081cb4                _cleanup
                0x00081cc4                __sfmoreglue
                0x00081d60                __sfp
 .text          0x00081e50      0x440 c:/altera/12.1/nios2eds/bin/gnu/h-i686-mingw32/bin/../lib/gcc/nios2-elf/4.1.2/../../../../nios2-elf/lib/mno-hw-mul\libc.a(lib_a-freer.o)
                0x00081e50                _malloc_trim_r
                0x00081f7c                _free_r
 .text          0x00082290      0x180 c:/altera/12.1/nios2eds/bin/gnu/h-i686-mingw32/bin/../lib/gcc/nios2-elf/4.1.2/../../../../nios2-elf/lib/mno-hw-mul\libc.a(lib_a-fwalk.o)
                0x00082290                _fwalk_reent
                0x00082358                _fwalk
 .text          0x00082410        0x0 c:/altera/12.1/nios2eds/bin/gnu/h-i686-mingw32/bin/../lib/gcc/nios2-elf/4.1.2/../../../../nios2-elf/lib/mno-hw-mul\libc.a(lib_a-int_errno.o)
 .text          0x00082410      0x194 c:/altera/12.1/nios2eds/bin/gnu/h-i686-mingw32/bin/../lib/gcc/nios2-elf/4.1.2/../../../../nios2-elf/lib/mno-hw-mul\libc.a(lib_a-makebuf.o)
                0x00082410                __smakebuf_r
 .text          0x000825a4       0x98 c:/altera/12.1/nios2eds/bin/gnu/h-i686-mingw32/bin/../lib/gcc/nios2-elf/4.1.2/../../../../nios2-elf/lib/mno-hw-mul\libc.a(lib_a-memset.o)
                0x000825a4                memset
 .text          0x0008263c      0x14c c:/altera/12.1/nios2eds/bin/gnu/h-i686-mingw32/bin/../lib/gcc/nios2-elf/4.1.2/../../../../nios2-elf/lib/mno-hw-mul\libc.a(lib_a-stdio.o)
                0x0008263c                __sclose
                0x00082644                __sseek
                0x000826ac                __swrite
                0x00082728                __sread
 .text          0x00082788       0x78 c:/altera/12.1/nios2eds/bin/gnu/h-i686-mingw32/bin/../lib/gcc/nios2-elf/4.1.2/../../../../nios2-elf/lib/mno-hw-mul\libc.a(lib_a-writer.o)
                0x00082788                _write_r
 .text          0x00082800       0x70 c:/altera/12.1/nios2eds/bin/gnu/h-i686-mingw32/bin/../lib/gcc/nios2-elf/4.1.2/../../../../nios2-elf/lib/mno-hw-mul\libc.a(lib_a-closer.o)
                0x00082800                _close_r
 .text          0x00082870      0x124 c:/altera/12.1/nios2eds/bin/gnu/h-i686-mingw32/bin/../lib/gcc/nios2-elf/4.1.2/../../../../nios2-elf/lib/mno-hw-mul\libc.a(lib_a-fclose.o)
                0x00082870                _fclose_r
                0x00082980                fclose
 .text          0x00082994       0x74 c:/altera/12.1/nios2eds/bin/gnu/h-i686-mingw32/bin/../lib/gcc/nios2-elf/4.1.2/../../../../nios2-elf/lib/mno-hw-mul\libc.a(lib_a-fstatr.o)
                0x00082994                _fstat_r
 .text          0x00082a08       0x70 c:/altera/12.1/nios2eds/bin/gnu/h-i686-mingw32/bin/../lib/gcc/nios2-elf/4.1.2/../../../../nios2-elf/lib/mno-hw-mul\libc.a(lib_a-isattyr.o)
                0x00082a08                _isatty_r
 .text          0x00082a78       0x78 c:/altera/12.1/nios2eds/bin/gnu/h-i686-mingw32/bin/../lib/gcc/nios2-elf/4.1.2/../../../../nios2-elf/lib/mno-hw-mul\libc.a(lib_a-lseekr.o)
                0x00082a78                _lseek_r
 .text          0x00082af0       0x78 c:/altera/12.1/nios2eds/bin/gnu/h-i686-mingw32/bin/../lib/gcc/nios2-elf/4.1.2/../../../../nios2-elf/lib/mno-hw-mul\libc.a(lib_a-readr.o)
                0x00082af0                _read_r
 .text          0x00082b68       0x38 c:/altera/12.1/nios2eds/bin/gnu/h-i686-mingw32/bin/../lib/gcc/nios2-elf/4.1.2/mno-hw-mul\libgcc.a(lib2-mul.o)
                0x00082b68                __mulsi3
 .text          0x00082ba0      0x160 ../Ello_World_bsp/\libhal_bsp.a(alt_close.o)
                0x00082ba0                close
 .text          0x00082d00       0x2c ../Ello_World_bsp/\libhal_bsp.a(alt_dev.o)
 .text          0x00082d2c        0x0 ../Ello_World_bsp/\libhal_bsp.a(alt_errno.o)
 .text          0x00082d2c      0x138 ../Ello_World_bsp/\libhal_bsp.a(alt_fstat.o)
                0x00082d2c                fstat
 .text          0x00082e64      0x124 ../Ello_World_bsp/\libhal_bsp.a(alt_isatty.o)
                0x00082e64                isatty
 .text          0x00082f88       0xec ../Ello_World_bsp/\libhal_bsp.a(alt_load.o)
                0x00082f88                alt_load
 .text          0x00083074      0x154 ../Ello_World_bsp/\libhal_bsp.a(alt_lseek.o)
                0x00083074                lseek
 .text          0x000831c8       0x6c ../Ello_World_bsp/\libhal_bsp.a(alt_main.o)
                0x000831c8                alt_main
 .text          0x00083234       0x40 ../Ello_World_bsp/\libhal_bsp.a(alt_malloc_lock.o)
                0x00083234                __malloc_lock
                0x00083254                __malloc_unlock
 .text          0x00083274      0x184 ../Ello_World_bsp/\libhal_bsp.a(alt_read.o)
                0x00083274                read
 .text          0x000833f8       0x78 ../Ello_World_bsp/\libhal_bsp.a(alt_release_fd.o)
                0x000833f8                alt_release_fd
 .text          0x00083470       0xbc ../Ello_World_bsp/\libhal_bsp.a(alt_sbrk.o)
                0x00083470                sbrk
 .text          0x0008352c      0x184 ../Ello_World_bsp/\libhal_bsp.a(alt_write.o)
                0x0008352c                write
 .text          0x000836b0      0x108 ../Ello_World_bsp/\libhal_bsp.a(alt_sys_init.o)
                0x000836b0                alt_irq_init
                0x000836e4                alt_sys_init
 .text          0x000837b8      0x148 ../Ello_World_bsp/\libhal_bsp.a(altera_avalon_jtag_uart_fd.o)
                0x000837b8                altera_avalon_jtag_uart_read_fd
                0x00083810                altera_avalon_jtag_uart_write_fd
                0x00083868                altera_avalon_jtag_uart_close_fd
                0x000838b0                altera_avalon_jtag_uart_ioctl_fd
 .text          0x00083900      0x40c ../Ello_World_bsp/\libhal_bsp.a(altera_avalon_jtag_uart_init.o)
                0x00083900                altera_avalon_jtag_uart_init
                0x00083c98                altera_avalon_jtag_uart_close
 .text          0x00083d0c       0xf4 ../Ello_World_bsp/\libhal_bsp.a(altera_avalon_jtag_uart_ioctl.o)
                0x00083d0c                altera_avalon_jtag_uart_ioctl
 .text          0x00083e00      0x224 ../Ello_World_bsp/\libhal_bsp.a(altera_avalon_jtag_uart_read.o)
                0x00083e00                altera_avalon_jtag_uart_read
 .text          0x00084024      0x240 ../Ello_World_bsp/\libhal_bsp.a(altera_avalon_jtag_uart_write.o)
                0x00084024                altera_avalon_jtag_uart_write
 .text          0x00084264      0xf80 ../Ello_World_bsp/\libhal_bsp.a(altera_avalon_lcd_16207.o)
                0x00084aa0                altera_avalon_lcd_16207_write
                0x000850a8                altera_avalon_lcd_16207_init
 .text          0x000851e4       0x58 ../Ello_World_bsp/\libhal_bsp.a(altera_avalon_lcd_16207_fd.o)
                0x000851e4                altera_avalon_lcd_16207_write_fd
 .text          0x0008523c      0x100 ../Ello_World_bsp/\libhal_bsp.a(altera_avalon_timer_sc.o)
                0x000852ac                alt_avalon_timer_sc_init
 .text          0x0008533c        0x0 ../Ello_World_bsp/\libhal_bsp.a(altera_avalon_timer_vars.o)
 .text          0x0008533c      0x154 ../Ello_World_bsp/\libhal_bsp.a(alt_alarm_start.o)
                0x0008533c                alt_alarm_start
 .text          0x00085490       0x1c ../Ello_World_bsp/\libhal_bsp.a(alt_dcache_flush_all.o)
                0x00085490                alt_dcache_flush_all
 .text          0x000854ac      0x114 ../Ello_World_bsp/\libhal_bsp.a(alt_dev_llist_insert.o)
                0x000854ac                alt_dev_llist_insert
 .text          0x000855c0       0x64 ../Ello_World_bsp/\libhal_bsp.a(alt_do_ctors.o)
                0x000855c0                _do_ctors
 .text          0x00085624       0x64 ../Ello_World_bsp/\libhal_bsp.a(alt_do_dtors.o)
                0x00085624                _do_dtors
 .text          0x00085688       0x1c ../Ello_World_bsp/\libhal_bsp.a(alt_icache_flush_all.o)
                0x00085688                alt_icache_flush_all
 .text          0x000856a4      0x1d4 ../Ello_World_bsp/\libhal_bsp.a(alt_iic.o)
                0x000856a4                alt_ic_isr_register
                0x000856f4                alt_ic_irq_enable
                0x00085790                alt_ic_irq_disable
                0x00085830                alt_ic_irq_enabled
 .text          0x00085878       0xf8 ../Ello_World_bsp/\libhal_bsp.a(alt_iic_isr_register.o)
                0x00085878                alt_iic_isr_register
 .text          0x00085970      0x150 ../Ello_World_bsp/\libhal_bsp.a(alt_io_redirect.o)
                0x00085a48                alt_io_redirect
 .text          0x00085ac0        0x0 ../Ello_World_bsp/\libhal_bsp.a(alt_irq_entry.o)
 .text          0x00085ac0        0x0 ../Ello_World_bsp/\libhal_bsp.a(alt_irq_handler.o)
 .text          0x00085ac0        0x0 ../Ello_World_bsp/\libhal_bsp.a(alt_irq_vars.o)
 .text          0x00085ac0      0x2e4 ../Ello_World_bsp/\libhal_bsp.a(alt_open.o)
                0x00085bb8                open
 .text          0x00085da4      0x1a4 ../Ello_World_bsp/\libhal_bsp.a(alt_tick.o)
                0x00085da4                alt_alarm_stop
                0x00085e3c                alt_tick
 .text          0x00085f48       0x30 ../Ello_World_bsp/\libhal_bsp.a(alt_usleep.o)
                0x00085f48                usleep
 .text          0x00085f78       0x20 ../Ello_World_bsp/\libhal_bsp.a(altera_nios2_irq.o)
                0x00085f78                altera_nios2_irq_init
 .text          0x00085f98      0x15c ../Ello_World_bsp/\libhal_bsp.a(alt_busy_sleep.o)
                0x00085f98                alt_busy_sleep
 .text          0x000860f4        0x0 ../Ello_World_bsp/\libhal_bsp.a(alt_exception_entry.o)
 .text          0x000860f4       0x94 ../Ello_World_bsp/\libhal_bsp.a(alt_find_dev.o)
                0x000860f4                alt_find_dev
 .text          0x00086188      0x120 ../Ello_World_bsp/\libhal_bsp.a(alt_find_file.o)
                0x00086188                alt_find_file
 .text          0x000862a8       0xd0 ../Ello_World_bsp/\libhal_bsp.a(alt_get_fd.o)
                0x000862a8                alt_get_fd
 .text          0x00086378       0x14 c:/altera/12.1/nios2eds/bin/gnu/h-i686-mingw32/bin/../lib/gcc/nios2-elf/4.1.2/../../../../nios2-elf/lib/mno-hw-mul\libc.a(lib_a-atexit.o)
                0x00086378                atexit
 .text          0x0008638c        0x0 c:/altera/12.1/nios2eds/bin/gnu/h-i686-mingw32/bin/../lib/gcc/nios2-elf/4.1.2/../../../../nios2-elf/lib/mno-hw-mul\libc.a(lib_a-ctype_.o)
 .text          0x0008638c       0x38 c:/altera/12.1/nios2eds/bin/gnu/h-i686-mingw32/bin/../lib/gcc/nios2-elf/4.1.2/../../../../nios2-elf/lib/mno-hw-mul\libc.a(lib_a-exit.o)
                0x0008638c                exit
 .text          0x000863c4       0x74 c:/altera/12.1/nios2eds/bin/gnu/h-i686-mingw32/bin/../lib/gcc/nios2-elf/4.1.2/../../../../nios2-elf/lib/mno-hw-mul\libc.a(lib_a-memcmp.o)
                0x000863c4                memcmp
 .text          0x00086438      0x134 c:/altera/12.1/nios2eds/bin/gnu/h-i686-mingw32/bin/../lib/gcc/nios2-elf/4.1.2/../../../../nios2-elf/lib/mno-hw-mul\libc.a(lib_a-__atexit.o)
                0x00086438                __register_exitproc
 .text          0x0008656c      0x1b4 c:/altera/12.1/nios2eds/bin/gnu/h-i686-mingw32/bin/../lib/gcc/nios2-elf/4.1.2/../../../../nios2-elf/lib/mno-hw-mul\libc.a(lib_a-__call_atexit.o)
                0x00086570                __call_exitprocs
 .text          0x00086720      0x14c c:/altera/12.1/nios2eds/bin/gnu/h-i686-mingw32/bin/../lib/gcc/nios2-elf/4.1.2/mno-hw-mul\libgcc.a(lib2-divmod.o)
                0x0008679c                __divsi3
                0x000867fc                __modsi3
                0x0008685c                __udivsi3
                0x00086864                __umodsi3
 .text          0x0008686c       0x60 ../Ello_World_bsp/\libhal_bsp.a(alt_exit.o)
                0x000868ac                _exit
 *(.gnu.warning.*)
 *(.fini)
                0x000868cc                PROVIDE (__etext, ABSOLUTE (.))
                0x000868cc                PROVIDE (_etext, ABSOLUTE (.))
                0x000868cc                PROVIDE (etext, ABSOLUTE (.))
 *(.eh_frame_hdr)
                0x000868cc                . = ALIGN (0x4)
                0x000868cc                PROVIDE (__preinit_array_start, ABSOLUTE (.))
 *(.preinit_array)
                0x000868cc                PROVIDE (__preinit_array_end, ABSOLUTE (.))
                0x000868cc                PROVIDE (__init_array_start, ABSOLUTE (.))
 *(.init_array)
                0x000868cc                PROVIDE (__init_array_end, ABSOLUTE (.))
                0x000868cc                PROVIDE (__fini_array_start, ABSOLUTE (.))
 *(.fini_array)
                0x000868cc                PROVIDE (__fini_array_end, ABSOLUTE (.))
 *(.eh_frame)
 *(.gcc_except_table)
 *(.dynamic)
                0x000868cc                PROVIDE (__CTOR_LIST__, ABSOLUTE (.))
 *(.ctors)
 *(SORT(.ctors.*))
 .ctors.65535   0x000868cc        0x4 c:/altera/12.1/nios2eds/bin/gnu/h-i686-mingw32/bin/../lib/gcc/nios2-elf/4.1.2/../../../../nios2-elf/lib/mno-hw-mul\libc.a(lib_a-__call_atexit.o)
                0x000868d0                PROVIDE (__CTOR_END__, ABSOLUTE (.))
                0x000868d0                PROVIDE (__DTOR_LIST__, ABSOLUTE (.))
 *(.dtors)
 *(SORT(.dtors.*))
                0x000868d0                PROVIDE (__DTOR_END__, ABSOLUTE (.))
 *(.jcr)
                0x000868d0                . = ALIGN (0x4)

.rodata         0x000868d0      0x2e0
                0x000868d0                PROVIDE (__ram_rodata_start, ABSOLUTE (.))
                0x000868d0                . = ALIGN (0x4)
 *(.rodata .rodata.* .gnu.linkonce.r.*)
 .rodata        0x000868d0       0x14 obj/default/hello_world.o
 .rodata.str1.4
                0x000868e4        0x2 c:/altera/12.1/nios2eds/bin/gnu/h-i686-mingw32/bin/../lib/gcc/nios2-elf/4.1.2/../../../../nios2-elf/lib/mno-hw-mul\libc.a(lib_a-puts.o)
                                  0x4 (size before relaxing)
 *fill*         0x000868e6        0x2 00
 .rodata.str1.4
                0x000868e8        0x4 c:/altera/12.1/nios2eds/bin/gnu/h-i686-mingw32/bin/../lib/gcc/nios2-elf/4.1.2/../../../../nios2-elf/lib/mno-hw-mul\libc.a(lib_a-impure.o)
 .rodata        0x000868ec        0xc ../Ello_World_bsp/\libhal_bsp.a(alt_dev.o)
 .rodata        0x000868f8       0x14 ../Ello_World_bsp/\libhal_bsp.a(alt_main.o)
 .rodata        0x0008690c       0x20 ../Ello_World_bsp/\libhal_bsp.a(alt_sys_init.o)
 .rodata        0x0008692c      0x281 c:/altera/12.1/nios2eds/bin/gnu/h-i686-mingw32/bin/../lib/gcc/nios2-elf/4.1.2/../../../../nios2-elf/lib/mno-hw-mul\libc.a(lib_a-ctype_.o)
                0x0008692c                _ctype_
 *(.rodata1)
                0x00086bb0                . = ALIGN (0x4)
 *fill*         0x00086bad        0x3 00
                0x00086bb0                PROVIDE (__ram_rodata_end, ABSOLUTE (.))
                0x000868d0                PROVIDE (__flash_rodata_start, LOADADDR (.rodata))

.rwdata         0x00086bb0     0x1b70 load address 0x00088720
                0x00086bb0                PROVIDE (__ram_rwdata_start, ABSOLUTE (.))
                0x00086bb0                . = ALIGN (0x4)
 *(.got.plt)
 *(.got)
 *(.data1)
 *(.data .data.* .gnu.linkonce.d.*)
 .data          0x00086bb0        0x0 ../Ello_World_bsp//obj/HAL/src/crt0.o
 .data          0x00086bb0        0x0 obj/default/hello_world.o
 .data          0x00086bb0        0x0 c:/altera/12.1/nios2eds/bin/gnu/h-i686-mingw32/bin/../lib/gcc/nios2-elf/4.1.2/../../../../nios2-elf/lib/mno-hw-mul\libc.a(lib_a-puts.o)
 .data          0x00086bb0        0x0 c:/altera/12.1/nios2eds/bin/gnu/h-i686-mingw32/bin/../lib/gcc/nios2-elf/4.1.2/../../../../nios2-elf/lib/mno-hw-mul\libc.a(lib_a-strlen.o)
 .data          0x00086bb0        0x0 c:/altera/12.1/nios2eds/bin/gnu/h-i686-mingw32/bin/../lib/gcc/nios2-elf/4.1.2/../../../../nios2-elf/lib/mno-hw-mul\libc.a(lib_a-fvwrite.o)
 .data          0x00086bb0      0x400 c:/altera/12.1/nios2eds/bin/gnu/h-i686-mingw32/bin/../lib/gcc/nios2-elf/4.1.2/../../../../nios2-elf/lib/mno-hw-mul\libc.a(lib_a-impure.o)
 .data          0x00086fb0      0x408 c:/altera/12.1/nios2eds/bin/gnu/h-i686-mingw32/bin/../lib/gcc/nios2-elf/4.1.2/../../../../nios2-elf/lib/mno-hw-mul\libc.a(lib_a-mallocr.o)
                0x00086fb0                __malloc_av_
 .data          0x000873b8        0x0 c:/altera/12.1/nios2eds/bin/gnu/h-i686-mingw32/bin/../lib/gcc/nios2-elf/4.1.2/../../../../nios2-elf/lib/mno-hw-mul\libc.a(lib_a-memchr.o)
 .data          0x000873b8        0x0 c:/altera/12.1/nios2eds/bin/gnu/h-i686-mingw32/bin/../lib/gcc/nios2-elf/4.1.2/../../../../nios2-elf/lib/mno-hw-mul\libc.a(lib_a-memcpy.o)
 .data          0x000873b8        0x0 c:/altera/12.1/nios2eds/bin/gnu/h-i686-mingw32/bin/../lib/gcc/nios2-elf/4.1.2/../../../../nios2-elf/lib/mno-hw-mul\libc.a(lib_a-memmove.o)
 .data          0x000873b8        0x0 c:/altera/12.1/nios2eds/bin/gnu/h-i686-mingw32/bin/../lib/gcc/nios2-elf/4.1.2/../../../../nios2-elf/lib/mno-hw-mul\libc.a(lib_a-reallocr.o)
 .data          0x000873b8        0x0 c:/altera/12.1/nios2eds/bin/gnu/h-i686-mingw32/bin/../lib/gcc/nios2-elf/4.1.2/../../../../nios2-elf/lib/mno-hw-mul\libc.a(lib_a-sbrkr.o)
 .data          0x000873b8        0x0 c:/altera/12.1/nios2eds/bin/gnu/h-i686-mingw32/bin/../lib/gcc/nios2-elf/4.1.2/../../../../nios2-elf/lib/mno-hw-mul\libc.a(lib_a-wsetup.o)
 .data          0x000873b8        0x0 c:/altera/12.1/nios2eds/bin/gnu/h-i686-mingw32/bin/../lib/gcc/nios2-elf/4.1.2/../../../../nios2-elf/lib/mno-hw-mul\libc.a(lib_a-fflush.o)
 .data          0x000873b8        0x0 c:/altera/12.1/nios2eds/bin/gnu/h-i686-mingw32/bin/../lib/gcc/nios2-elf/4.1.2/../../../../nios2-elf/lib/mno-hw-mul\libc.a(lib_a-findfp.o)
 .data          0x000873b8        0x0 c:/altera/12.1/nios2eds/bin/gnu/h-i686-mingw32/bin/../lib/gcc/nios2-elf/4.1.2/../../../../nios2-elf/lib/mno-hw-mul\libc.a(lib_a-freer.o)
 .data          0x000873b8        0x0 c:/altera/12.1/nios2eds/bin/gnu/h-i686-mingw32/bin/../lib/gcc/nios2-elf/4.1.2/../../../../nios2-elf/lib/mno-hw-mul\libc.a(lib_a-fwalk.o)
 .data          0x000873b8        0x0 c:/altera/12.1/nios2eds/bin/gnu/h-i686-mingw32/bin/../lib/gcc/nios2-elf/4.1.2/../../../../nios2-elf/lib/mno-hw-mul\libc.a(lib_a-int_errno.o)
 .data          0x000873b8        0x0 c:/altera/12.1/nios2eds/bin/gnu/h-i686-mingw32/bin/../lib/gcc/nios2-elf/4.1.2/../../../../nios2-elf/lib/mno-hw-mul\libc.a(lib_a-makebuf.o)
 .data          0x000873b8        0x0 c:/altera/12.1/nios2eds/bin/gnu/h-i686-mingw32/bin/../lib/gcc/nios2-elf/4.1.2/../../../../nios2-elf/lib/mno-hw-mul\libc.a(lib_a-memset.o)
 .data          0x000873b8        0x0 c:/altera/12.1/nios2eds/bin/gnu/h-i686-mingw32/bin/../lib/gcc/nios2-elf/4.1.2/../../../../nios2-elf/lib/mno-hw-mul\libc.a(lib_a-stdio.o)
 .data          0x000873b8        0x0 c:/altera/12.1/nios2eds/bin/gnu/h-i686-mingw32/bin/../lib/gcc/nios2-elf/4.1.2/../../../../nios2-elf/lib/mno-hw-mul\libc.a(lib_a-writer.o)
 .data          0x000873b8        0x0 c:/altera/12.1/nios2eds/bin/gnu/h-i686-mingw32/bin/../lib/gcc/nios2-elf/4.1.2/../../../../nios2-elf/lib/mno-hw-mul\libc.a(lib_a-closer.o)
 .data          0x000873b8        0x0 c:/altera/12.1/nios2eds/bin/gnu/h-i686-mingw32/bin/../lib/gcc/nios2-elf/4.1.2/../../../../nios2-elf/lib/mno-hw-mul\libc.a(lib_a-fclose.o)
 .data          0x000873b8        0x0 c:/altera/12.1/nios2eds/bin/gnu/h-i686-mingw32/bin/../lib/gcc/nios2-elf/4.1.2/../../../../nios2-elf/lib/mno-hw-mul\libc.a(lib_a-fstatr.o)
 .data          0x000873b8        0x0 c:/altera/12.1/nios2eds/bin/gnu/h-i686-mingw32/bin/../lib/gcc/nios2-elf/4.1.2/../../../../nios2-elf/lib/mno-hw-mul\libc.a(lib_a-isattyr.o)
 .data          0x000873b8        0x0 c:/altera/12.1/nios2eds/bin/gnu/h-i686-mingw32/bin/../lib/gcc/nios2-elf/4.1.2/../../../../nios2-elf/lib/mno-hw-mul\libc.a(lib_a-lseekr.o)
 .data          0x000873b8        0x0 c:/altera/12.1/nios2eds/bin/gnu/h-i686-mingw32/bin/../lib/gcc/nios2-elf/4.1.2/../../../../nios2-elf/lib/mno-hw-mul\libc.a(lib_a-readr.o)
 .data          0x000873b8        0x0 c:/altera/12.1/nios2eds/bin/gnu/h-i686-mingw32/bin/../lib/gcc/nios2-elf/4.1.2/mno-hw-mul\libgcc.a(lib2-mul.o)
 .data          0x000873b8        0x0 ../Ello_World_bsp/\libhal_bsp.a(alt_close.o)
 .data          0x000873b8      0x1a8 ../Ello_World_bsp/\libhal_bsp.a(alt_dev.o)
                0x000873b8                alt_dev_null
                0x000873e0                alt_fd_list
 .data          0x00087560        0x0 ../Ello_World_bsp/\libhal_bsp.a(alt_errno.o)
 .data          0x00087560        0x0 ../Ello_World_bsp/\libhal_bsp.a(alt_fstat.o)
 .data          0x00087560        0x0 ../Ello_World_bsp/\libhal_bsp.a(alt_isatty.o)
 .data          0x00087560        0x0 ../Ello_World_bsp/\libhal_bsp.a(alt_load.o)
 .data          0x00087560        0x0 ../Ello_World_bsp/\libhal_bsp.a(alt_lseek.o)
 .data          0x00087560        0x0 ../Ello_World_bsp/\libhal_bsp.a(alt_main.o)
 .data          0x00087560        0x0 ../Ello_World_bsp/\libhal_bsp.a(alt_malloc_lock.o)
 .data          0x00087560        0x0 ../Ello_World_bsp/\libhal_bsp.a(alt_read.o)
 .data          0x00087560        0x0 ../Ello_World_bsp/\libhal_bsp.a(alt_release_fd.o)
 .data          0x00087560        0x0 ../Ello_World_bsp/\libhal_bsp.a(alt_sbrk.o)
 .data          0x00087560        0x0 ../Ello_World_bsp/\libhal_bsp.a(alt_write.o)
 .data          0x00087560     0x1180 ../Ello_World_bsp/\libhal_bsp.a(alt_sys_init.o)
 .data          0x000886e0        0x0 ../Ello_World_bsp/\libhal_bsp.a(altera_avalon_jtag_uart_fd.o)
 .data          0x000886e0        0x0 ../Ello_World_bsp/\libhal_bsp.a(altera_avalon_jtag_uart_init.o)
 .data          0x000886e0        0x0 ../Ello_World_bsp/\libhal_bsp.a(altera_avalon_jtag_uart_ioctl.o)
 .data          0x000886e0        0x0 ../Ello_World_bsp/\libhal_bsp.a(altera_avalon_jtag_uart_read.o)
 .data          0x000886e0        0x0 ../Ello_World_bsp/\libhal_bsp.a(altera_avalon_jtag_uart_write.o)
 .data          0x000886e0        0x0 ../Ello_World_bsp/\libhal_bsp.a(altera_avalon_lcd_16207.o)
 .data          0x000886e0        0x0 ../Ello_World_bsp/\libhal_bsp.a(altera_avalon_lcd_16207_fd.o)
 .data          0x000886e0        0x0 ../Ello_World_bsp/\libhal_bsp.a(altera_avalon_timer_sc.o)
 .data          0x000886e0        0x0 ../Ello_World_bsp/\libhal_bsp.a(altera_avalon_timer_vars.o)
 .data          0x000886e0        0x0 ../Ello_World_bsp/\libhal_bsp.a(alt_alarm_start.o)
 .data          0x000886e0        0x0 ../Ello_World_bsp/\libhal_bsp.a(alt_dcache_flush_all.o)
 .data          0x000886e0        0x0 ../Ello_World_bsp/\libhal_bsp.a(alt_dev_llist_insert.o)
 .data          0x000886e0        0x0 ../Ello_World_bsp/\libhal_bsp.a(alt_do_ctors.o)
 .data          0x000886e0        0x0 ../Ello_World_bsp/\libhal_bsp.a(alt_do_dtors.o)
 .data          0x000886e0        0x0 ../Ello_World_bsp/\libhal_bsp.a(alt_icache_flush_all.o)
 .data          0x000886e0        0x0 ../Ello_World_bsp/\libhal_bsp.a(alt_iic.o)
 .data          0x000886e0        0x0 ../Ello_World_bsp/\libhal_bsp.a(alt_iic_isr_register.o)
 .data          0x000886e0        0x0 ../Ello_World_bsp/\libhal_bsp.a(alt_io_redirect.o)
 .data          0x000886e0        0x0 ../Ello_World_bsp/\libhal_bsp.a(alt_irq_entry.o)
 .data          0x000886e0        0x0 ../Ello_World_bsp/\libhal_bsp.a(alt_irq_handler.o)
 .data          0x000886e0        0x0 ../Ello_World_bsp/\libhal_bsp.a(alt_irq_vars.o)
 .data          0x000886e0        0x0 ../Ello_World_bsp/\libhal_bsp.a(alt_open.o)
 .data          0x000886e0        0x0 ../Ello_World_bsp/\libhal_bsp.a(alt_tick.o)
 .data          0x000886e0        0x0 ../Ello_World_bsp/\libhal_bsp.a(alt_usleep.o)
 .data          0x000886e0        0x0 ../Ello_World_bsp/\libhal_bsp.a(altera_nios2_irq.o)
 .data          0x000886e0        0x0 ../Ello_World_bsp/\libhal_bsp.a(alt_busy_sleep.o)
 .data          0x000886e0        0x0 ../Ello_World_bsp/\libhal_bsp.a(alt_exception_entry.o)
 .data          0x000886e0        0x0 ../Ello_World_bsp/\libhal_bsp.a(alt_find_dev.o)
 .data          0x000886e0        0x0 ../Ello_World_bsp/\libhal_bsp.a(alt_find_file.o)
 .data          0x000886e0        0x0 ../Ello_World_bsp/\libhal_bsp.a(alt_get_fd.o)
 .data          0x000886e0        0x0 c:/altera/12.1/nios2eds/bin/gnu/h-i686-mingw32/bin/../lib/gcc/nios2-elf/4.1.2/../../../../nios2-elf/lib/mno-hw-mul\libc.a(lib_a-atexit.o)
 .data          0x000886e0        0x0 c:/altera/12.1/nios2eds/bin/gnu/h-i686-mingw32/bin/../lib/gcc/nios2-elf/4.1.2/../../../../nios2-elf/lib/mno-hw-mul\libc.a(lib_a-ctype_.o)
 .data          0x000886e0        0x0 c:/altera/12.1/nios2eds/bin/gnu/h-i686-mingw32/bin/../lib/gcc/nios2-elf/4.1.2/../../../../nios2-elf/lib/mno-hw-mul\libc.a(lib_a-exit.o)
 .data          0x000886e0        0x0 c:/altera/12.1/nios2eds/bin/gnu/h-i686-mingw32/bin/../lib/gcc/nios2-elf/4.1.2/../../../../nios2-elf/lib/mno-hw-mul\libc.a(lib_a-memcmp.o)
 .data          0x000886e0        0x0 c:/altera/12.1/nios2eds/bin/gnu/h-i686-mingw32/bin/../lib/gcc/nios2-elf/4.1.2/../../../../nios2-elf/lib/mno-hw-mul\libc.a(lib_a-__atexit.o)
 .data          0x000886e0        0x0 c:/altera/12.1/nios2eds/bin/gnu/h-i686-mingw32/bin/../lib/gcc/nios2-elf/4.1.2/../../../../nios2-elf/lib/mno-hw-mul\libc.a(lib_a-__call_atexit.o)
 .data          0x000886e0        0x0 c:/altera/12.1/nios2eds/bin/gnu/h-i686-mingw32/bin/../lib/gcc/nios2-elf/4.1.2/mno-hw-mul\libgcc.a(lib2-divmod.o)
 .data          0x000886e0        0x0 ../Ello_World_bsp/\libhal_bsp.a(alt_exit.o)
                0x000906e0                _gp = ABSOLUTE ((. + 0x8000))
                0x000906e0                PROVIDE (gp, _gp)
 *(.rwdata .rwdata.*)
 *(.sdata .sdata.* .gnu.linkonce.s.*)
 .sdata         0x000886e0        0x8 c:/altera/12.1/nios2eds/bin/gnu/h-i686-mingw32/bin/../lib/gcc/nios2-elf/4.1.2/../../../../nios2-elf/lib/mno-hw-mul\libc.a(lib_a-impure.o)
                0x000886e0                _impure_ptr
                0x000886e4                _global_impure_ptr
 .sdata         0x000886e8        0x8 c:/altera/12.1/nios2eds/bin/gnu/h-i686-mingw32/bin/../lib/gcc/nios2-elf/4.1.2/../../../../nios2-elf/lib/mno-hw-mul\libc.a(lib_a-mallocr.o)
                0x000886e8                __malloc_trim_threshold
                0x000886ec                __malloc_sbrk_base
 .sdata         0x000886f0       0x14 ../Ello_World_bsp/\libhal_bsp.a(alt_dev.o)
                0x000886f0                alt_fs_list
                0x000886f8                alt_dev_list
                0x00088700                alt_max_fd
 .sdata         0x00088704        0x4 ../Ello_World_bsp/\libhal_bsp.a(alt_errno.o)
                0x00088704                alt_errno
 .sdata         0x00088708        0x4 ../Ello_World_bsp/\libhal_bsp.a(alt_sbrk.o)
 .sdata         0x0008870c        0x4 ../Ello_World_bsp/\libhal_bsp.a(altera_avalon_lcd_16207.o)
 .sdata         0x00088710        0x4 ../Ello_World_bsp/\libhal_bsp.a(alt_irq_vars.o)
                0x00088710                alt_priority_mask
 .sdata         0x00088714        0x8 ../Ello_World_bsp/\libhal_bsp.a(alt_tick.o)
                0x00088714                alt_alarm_list
 .sdata         0x0008871c        0x4 c:/altera/12.1/nios2eds/bin/gnu/h-i686-mingw32/bin/../lib/gcc/nios2-elf/4.1.2/../../../../nios2-elf/lib/mno-hw-mul\libc.a(lib_a-ctype_.o)
                0x0008871c                __ctype_ptr
 *(.sdata2 .sdata2.* .gnu.linkonce.s2.*)
                0x00088720                . = ALIGN (0x4)
                0x00088720                _edata = ABSOLUTE (.)
                0x00088720                PROVIDE (edata, ABSOLUTE (.))
                0x00088720                PROVIDE (__ram_rwdata_end, ABSOLUTE (.))
                0x00088720                PROVIDE (__flash_rwdata_start, LOADADDR (.rwdata))

.bss            0x0008a290      0x2e8
                0x0008a290                __bss_start = ABSOLUTE (.)
                0x0008a290                PROVIDE (__sbss_start, ABSOLUTE (.))
                0x0008a290                PROVIDE (___sbss_start, ABSOLUTE (.))
 *(.dynsbss)
 *(.sbss .sbss.* .gnu.linkonce.sb.*)
 .sbss          0x0008a290        0xc c:/altera/12.1/nios2eds/bin/gnu/h-i686-mingw32/bin/../lib/gcc/nios2-elf/4.1.2/../../../../nios2-elf/lib/mno-hw-mul\libc.a(lib_a-mallocr.o)
                0x0008a290                __malloc_top_pad
                0x0008a294                __malloc_max_sbrked_mem
                0x0008a298                __malloc_max_total_mem
 .sbss          0x0008a29c        0x4 c:/altera/12.1/nios2eds/bin/gnu/h-i686-mingw32/bin/../lib/gcc/nios2-elf/4.1.2/../../../../nios2-elf/lib/mno-hw-mul\libc.a(lib_a-int_errno.o)
                0x0008a29c                errno
 .sbss          0x0008a2a0        0xc ../Ello_World_bsp/\libhal_bsp.a(alt_main.o)
                0x0008a2a0                alt_argc
                0x0008a2a4                alt_argv
                0x0008a2a8                alt_envp
 .sbss          0x0008a2ac        0x8 ../Ello_World_bsp/\libhal_bsp.a(altera_avalon_timer_vars.o)
                0x0008a2ac                altera_avalon_timer_ts_base
                0x0008a2b0                altera_avalon_timer_ts_freq
 .sbss          0x0008a2b4        0x4 ../Ello_World_bsp/\libhal_bsp.a(alt_irq_vars.o)
                0x0008a2b4                alt_irq_active
 .sbss          0x0008a2b8        0x8 ../Ello_World_bsp/\libhal_bsp.a(alt_tick.o)
                0x0008a2b8                _alt_tick_rate
                0x0008a2bc                _alt_nticks
 *(.sbss2 .sbss2.* .gnu.linkonce.sb2.*)
 *(.scommon)
                0x0008a2c0                PROVIDE (__sbss_end, ABSOLUTE (.))
                0x0008a2c0                PROVIDE (___sbss_end, ABSOLUTE (.))
 *(.dynbss)
 *(.bss .bss.* .gnu.linkonce.b.*)
 .bss           0x0008a2c0        0x0 ../Ello_World_bsp//obj/HAL/src/crt0.o
 .bss           0x0008a2c0        0x0 obj/default/hello_world.o
 .bss           0x0008a2c0        0x0 c:/altera/12.1/nios2eds/bin/gnu/h-i686-mingw32/bin/../lib/gcc/nios2-elf/4.1.2/../../../../nios2-elf/lib/mno-hw-mul\libc.a(lib_a-puts.o)
 .bss           0x0008a2c0        0x0 c:/altera/12.1/nios2eds/bin/gnu/h-i686-mingw32/bin/../lib/gcc/nios2-elf/4.1.2/../../../../nios2-elf/lib/mno-hw-mul\libc.a(lib_a-strlen.o)
 .bss           0x0008a2c0        0x0 c:/altera/12.1/nios2eds/bin/gnu/h-i686-mingw32/bin/../lib/gcc/nios2-elf/4.1.2/../../../../nios2-elf/lib/mno-hw-mul\libc.a(lib_a-fvwrite.o)
 .bss           0x0008a2c0        0x0 c:/altera/12.1/nios2eds/bin/gnu/h-i686-mingw32/bin/../lib/gcc/nios2-elf/4.1.2/../../../../nios2-elf/lib/mno-hw-mul\libc.a(lib_a-impure.o)
 .bss           0x0008a2c0       0x28 c:/altera/12.1/nios2eds/bin/gnu/h-i686-mingw32/bin/../lib/gcc/nios2-elf/4.1.2/../../../../nios2-elf/lib/mno-hw-mul\libc.a(lib_a-mallocr.o)
                0x0008a2c0                __malloc_current_mallinfo
 .bss           0x0008a2e8        0x0 c:/altera/12.1/nios2eds/bin/gnu/h-i686-mingw32/bin/../lib/gcc/nios2-elf/4.1.2/../../../../nios2-elf/lib/mno-hw-mul\libc.a(lib_a-memchr.o)
 .bss           0x0008a2e8        0x0 c:/altera/12.1/nios2eds/bin/gnu/h-i686-mingw32/bin/../lib/gcc/nios2-elf/4.1.2/../../../../nios2-elf/lib/mno-hw-mul\libc.a(lib_a-memcpy.o)
 .bss           0x0008a2e8        0x0 c:/altera/12.1/nios2eds/bin/gnu/h-i686-mingw32/bin/../lib/gcc/nios2-elf/4.1.2/../../../../nios2-elf/lib/mno-hw-mul\libc.a(lib_a-memmove.o)
 .bss           0x0008a2e8        0x0 c:/altera/12.1/nios2eds/bin/gnu/h-i686-mingw32/bin/../lib/gcc/nios2-elf/4.1.2/../../../../nios2-elf/lib/mno-hw-mul\libc.a(lib_a-reallocr.o)
 .bss           0x0008a2e8        0x0 c:/altera/12.1/nios2eds/bin/gnu/h-i686-mingw32/bin/../lib/gcc/nios2-elf/4.1.2/../../../../nios2-elf/lib/mno-hw-mul\libc.a(lib_a-sbrkr.o)
 .bss           0x0008a2e8        0x0 c:/altera/12.1/nios2eds/bin/gnu/h-i686-mingw32/bin/../lib/gcc/nios2-elf/4.1.2/../../../../nios2-elf/lib/mno-hw-mul\libc.a(lib_a-wsetup.o)
 .bss           0x0008a2e8        0x0 c:/altera/12.1/nios2eds/bin/gnu/h-i686-mingw32/bin/../lib/gcc/nios2-elf/4.1.2/../../../../nios2-elf/lib/mno-hw-mul\libc.a(lib_a-fflush.o)
 .bss           0x0008a2e8        0x0 c:/altera/12.1/nios2eds/bin/gnu/h-i686-mingw32/bin/../lib/gcc/nios2-elf/4.1.2/../../../../nios2-elf/lib/mno-hw-mul\libc.a(lib_a-findfp.o)
 .bss           0x0008a2e8        0x0 c:/altera/12.1/nios2eds/bin/gnu/h-i686-mingw32/bin/../lib/gcc/nios2-elf/4.1.2/../../../../nios2-elf/lib/mno-hw-mul\libc.a(lib_a-freer.o)
 .bss           0x0008a2e8        0x0 c:/altera/12.1/nios2eds/bin/gnu/h-i686-mingw32/bin/../lib/gcc/nios2-elf/4.1.2/../../../../nios2-elf/lib/mno-hw-mul\libc.a(lib_a-fwalk.o)
 .bss           0x0008a2e8        0x0 c:/altera/12.1/nios2eds/bin/gnu/h-i686-mingw32/bin/../lib/gcc/nios2-elf/4.1.2/../../../../nios2-elf/lib/mno-hw-mul\libc.a(lib_a-int_errno.o)
 .bss           0x0008a2e8        0x0 c:/altera/12.1/nios2eds/bin/gnu/h-i686-mingw32/bin/../lib/gcc/nios2-elf/4.1.2/../../../../nios2-elf/lib/mno-hw-mul\libc.a(lib_a-makebuf.o)
 .bss           0x0008a2e8        0x0 c:/altera/12.1/nios2eds/bin/gnu/h-i686-mingw32/bin/../lib/gcc/nios2-elf/4.1.2/../../../../nios2-elf/lib/mno-hw-mul\libc.a(lib_a-memset.o)
 .bss           0x0008a2e8        0x0 c:/altera/12.1/nios2eds/bin/gnu/h-i686-mingw32/bin/../lib/gcc/nios2-elf/4.1.2/../../../../nios2-elf/lib/mno-hw-mul\libc.a(lib_a-stdio.o)
 .bss           0x0008a2e8        0x0 c:/altera/12.1/nios2eds/bin/gnu/h-i686-mingw32/bin/../lib/gcc/nios2-elf/4.1.2/../../../../nios2-elf/lib/mno-hw-mul\libc.a(lib_a-writer.o)
 .bss           0x0008a2e8        0x0 c:/altera/12.1/nios2eds/bin/gnu/h-i686-mingw32/bin/../lib/gcc/nios2-elf/4.1.2/../../../../nios2-elf/lib/mno-hw-mul\libc.a(lib_a-closer.o)
 .bss           0x0008a2e8        0x0 c:/altera/12.1/nios2eds/bin/gnu/h-i686-mingw32/bin/../lib/gcc/nios2-elf/4.1.2/../../../../nios2-elf/lib/mno-hw-mul\libc.a(lib_a-fclose.o)
 .bss           0x0008a2e8        0x0 c:/altera/12.1/nios2eds/bin/gnu/h-i686-mingw32/bin/../lib/gcc/nios2-elf/4.1.2/../../../../nios2-elf/lib/mno-hw-mul\libc.a(lib_a-fstatr.o)
 .bss           0x0008a2e8        0x0 c:/altera/12.1/nios2eds/bin/gnu/h-i686-mingw32/bin/../lib/gcc/nios2-elf/4.1.2/../../../../nios2-elf/lib/mno-hw-mul\libc.a(lib_a-isattyr.o)
 .bss           0x0008a2e8        0x0 c:/altera/12.1/nios2eds/bin/gnu/h-i686-mingw32/bin/../lib/gcc/nios2-elf/4.1.2/../../../../nios2-elf/lib/mno-hw-mul\libc.a(lib_a-lseekr.o)
 .bss           0x0008a2e8        0x0 c:/altera/12.1/nios2eds/bin/gnu/h-i686-mingw32/bin/../lib/gcc/nios2-elf/4.1.2/../../../../nios2-elf/lib/mno-hw-mul\libc.a(lib_a-readr.o)
 .bss           0x0008a2e8        0x0 c:/altera/12.1/nios2eds/bin/gnu/h-i686-mingw32/bin/../lib/gcc/nios2-elf/4.1.2/mno-hw-mul\libgcc.a(lib2-mul.o)
 .bss           0x0008a2e8        0x0 ../Ello_World_bsp/\libhal_bsp.a(alt_close.o)
 .bss           0x0008a2e8        0x0 ../Ello_World_bsp/\libhal_bsp.a(alt_dev.o)
 .bss           0x0008a2e8        0x0 ../Ello_World_bsp/\libhal_bsp.a(alt_errno.o)
 .bss           0x0008a2e8        0x0 ../Ello_World_bsp/\libhal_bsp.a(alt_fstat.o)
 .bss           0x0008a2e8        0x0 ../Ello_World_bsp/\libhal_bsp.a(alt_isatty.o)
 .bss           0x0008a2e8        0x0 ../Ello_World_bsp/\libhal_bsp.a(alt_load.o)
 .bss           0x0008a2e8        0x0 ../Ello_World_bsp/\libhal_bsp.a(alt_lseek.o)
 .bss           0x0008a2e8        0x0 ../Ello_World_bsp/\libhal_bsp.a(alt_main.o)
 .bss           0x0008a2e8        0x0 ../Ello_World_bsp/\libhal_bsp.a(alt_malloc_lock.o)
 .bss           0x0008a2e8        0x0 ../Ello_World_bsp/\libhal_bsp.a(alt_read.o)
 .bss           0x0008a2e8        0x0 ../Ello_World_bsp/\libhal_bsp.a(alt_release_fd.o)
 .bss           0x0008a2e8        0x0 ../Ello_World_bsp/\libhal_bsp.a(alt_sbrk.o)
 .bss           0x0008a2e8        0x0 ../Ello_World_bsp/\libhal_bsp.a(alt_write.o)
 .bss           0x0008a2e8        0x0 ../Ello_World_bsp/\libhal_bsp.a(alt_sys_init.o)
 .bss           0x0008a2e8        0x0 ../Ello_World_bsp/\libhal_bsp.a(altera_avalon_jtag_uart_fd.o)
 .bss           0x0008a2e8        0x0 ../Ello_World_bsp/\libhal_bsp.a(altera_avalon_jtag_uart_init.o)
 .bss           0x0008a2e8        0x0 ../Ello_World_bsp/\libhal_bsp.a(altera_avalon_jtag_uart_ioctl.o)
 .bss           0x0008a2e8        0x0 ../Ello_World_bsp/\libhal_bsp.a(altera_avalon_jtag_uart_read.o)
 .bss           0x0008a2e8        0x0 ../Ello_World_bsp/\libhal_bsp.a(altera_avalon_jtag_uart_write.o)
 .bss           0x0008a2e8        0x0 ../Ello_World_bsp/\libhal_bsp.a(altera_avalon_lcd_16207.o)
 .bss           0x0008a2e8        0x0 ../Ello_World_bsp/\libhal_bsp.a(altera_avalon_lcd_16207_fd.o)
 .bss           0x0008a2e8        0x0 ../Ello_World_bsp/\libhal_bsp.a(altera_avalon_timer_sc.o)
 .bss           0x0008a2e8        0x0 ../Ello_World_bsp/\libhal_bsp.a(altera_avalon_timer_vars.o)
 .bss           0x0008a2e8        0x0 ../Ello_World_bsp/\libhal_bsp.a(alt_alarm_start.o)
 .bss           0x0008a2e8        0x0 ../Ello_World_bsp/\libhal_bsp.a(alt_dcache_flush_all.o)
 .bss           0x0008a2e8        0x0 ../Ello_World_bsp/\libhal_bsp.a(alt_dev_llist_insert.o)
 .bss           0x0008a2e8        0x0 ../Ello_World_bsp/\libhal_bsp.a(alt_do_ctors.o)
 .bss           0x0008a2e8        0x0 ../Ello_World_bsp/\libhal_bsp.a(alt_do_dtors.o)
 .bss           0x0008a2e8        0x0 ../Ello_World_bsp/\libhal_bsp.a(alt_icache_flush_all.o)
 .bss           0x0008a2e8        0x0 ../Ello_World_bsp/\libhal_bsp.a(alt_iic.o)
 .bss           0x0008a2e8        0x0 ../Ello_World_bsp/\libhal_bsp.a(alt_iic_isr_register.o)
 .bss           0x0008a2e8        0x0 ../Ello_World_bsp/\libhal_bsp.a(alt_io_redirect.o)
 .bss           0x0008a2e8        0x0 ../Ello_World_bsp/\libhal_bsp.a(alt_irq_entry.o)
 .bss           0x0008a2e8        0x0 ../Ello_World_bsp/\libhal_bsp.a(alt_irq_handler.o)
 .bss           0x0008a2e8        0x0 ../Ello_World_bsp/\libhal_bsp.a(alt_irq_vars.o)
 .bss           0x0008a2e8        0x0 ../Ello_World_bsp/\libhal_bsp.a(alt_open.o)
 .bss           0x0008a2e8        0x0 ../Ello_World_bsp/\libhal_bsp.a(alt_tick.o)
 .bss           0x0008a2e8        0x0 ../Ello_World_bsp/\libhal_bsp.a(alt_usleep.o)
 .bss           0x0008a2e8        0x0 ../Ello_World_bsp/\libhal_bsp.a(altera_nios2_irq.o)
 .bss           0x0008a2e8        0x0 ../Ello_World_bsp/\libhal_bsp.a(alt_busy_sleep.o)
 .bss           0x0008a2e8        0x0 ../Ello_World_bsp/\libhal_bsp.a(alt_exception_entry.o)
 .bss           0x0008a2e8        0x0 ../Ello_World_bsp/\libhal_bsp.a(alt_find_dev.o)
 .bss           0x0008a2e8        0x0 ../Ello_World_bsp/\libhal_bsp.a(alt_find_file.o)
 .bss           0x0008a2e8        0x0 ../Ello_World_bsp/\libhal_bsp.a(alt_get_fd.o)
 .bss           0x0008a2e8        0x0 c:/altera/12.1/nios2eds/bin/gnu/h-i686-mingw32/bin/../lib/gcc/nios2-elf/4.1.2/../../../../nios2-elf/lib/mno-hw-mul\libc.a(lib_a-atexit.o)
 .bss           0x0008a2e8        0x0 c:/altera/12.1/nios2eds/bin/gnu/h-i686-mingw32/bin/../lib/gcc/nios2-elf/4.1.2/../../../../nios2-elf/lib/mno-hw-mul\libc.a(lib_a-ctype_.o)
 .bss           0x0008a2e8        0x0 c:/altera/12.1/nios2eds/bin/gnu/h-i686-mingw32/bin/../lib/gcc/nios2-elf/4.1.2/../../../../nios2-elf/lib/mno-hw-mul\libc.a(lib_a-exit.o)
 .bss           0x0008a2e8        0x0 c:/altera/12.1/nios2eds/bin/gnu/h-i686-mingw32/bin/../lib/gcc/nios2-elf/4.1.2/../../../../nios2-elf/lib/mno-hw-mul\libc.a(lib_a-memcmp.o)
 .bss           0x0008a2e8        0x0 c:/altera/12.1/nios2eds/bin/gnu/h-i686-mingw32/bin/../lib/gcc/nios2-elf/4.1.2/../../../../nios2-elf/lib/mno-hw-mul\libc.a(lib_a-__atexit.o)
 .bss           0x0008a2e8        0x0 c:/altera/12.1/nios2eds/bin/gnu/h-i686-mingw32/bin/../lib/gcc/nios2-elf/4.1.2/../../../../nios2-elf/lib/mno-hw-mul\libc.a(lib_a-__call_atexit.o)
 .bss           0x0008a2e8        0x0 c:/altera/12.1/nios2eds/bin/gnu/h-i686-mingw32/bin/../lib/gcc/nios2-elf/4.1.2/mno-hw-mul\libgcc.a(lib2-divmod.o)
 .bss           0x0008a2e8        0x0 ../Ello_World_bsp/\libhal_bsp.a(alt_exit.o)
 *(COMMON)
 COMMON         0x0008a2e8      0x100 ../Ello_World_bsp/\libhal_bsp.a(alt_irq_handler.o)
                0x0008a2e8                alt_irq
 COMMON         0x0008a3e8      0x190 c:/altera/12.1/nios2eds/bin/gnu/h-i686-mingw32/bin/../lib/gcc/nios2-elf/4.1.2/../../../../nios2-elf/lib/mno-hw-mul\libc.a(lib_a-atexit.o)
                0x0008a3e8                _atexit0
                0x0008a578                . = ALIGN (0x4)
                0x0008a578                __bss_end = ABSOLUTE (.)

.sram_0         0x0008a578        0x0
                0x0008a578                PROVIDE (_alt_partition_sram_0_start, ABSOLUTE (.))
 *(.sram_0. sram_0.*)
                0x0008a578                . = ALIGN (0x4)
                0x0008a578                PROVIDE (_alt_partition_sram_0_end, ABSOLUTE (.))
                0x0008a578                _end = ABSOLUTE (.)
                0x0008a578                end = ABSOLUTE (.)
                0x0008a578                __alt_stack_base = ABSOLUTE (.)
                0x0008a578                PROVIDE (_alt_partition_sram_0_load_addr, LOADADDR (.sram_0))

.stab
 *(.stab)

.stabstr
 *(.stabstr)

.stab.excl
 *(.stab.excl)

.stab.exclstr
 *(.stab.exclstr)

.stab.index
 *(.stab.index)

.stab.indexstr
 *(.stab.indexstr)

.comment        0x00000000       0x23
 *(.comment)
 .comment       0x00000000       0x23 obj/default/hello_world.o
                                 0x24 (size before relaxing)
 .comment       0x00000000       0x24 c:/altera/12.1/nios2eds/bin/gnu/h-i686-mingw32/bin/../lib/gcc/nios2-elf/4.1.2/../../../../nios2-elf/lib/mno-hw-mul\libc.a(lib_a-puts.o)
 .comment       0x00000000       0x24 c:/altera/12.1/nios2eds/bin/gnu/h-i686-mingw32/bin/../lib/gcc/nios2-elf/4.1.2/../../../../nios2-elf/lib/mno-hw-mul\libc.a(lib_a-strlen.o)
 .comment       0x00000000       0x24 c:/altera/12.1/nios2eds/bin/gnu/h-i686-mingw32/bin/../lib/gcc/nios2-elf/4.1.2/../../../../nios2-elf/lib/mno-hw-mul\libc.a(lib_a-fvwrite.o)
 .comment       0x00000000       0x24 c:/altera/12.1/nios2eds/bin/gnu/h-i686-mingw32/bin/../lib/gcc/nios2-elf/4.1.2/../../../../nios2-elf/lib/mno-hw-mul\libc.a(lib_a-impure.o)
 .comment       0x00000000       0x24 c:/altera/12.1/nios2eds/bin/gnu/h-i686-mingw32/bin/../lib/gcc/nios2-elf/4.1.2/../../../../nios2-elf/lib/mno-hw-mul\libc.a(lib_a-mallocr.o)
 .comment       0x00000000       0x24 c:/altera/12.1/nios2eds/bin/gnu/h-i686-mingw32/bin/../lib/gcc/nios2-elf/4.1.2/../../../../nios2-elf/lib/mno-hw-mul\libc.a(lib_a-memchr.o)
 .comment       0x00000000       0x24 c:/altera/12.1/nios2eds/bin/gnu/h-i686-mingw32/bin/../lib/gcc/nios2-elf/4.1.2/../../../../nios2-elf/lib/mno-hw-mul\libc.a(lib_a-memcpy.o)
 .comment       0x00000000       0x24 c:/altera/12.1/nios2eds/bin/gnu/h-i686-mingw32/bin/../lib/gcc/nios2-elf/4.1.2/../../../../nios2-elf/lib/mno-hw-mul\libc.a(lib_a-memmove.o)
 .comment       0x00000000       0x24 c:/altera/12.1/nios2eds/bin/gnu/h-i686-mingw32/bin/../lib/gcc/nios2-elf/4.1.2/../../../../nios2-elf/lib/mno-hw-mul\libc.a(lib_a-reallocr.o)
 .comment       0x00000000       0x24 c:/altera/12.1/nios2eds/bin/gnu/h-i686-mingw32/bin/../lib/gcc/nios2-elf/4.1.2/../../../../nios2-elf/lib/mno-hw-mul\libc.a(lib_a-sbrkr.o)
 .comment       0x00000000       0x24 c:/altera/12.1/nios2eds/bin/gnu/h-i686-mingw32/bin/../lib/gcc/nios2-elf/4.1.2/../../../../nios2-elf/lib/mno-hw-mul\libc.a(lib_a-wsetup.o)
 .comment       0x00000000       0x24 c:/altera/12.1/nios2eds/bin/gnu/h-i686-mingw32/bin/../lib/gcc/nios2-elf/4.1.2/../../../../nios2-elf/lib/mno-hw-mul\libc.a(lib_a-fflush.o)
 .comment       0x00000000       0x24 c:/altera/12.1/nios2eds/bin/gnu/h-i686-mingw32/bin/../lib/gcc/nios2-elf/4.1.2/../../../../nios2-elf/lib/mno-hw-mul\libc.a(lib_a-findfp.o)
 .comment       0x00000000       0x24 c:/altera/12.1/nios2eds/bin/gnu/h-i686-mingw32/bin/../lib/gcc/nios2-elf/4.1.2/../../../../nios2-elf/lib/mno-hw-mul\libc.a(lib_a-freer.o)
 .comment       0x00000000       0x24 c:/altera/12.1/nios2eds/bin/gnu/h-i686-mingw32/bin/../lib/gcc/nios2-elf/4.1.2/../../../../nios2-elf/lib/mno-hw-mul\libc.a(lib_a-fwalk.o)
 .comment       0x00000000       0x24 c:/altera/12.1/nios2eds/bin/gnu/h-i686-mingw32/bin/../lib/gcc/nios2-elf/4.1.2/../../../../nios2-elf/lib/mno-hw-mul\libc.a(lib_a-int_errno.o)
 .comment       0x00000000       0x24 c:/altera/12.1/nios2eds/bin/gnu/h-i686-mingw32/bin/../lib/gcc/nios2-elf/4.1.2/../../../../nios2-elf/lib/mno-hw-mul\libc.a(lib_a-makebuf.o)
 .comment       0x00000000       0x24 c:/altera/12.1/nios2eds/bin/gnu/h-i686-mingw32/bin/../lib/gcc/nios2-elf/4.1.2/../../../../nios2-elf/lib/mno-hw-mul\libc.a(lib_a-memset.o)
 .comment       0x00000000       0x24 c:/altera/12.1/nios2eds/bin/gnu/h-i686-mingw32/bin/../lib/gcc/nios2-elf/4.1.2/../../../../nios2-elf/lib/mno-hw-mul\libc.a(lib_a-stdio.o)
 .comment       0x00000000       0x24 c:/altera/12.1/nios2eds/bin/gnu/h-i686-mingw32/bin/../lib/gcc/nios2-elf/4.1.2/../../../../nios2-elf/lib/mno-hw-mul\libc.a(lib_a-writer.o)
 .comment       0x00000000       0x24 c:/altera/12.1/nios2eds/bin/gnu/h-i686-mingw32/bin/../lib/gcc/nios2-elf/4.1.2/../../../../nios2-elf/lib/mno-hw-mul\libc.a(lib_a-closer.o)
 .comment       0x00000000       0x24 c:/altera/12.1/nios2eds/bin/gnu/h-i686-mingw32/bin/../lib/gcc/nios2-elf/4.1.2/../../../../nios2-elf/lib/mno-hw-mul\libc.a(lib_a-fclose.o)
 .comment       0x00000000       0x24 c:/altera/12.1/nios2eds/bin/gnu/h-i686-mingw32/bin/../lib/gcc/nios2-elf/4.1.2/../../../../nios2-elf/lib/mno-hw-mul\libc.a(lib_a-fstatr.o)
 .comment       0x00000000       0x24 c:/altera/12.1/nios2eds/bin/gnu/h-i686-mingw32/bin/../lib/gcc/nios2-elf/4.1.2/../../../../nios2-elf/lib/mno-hw-mul\libc.a(lib_a-isattyr.o)
 .comment       0x00000000       0x24 c:/altera/12.1/nios2eds/bin/gnu/h-i686-mingw32/bin/../lib/gcc/nios2-elf/4.1.2/../../../../nios2-elf/lib/mno-hw-mul\libc.a(lib_a-lseekr.o)
 .comment       0x00000000       0x24 c:/altera/12.1/nios2eds/bin/gnu/h-i686-mingw32/bin/../lib/gcc/nios2-elf/4.1.2/../../../../nios2-elf/lib/mno-hw-mul\libc.a(lib_a-readr.o)
 .comment       0x00000000       0x24 c:/altera/12.1/nios2eds/bin/gnu/h-i686-mingw32/bin/../lib/gcc/nios2-elf/4.1.2/mno-hw-mul\libgcc.a(lib2-mul.o)
 .comment       0x00000000       0x24 ../Ello_World_bsp/\libhal_bsp.a(alt_close.o)
 .comment       0x00000000       0x24 ../Ello_World_bsp/\libhal_bsp.a(alt_dev.o)
 .comment       0x00000000       0x24 ../Ello_World_bsp/\libhal_bsp.a(alt_errno.o)
 .comment       0x00000000       0x24 ../Ello_World_bsp/\libhal_bsp.a(alt_fstat.o)
 .comment       0x00000000       0x24 ../Ello_World_bsp/\libhal_bsp.a(alt_isatty.o)
 .comment       0x00000000       0x24 ../Ello_World_bsp/\libhal_bsp.a(alt_load.o)
 .comment       0x00000000       0x24 ../Ello_World_bsp/\libhal_bsp.a(alt_lseek.o)
 .comment       0x00000000       0x24 ../Ello_World_bsp/\libhal_bsp.a(alt_main.o)
 .comment       0x00000000       0x24 ../Ello_World_bsp/\libhal_bsp.a(alt_malloc_lock.o)
 .comment       0x00000000       0x24 ../Ello_World_bsp/\libhal_bsp.a(alt_read.o)
 .comment       0x00000000       0x24 ../Ello_World_bsp/\libhal_bsp.a(alt_release_fd.o)
 .comment       0x00000000       0x24 ../Ello_World_bsp/\libhal_bsp.a(alt_sbrk.o)
 .comment       0x00000000       0x24 ../Ello_World_bsp/\libhal_bsp.a(alt_write.o)
 .comment       0x00000000       0x24 ../Ello_World_bsp/\libhal_bsp.a(alt_sys_init.o)
 .comment       0x00000000       0x24 ../Ello_World_bsp/\libhal_bsp.a(altera_avalon_jtag_uart_fd.o)
 .comment       0x00000000       0x24 ../Ello_World_bsp/\libhal_bsp.a(altera_avalon_jtag_uart_init.o)
 .comment       0x00000000       0x24 ../Ello_World_bsp/\libhal_bsp.a(altera_avalon_jtag_uart_ioctl.o)
 .comment       0x00000000       0x24 ../Ello_World_bsp/\libhal_bsp.a(altera_avalon_jtag_uart_read.o)
 .comment       0x00000000       0x24 ../Ello_World_bsp/\libhal_bsp.a(altera_avalon_jtag_uart_write.o)
 .comment       0x00000000       0x24 ../Ello_World_bsp/\libhal_bsp.a(altera_avalon_lcd_16207.o)
 .comment       0x00000000       0x24 ../Ello_World_bsp/\libhal_bsp.a(altera_avalon_lcd_16207_fd.o)
 .comment       0x00000000       0x24 ../Ello_World_bsp/\libhal_bsp.a(altera_avalon_timer_sc.o)
 .comment       0x00000000       0x24 ../Ello_World_bsp/\libhal_bsp.a(altera_avalon_timer_vars.o)
 .comment       0x00000000       0x24 ../Ello_World_bsp/\libhal_bsp.a(alt_alarm_start.o)
 .comment       0x00000000       0x24 ../Ello_World_bsp/\libhal_bsp.a(alt_dcache_flush_all.o)
 .comment       0x00000000       0x24 ../Ello_World_bsp/\libhal_bsp.a(alt_dev_llist_insert.o)
 .comment       0x00000000       0x24 ../Ello_World_bsp/\libhal_bsp.a(alt_do_ctors.o)
 .comment       0x00000000       0x24 ../Ello_World_bsp/\libhal_bsp.a(alt_do_dtors.o)
 .comment       0x00000000       0x24 ../Ello_World_bsp/\libhal_bsp.a(alt_icache_flush_all.o)
 .comment       0x00000000       0x24 ../Ello_World_bsp/\libhal_bsp.a(alt_iic.o)
 .comment       0x00000000       0x24 ../Ello_World_bsp/\libhal_bsp.a(alt_iic_isr_register.o)
 .comment       0x00000000       0x24 ../Ello_World_bsp/\libhal_bsp.a(alt_io_redirect.o)
 .comment       0x00000000       0x24 ../Ello_World_bsp/\libhal_bsp.a(alt_irq_handler.o)
 .comment       0x00000000       0x24 ../Ello_World_bsp/\libhal_bsp.a(alt_irq_vars.o)
 .comment       0x00000000       0x24 ../Ello_World_bsp/\libhal_bsp.a(alt_open.o)
 .comment       0x00000000       0x24 ../Ello_World_bsp/\libhal_bsp.a(alt_tick.o)
 .comment       0x00000000       0x24 ../Ello_World_bsp/\libhal_bsp.a(alt_usleep.o)
 .comment       0x00000000       0x24 ../Ello_World_bsp/\libhal_bsp.a(altera_nios2_irq.o)
 .comment       0x00000000       0x24 ../Ello_World_bsp/\libhal_bsp.a(alt_busy_sleep.o)
 .comment       0x00000000       0x24 ../Ello_World_bsp/\libhal_bsp.a(alt_find_dev.o)
 .comment       0x00000000       0x24 ../Ello_World_bsp/\libhal_bsp.a(alt_find_file.o)
 .comment       0x00000000       0x24 ../Ello_World_bsp/\libhal_bsp.a(alt_get_fd.o)
 .comment       0x00000000       0x24 c:/altera/12.1/nios2eds/bin/gnu/h-i686-mingw32/bin/../lib/gcc/nios2-elf/4.1.2/../../../../nios2-elf/lib/mno-hw-mul\libc.a(lib_a-atexit.o)
 .comment       0x00000000       0x24 c:/altera/12.1/nios2eds/bin/gnu/h-i686-mingw32/bin/../lib/gcc/nios2-elf/4.1.2/../../../../nios2-elf/lib/mno-hw-mul\libc.a(lib_a-ctype_.o)
 .comment       0x00000000       0x24 c:/altera/12.1/nios2eds/bin/gnu/h-i686-mingw32/bin/../lib/gcc/nios2-elf/4.1.2/../../../../nios2-elf/lib/mno-hw-mul\libc.a(lib_a-exit.o)
 .comment       0x00000000       0x24 c:/altera/12.1/nios2eds/bin/gnu/h-i686-mingw32/bin/../lib/gcc/nios2-elf/4.1.2/../../../../nios2-elf/lib/mno-hw-mul\libc.a(lib_a-memcmp.o)
 .comment       0x00000000       0x24 c:/altera/12.1/nios2eds/bin/gnu/h-i686-mingw32/bin/../lib/gcc/nios2-elf/4.1.2/../../../../nios2-elf/lib/mno-hw-mul\libc.a(lib_a-__atexit.o)
 .comment       0x00000000       0x24 c:/altera/12.1/nios2eds/bin/gnu/h-i686-mingw32/bin/../lib/gcc/nios2-elf/4.1.2/../../../../nios2-elf/lib/mno-hw-mul\libc.a(lib_a-__call_atexit.o)
 .comment       0x00000000       0x24 c:/altera/12.1/nios2eds/bin/gnu/h-i686-mingw32/bin/../lib/gcc/nios2-elf/4.1.2/mno-hw-mul\libgcc.a(lib2-divmod.o)
 .comment       0x00000000       0x24 ../Ello_World_bsp/\libhal_bsp.a(alt_exit.o)

.debug
 *(.debug)

.line
 *(.line)

.debug_srcinfo
 *(.debug_srcinfo)

.debug_sfnames
 *(.debug_sfnames)

.debug_aranges  0x00000000      0x998
 *(.debug_aranges)
 .debug_aranges
                0x00000000       0x28 ../Ello_World_bsp//obj/HAL/src/crt0.o
 .debug_aranges
                0x00000028       0x20 obj/default/hello_world.o
 .debug_aranges
                0x00000048       0x20 c:/altera/12.1/nios2eds/bin/gnu/h-i686-mingw32/bin/../lib/gcc/nios2-elf/4.1.2/../../../../nios2-elf/lib/mno-hw-mul\libc.a(lib_a-puts.o)
 .debug_aranges
                0x00000068       0x20 c:/altera/12.1/nios2eds/bin/gnu/h-i686-mingw32/bin/../lib/gcc/nios2-elf/4.1.2/../../../../nios2-elf/lib/mno-hw-mul\libc.a(lib_a-strlen.o)
 .debug_aranges
                0x00000088       0x20 c:/altera/12.1/nios2eds/bin/gnu/h-i686-mingw32/bin/../lib/gcc/nios2-elf/4.1.2/../../../../nios2-elf/lib/mno-hw-mul\libc.a(lib_a-fvwrite.o)
 .debug_aranges
                0x000000a8       0x20 c:/altera/12.1/nios2eds/bin/gnu/h-i686-mingw32/bin/../lib/gcc/nios2-elf/4.1.2/../../../../nios2-elf/lib/mno-hw-mul\libc.a(lib_a-mallocr.o)
 .debug_aranges
                0x000000c8       0x20 c:/altera/12.1/nios2eds/bin/gnu/h-i686-mingw32/bin/../lib/gcc/nios2-elf/4.1.2/../../../../nios2-elf/lib/mno-hw-mul\libc.a(lib_a-memchr.o)
 .debug_aranges
                0x000000e8       0x20 c:/altera/12.1/nios2eds/bin/gnu/h-i686-mingw32/bin/../lib/gcc/nios2-elf/4.1.2/../../../../nios2-elf/lib/mno-hw-mul\libc.a(lib_a-memcpy.o)
 .debug_aranges
                0x00000108       0x20 c:/altera/12.1/nios2eds/bin/gnu/h-i686-mingw32/bin/../lib/gcc/nios2-elf/4.1.2/../../../../nios2-elf/lib/mno-hw-mul\libc.a(lib_a-memmove.o)
 .debug_aranges
                0x00000128       0x20 c:/altera/12.1/nios2eds/bin/gnu/h-i686-mingw32/bin/../lib/gcc/nios2-elf/4.1.2/../../../../nios2-elf/lib/mno-hw-mul\libc.a(lib_a-reallocr.o)
 .debug_aranges
                0x00000148       0x20 c:/altera/12.1/nios2eds/bin/gnu/h-i686-mingw32/bin/../lib/gcc/nios2-elf/4.1.2/../../../../nios2-elf/lib/mno-hw-mul\libc.a(lib_a-sbrkr.o)
 .debug_aranges
                0x00000168       0x20 c:/altera/12.1/nios2eds/bin/gnu/h-i686-mingw32/bin/../lib/gcc/nios2-elf/4.1.2/../../../../nios2-elf/lib/mno-hw-mul\libc.a(lib_a-wsetup.o)
 .debug_aranges
                0x00000188       0x20 c:/altera/12.1/nios2eds/bin/gnu/h-i686-mingw32/bin/../lib/gcc/nios2-elf/4.1.2/../../../../nios2-elf/lib/mno-hw-mul\libc.a(lib_a-fflush.o)
 .debug_aranges
                0x000001a8       0x20 c:/altera/12.1/nios2eds/bin/gnu/h-i686-mingw32/bin/../lib/gcc/nios2-elf/4.1.2/../../../../nios2-elf/lib/mno-hw-mul\libc.a(lib_a-findfp.o)
 .debug_aranges
                0x000001c8       0x20 c:/altera/12.1/nios2eds/bin/gnu/h-i686-mingw32/bin/../lib/gcc/nios2-elf/4.1.2/../../../../nios2-elf/lib/mno-hw-mul\libc.a(lib_a-freer.o)
 .debug_aranges
                0x000001e8       0x20 c:/altera/12.1/nios2eds/bin/gnu/h-i686-mingw32/bin/../lib/gcc/nios2-elf/4.1.2/../../../../nios2-elf/lib/mno-hw-mul\libc.a(lib_a-fwalk.o)
 .debug_aranges
                0x00000208       0x20 c:/altera/12.1/nios2eds/bin/gnu/h-i686-mingw32/bin/../lib/gcc/nios2-elf/4.1.2/../../../../nios2-elf/lib/mno-hw-mul\libc.a(lib_a-makebuf.o)
 .debug_aranges
                0x00000228       0x20 c:/altera/12.1/nios2eds/bin/gnu/h-i686-mingw32/bin/../lib/gcc/nios2-elf/4.1.2/../../../../nios2-elf/lib/mno-hw-mul\libc.a(lib_a-memset.o)
 .debug_aranges
                0x00000248       0x20 c:/altera/12.1/nios2eds/bin/gnu/h-i686-mingw32/bin/../lib/gcc/nios2-elf/4.1.2/../../../../nios2-elf/lib/mno-hw-mul\libc.a(lib_a-stdio.o)
 .debug_aranges
                0x00000268       0x20 c:/altera/12.1/nios2eds/bin/gnu/h-i686-mingw32/bin/../lib/gcc/nios2-elf/4.1.2/../../../../nios2-elf/lib/mno-hw-mul\libc.a(lib_a-writer.o)
 .debug_aranges
                0x00000288       0x20 c:/altera/12.1/nios2eds/bin/gnu/h-i686-mingw32/bin/../lib/gcc/nios2-elf/4.1.2/../../../../nios2-elf/lib/mno-hw-mul\libc.a(lib_a-closer.o)
 .debug_aranges
                0x000002a8       0x20 c:/altera/12.1/nios2eds/bin/gnu/h-i686-mingw32/bin/../lib/gcc/nios2-elf/4.1.2/../../../../nios2-elf/lib/mno-hw-mul\libc.a(lib_a-fclose.o)
 .debug_aranges
                0x000002c8       0x20 c:/altera/12.1/nios2eds/bin/gnu/h-i686-mingw32/bin/../lib/gcc/nios2-elf/4.1.2/../../../../nios2-elf/lib/mno-hw-mul\libc.a(lib_a-fstatr.o)
 .debug_aranges
                0x000002e8       0x20 c:/altera/12.1/nios2eds/bin/gnu/h-i686-mingw32/bin/../lib/gcc/nios2-elf/4.1.2/../../../../nios2-elf/lib/mno-hw-mul\libc.a(lib_a-isattyr.o)
 .debug_aranges
                0x00000308       0x20 c:/altera/12.1/nios2eds/bin/gnu/h-i686-mingw32/bin/../lib/gcc/nios2-elf/4.1.2/../../../../nios2-elf/lib/mno-hw-mul\libc.a(lib_a-lseekr.o)
 .debug_aranges
                0x00000328       0x20 c:/altera/12.1/nios2eds/bin/gnu/h-i686-mingw32/bin/../lib/gcc/nios2-elf/4.1.2/../../../../nios2-elf/lib/mno-hw-mul\libc.a(lib_a-readr.o)
 .debug_aranges
                0x00000348       0x20 c:/altera/12.1/nios2eds/bin/gnu/h-i686-mingw32/bin/../lib/gcc/nios2-elf/4.1.2/mno-hw-mul\libgcc.a(lib2-mul.o)
 .debug_aranges
                0x00000368       0x20 ../Ello_World_bsp/\libhal_bsp.a(alt_close.o)
 .debug_aranges
                0x00000388       0x20 ../Ello_World_bsp/\libhal_bsp.a(alt_dev.o)
 .debug_aranges
                0x000003a8       0x20 ../Ello_World_bsp/\libhal_bsp.a(alt_fstat.o)
 .debug_aranges
                0x000003c8       0x20 ../Ello_World_bsp/\libhal_bsp.a(alt_isatty.o)
 .debug_aranges
                0x000003e8       0x20 ../Ello_World_bsp/\libhal_bsp.a(alt_load.o)
 .debug_aranges
                0x00000408       0x20 ../Ello_World_bsp/\libhal_bsp.a(alt_lseek.o)
 .debug_aranges
                0x00000428       0x20 ../Ello_World_bsp/\libhal_bsp.a(alt_main.o)
 .debug_aranges
                0x00000448       0x20 ../Ello_World_bsp/\libhal_bsp.a(alt_malloc_lock.o)
 .debug_aranges
                0x00000468       0x20 ../Ello_World_bsp/\libhal_bsp.a(alt_read.o)
 .debug_aranges
                0x00000488       0x20 ../Ello_World_bsp/\libhal_bsp.a(alt_release_fd.o)
 .debug_aranges
                0x000004a8       0x20 ../Ello_World_bsp/\libhal_bsp.a(alt_sbrk.o)
 .debug_aranges
                0x000004c8       0x20 ../Ello_World_bsp/\libhal_bsp.a(alt_write.o)
 .debug_aranges
                0x000004e8       0x20 ../Ello_World_bsp/\libhal_bsp.a(alt_sys_init.o)
 .debug_aranges
                0x00000508       0x20 ../Ello_World_bsp/\libhal_bsp.a(altera_avalon_jtag_uart_fd.o)
 .debug_aranges
                0x00000528       0x20 ../Ello_World_bsp/\libhal_bsp.a(altera_avalon_jtag_uart_init.o)
 .debug_aranges
                0x00000548       0x20 ../Ello_World_bsp/\libhal_bsp.a(altera_avalon_jtag_uart_ioctl.o)
 .debug_aranges
                0x00000568       0x20 ../Ello_World_bsp/\libhal_bsp.a(altera_avalon_jtag_uart_read.o)
 .debug_aranges
                0x00000588       0x20 ../Ello_World_bsp/\libhal_bsp.a(altera_avalon_jtag_uart_write.o)
 .debug_aranges
                0x000005a8       0x20 ../Ello_World_bsp/\libhal_bsp.a(altera_avalon_lcd_16207.o)
 .debug_aranges
                0x000005c8       0x20 ../Ello_World_bsp/\libhal_bsp.a(altera_avalon_lcd_16207_fd.o)
 .debug_aranges
                0x000005e8       0x20 ../Ello_World_bsp/\libhal_bsp.a(altera_avalon_timer_sc.o)
 .debug_aranges
                0x00000608       0x20 ../Ello_World_bsp/\libhal_bsp.a(alt_alarm_start.o)
 .debug_aranges
                0x00000628       0x20 ../Ello_World_bsp/\libhal_bsp.a(alt_dcache_flush_all.o)
 .debug_aranges
                0x00000648       0x20 ../Ello_World_bsp/\libhal_bsp.a(alt_dev_llist_insert.o)
 .debug_aranges
                0x00000668       0x20 ../Ello_World_bsp/\libhal_bsp.a(alt_do_ctors.o)
 .debug_aranges
                0x00000688       0x20 ../Ello_World_bsp/\libhal_bsp.a(alt_do_dtors.o)
 .debug_aranges
                0x000006a8       0x20 ../Ello_World_bsp/\libhal_bsp.a(alt_icache_flush_all.o)
 .debug_aranges
                0x000006c8       0x20 ../Ello_World_bsp/\libhal_bsp.a(alt_iic.o)
 .debug_aranges
                0x000006e8       0x20 ../Ello_World_bsp/\libhal_bsp.a(alt_iic_isr_register.o)
 .debug_aranges
                0x00000708       0x20 ../Ello_World_bsp/\libhal_bsp.a(alt_io_redirect.o)
 .debug_aranges
                0x00000728       0x30 ../Ello_World_bsp/\libhal_bsp.a(alt_irq_entry.o)
 .debug_aranges
                0x00000758       0x28 ../Ello_World_bsp/\libhal_bsp.a(alt_irq_handler.o)
 .debug_aranges
                0x00000780       0x20 ../Ello_World_bsp/\libhal_bsp.a(alt_open.o)
 .debug_aranges
                0x000007a0       0x20 ../Ello_World_bsp/\libhal_bsp.a(alt_tick.o)
 .debug_aranges
                0x000007c0       0x20 ../Ello_World_bsp/\libhal_bsp.a(alt_usleep.o)
 .debug_aranges
                0x000007e0       0x20 ../Ello_World_bsp/\libhal_bsp.a(altera_nios2_irq.o)
 .debug_aranges
                0x00000800       0x20 ../Ello_World_bsp/\libhal_bsp.a(alt_busy_sleep.o)
 .debug_aranges
                0x00000820       0x38 ../Ello_World_bsp/\libhal_bsp.a(alt_exception_entry.o)
 .debug_aranges
                0x00000858       0x20 ../Ello_World_bsp/\libhal_bsp.a(alt_find_dev.o)
 .debug_aranges
                0x00000878       0x20 ../Ello_World_bsp/\libhal_bsp.a(alt_find_file.o)
 .debug_aranges
                0x00000898       0x20 ../Ello_World_bsp/\libhal_bsp.a(alt_get_fd.o)
 .debug_aranges
                0x000008b8       0x20 c:/altera/12.1/nios2eds/bin/gnu/h-i686-mingw32/bin/../lib/gcc/nios2-elf/4.1.2/../../../../nios2-elf/lib/mno-hw-mul\libc.a(lib_a-atexit.o)
 .debug_aranges
                0x000008d8       0x20 c:/altera/12.1/nios2eds/bin/gnu/h-i686-mingw32/bin/../lib/gcc/nios2-elf/4.1.2/../../../../nios2-elf/lib/mno-hw-mul\libc.a(lib_a-exit.o)
 .debug_aranges
                0x000008f8       0x20 c:/altera/12.1/nios2eds/bin/gnu/h-i686-mingw32/bin/../lib/gcc/nios2-elf/4.1.2/../../../../nios2-elf/lib/mno-hw-mul\libc.a(lib_a-memcmp.o)
 .debug_aranges
                0x00000918       0x20 c:/altera/12.1/nios2eds/bin/gnu/h-i686-mingw32/bin/../lib/gcc/nios2-elf/4.1.2/../../../../nios2-elf/lib/mno-hw-mul\libc.a(lib_a-__atexit.o)
 .debug_aranges
                0x00000938       0x20 c:/altera/12.1/nios2eds/bin/gnu/h-i686-mingw32/bin/../lib/gcc/nios2-elf/4.1.2/../../../../nios2-elf/lib/mno-hw-mul\libc.a(lib_a-__call_atexit.o)
 .debug_aranges
                0x00000958       0x20 c:/altera/12.1/nios2eds/bin/gnu/h-i686-mingw32/bin/../lib/gcc/nios2-elf/4.1.2/mno-hw-mul\libgcc.a(lib2-divmod.o)
 .debug_aranges
                0x00000978       0x20 ../Ello_World_bsp/\libhal_bsp.a(alt_exit.o)

.debug_pubnames
                0x00000000      0xeda
 *(.debug_pubnames)
 .debug_pubnames
                0x00000000       0x1b obj/default/hello_world.o
 .debug_pubnames
                0x0000001b       0x27 c:/altera/12.1/nios2eds/bin/gnu/h-i686-mingw32/bin/../lib/gcc/nios2-elf/4.1.2/../../../../nios2-elf/lib/mno-hw-mul\libc.a(lib_a-puts.o)
 .debug_pubnames
                0x00000042       0x1d c:/altera/12.1/nios2eds/bin/gnu/h-i686-mingw32/bin/../lib/gcc/nios2-elf/4.1.2/../../../../nios2-elf/lib/mno-hw-mul\libc.a(lib_a-strlen.o)
 .debug_pubnames
                0x0000005f       0x23 c:/altera/12.1/nios2eds/bin/gnu/h-i686-mingw32/bin/../lib/gcc/nios2-elf/4.1.2/../../../../nios2-elf/lib/mno-hw-mul\libc.a(lib_a-fvwrite.o)
 .debug_pubnames
                0x00000082       0x39 c:/altera/12.1/nios2eds/bin/gnu/h-i686-mingw32/bin/../lib/gcc/nios2-elf/4.1.2/../../../../nios2-elf/lib/mno-hw-mul\libc.a(lib_a-impure.o)
 .debug_pubnames
                0x000000bb       0xce c:/altera/12.1/nios2eds/bin/gnu/h-i686-mingw32/bin/../lib/gcc/nios2-elf/4.1.2/../../../../nios2-elf/lib/mno-hw-mul\libc.a(lib_a-mallocr.o)
 .debug_pubnames
                0x00000189       0x1d c:/altera/12.1/nios2eds/bin/gnu/h-i686-mingw32/bin/../lib/gcc/nios2-elf/4.1.2/../../../../nios2-elf/lib/mno-hw-mul\libc.a(lib_a-memchr.o)
 .debug_pubnames
                0x000001a6       0x1d c:/altera/12.1/nios2eds/bin/gnu/h-i686-mingw32/bin/../lib/gcc/nios2-elf/4.1.2/../../../../nios2-elf/lib/mno-hw-mul\libc.a(lib_a-memcpy.o)
 .debug_pubnames
                0x000001c3       0x1e c:/altera/12.1/nios2eds/bin/gnu/h-i686-mingw32/bin/../lib/gcc/nios2-elf/4.1.2/../../../../nios2-elf/lib/mno-hw-mul\libc.a(lib_a-memmove.o)
 .debug_pubnames
                0x000001e1       0x21 c:/altera/12.1/nios2eds/bin/gnu/h-i686-mingw32/bin/../lib/gcc/nios2-elf/4.1.2/../../../../nios2-elf/lib/mno-hw-mul\libc.a(lib_a-reallocr.o)
 .debug_pubnames
                0x00000202       0x1e c:/altera/12.1/nios2eds/bin/gnu/h-i686-mingw32/bin/../lib/gcc/nios2-elf/4.1.2/../../../../nios2-elf/lib/mno-hw-mul\libc.a(lib_a-sbrkr.o)
 .debug_pubnames
                0x00000220       0x22 c:/altera/12.1/nios2eds/bin/gnu/h-i686-mingw32/bin/../lib/gcc/nios2-elf/4.1.2/../../../../nios2-elf/lib/mno-hw-mul\libc.a(lib_a-wsetup.o)
 .debug_pubnames
                0x00000242       0x2b c:/altera/12.1/nios2eds/bin/gnu/h-i686-mingw32/bin/../lib/gcc/nios2-elf/4.1.2/../../../../nios2-elf/lib/mno-hw-mul\libc.a(lib_a-fflush.o)
 .debug_pubnames
                0x0000026d       0xdb c:/altera/12.1/nios2eds/bin/gnu/h-i686-mingw32/bin/../lib/gcc/nios2-elf/4.1.2/../../../../nios2-elf/lib/mno-hw-mul\libc.a(lib_a-findfp.o)
 .debug_pubnames
                0x00000348       0x31 c:/altera/12.1/nios2eds/bin/gnu/h-i686-mingw32/bin/../lib/gcc/nios2-elf/4.1.2/../../../../nios2-elf/lib/mno-hw-mul\libc.a(lib_a-freer.o)
 .debug_pubnames
                0x00000379       0x2e c:/altera/12.1/nios2eds/bin/gnu/h-i686-mingw32/bin/../lib/gcc/nios2-elf/4.1.2/../../../../nios2-elf/lib/mno-hw-mul\libc.a(lib_a-fwalk.o)
 .debug_pubnames
                0x000003a7       0x1c c:/altera/12.1/nios2eds/bin/gnu/h-i686-mingw32/bin/../lib/gcc/nios2-elf/4.1.2/../../../../nios2-elf/lib/mno-hw-mul\libc.a(lib_a-int_errno.o)
 .debug_pubnames
                0x000003c3       0x23 c:/altera/12.1/nios2eds/bin/gnu/h-i686-mingw32/bin/../lib/gcc/nios2-elf/4.1.2/../../../../nios2-elf/lib/mno-hw-mul\libc.a(lib_a-makebuf.o)
 .debug_pubnames
                0x000003e6       0x1d c:/altera/12.1/nios2eds/bin/gnu/h-i686-mingw32/bin/../lib/gcc/nios2-elf/4.1.2/../../../../nios2-elf/lib/mno-hw-mul\libc.a(lib_a-memset.o)
 .debug_pubnames
                0x00000403       0x44 c:/altera/12.1/nios2eds/bin/gnu/h-i686-mingw32/bin/../lib/gcc/nios2-elf/4.1.2/../../../../nios2-elf/lib/mno-hw-mul\libc.a(lib_a-stdio.o)
 .debug_pubnames
                0x00000447       0x1f c:/altera/12.1/nios2eds/bin/gnu/h-i686-mingw32/bin/../lib/gcc/nios2-elf/4.1.2/../../../../nios2-elf/lib/mno-hw-mul\libc.a(lib_a-writer.o)
 .debug_pubnames
                0x00000466       0x1f c:/altera/12.1/nios2eds/bin/gnu/h-i686-mingw32/bin/../lib/gcc/nios2-elf/4.1.2/../../../../nios2-elf/lib/mno-hw-mul\libc.a(lib_a-closer.o)
 .debug_pubnames
                0x00000485       0x2b c:/altera/12.1/nios2eds/bin/gnu/h-i686-mingw32/bin/../lib/gcc/nios2-elf/4.1.2/../../../../nios2-elf/lib/mno-hw-mul\libc.a(lib_a-fclose.o)
 .debug_pubnames
                0x000004b0       0x1f c:/altera/12.1/nios2eds/bin/gnu/h-i686-mingw32/bin/../lib/gcc/nios2-elf/4.1.2/../../../../nios2-elf/lib/mno-hw-mul\libc.a(lib_a-fstatr.o)
 .debug_pubnames
                0x000004cf       0x20 c:/altera/12.1/nios2eds/bin/gnu/h-i686-mingw32/bin/../lib/gcc/nios2-elf/4.1.2/../../../../nios2-elf/lib/mno-hw-mul\libc.a(lib_a-isattyr.o)
 .debug_pubnames
                0x000004ef       0x1f c:/altera/12.1/nios2eds/bin/gnu/h-i686-mingw32/bin/../lib/gcc/nios2-elf/4.1.2/../../../../nios2-elf/lib/mno-hw-mul\libc.a(lib_a-lseekr.o)
 .debug_pubnames
                0x0000050e       0x1e c:/altera/12.1/nios2eds/bin/gnu/h-i686-mingw32/bin/../lib/gcc/nios2-elf/4.1.2/../../../../nios2-elf/lib/mno-hw-mul\libc.a(lib_a-readr.o)
 .debug_pubnames
                0x0000052c       0x1f c:/altera/12.1/nios2eds/bin/gnu/h-i686-mingw32/bin/../lib/gcc/nios2-elf/4.1.2/mno-hw-mul\libgcc.a(lib2-mul.o)
 .debug_pubnames
                0x0000054b       0x1c ../Ello_World_bsp/\libhal_bsp.a(alt_close.o)
 .debug_pubnames
                0x00000567       0x63 ../Ello_World_bsp/\libhal_bsp.a(alt_dev.o)
 .debug_pubnames
                0x000005ca       0x20 ../Ello_World_bsp/\libhal_bsp.a(alt_errno.o)
 .debug_pubnames
                0x000005ea       0x1c ../Ello_World_bsp/\libhal_bsp.a(alt_fstat.o)
 .debug_pubnames
                0x00000606       0x1d ../Ello_World_bsp/\libhal_bsp.a(alt_isatty.o)
 .debug_pubnames
                0x00000623       0x1f ../Ello_World_bsp/\libhal_bsp.a(alt_load.o)
 .debug_pubnames
                0x00000642       0x1c ../Ello_World_bsp/\libhal_bsp.a(alt_lseek.o)
 .debug_pubnames
                0x0000065e       0x46 ../Ello_World_bsp/\libhal_bsp.a(alt_main.o)
 .debug_pubnames
                0x000006a4       0x38 ../Ello_World_bsp/\libhal_bsp.a(alt_malloc_lock.o)
 .debug_pubnames
                0x000006dc       0x1b ../Ello_World_bsp/\libhal_bsp.a(alt_read.o)
 .debug_pubnames
                0x000006f7       0x25 ../Ello_World_bsp/\libhal_bsp.a(alt_release_fd.o)
 .debug_pubnames
                0x0000071c       0x1b ../Ello_World_bsp/\libhal_bsp.a(alt_sbrk.o)
 .debug_pubnames
                0x00000737       0x1c ../Ello_World_bsp/\libhal_bsp.a(alt_write.o)
 .debug_pubnames
                0x00000753       0x34 ../Ello_World_bsp/\libhal_bsp.a(alt_sys_init.o)
 .debug_pubnames
                0x00000787       0xa5 ../Ello_World_bsp/\libhal_bsp.a(altera_avalon_jtag_uart_fd.o)
 .debug_pubnames
                0x0000082c       0x55 ../Ello_World_bsp/\libhal_bsp.a(altera_avalon_jtag_uart_init.o)
 .debug_pubnames
                0x00000881       0x34 ../Ello_World_bsp/\libhal_bsp.a(altera_avalon_jtag_uart_ioctl.o)
 .debug_pubnames
                0x000008b5       0x33 ../Ello_World_bsp/\libhal_bsp.a(altera_avalon_jtag_uart_read.o)
 .debug_pubnames
                0x000008e8       0x34 ../Ello_World_bsp/\libhal_bsp.a(altera_avalon_jtag_uart_write.o)
 .debug_pubnames
                0x0000091c       0x55 ../Ello_World_bsp/\libhal_bsp.a(altera_avalon_lcd_16207.o)
 .debug_pubnames
                0x00000971       0x37 ../Ello_World_bsp/\libhal_bsp.a(altera_avalon_lcd_16207_fd.o)
 .debug_pubnames
                0x000009a8       0x2f ../Ello_World_bsp/\libhal_bsp.a(altera_avalon_timer_sc.o)
 .debug_pubnames
                0x000009d7       0x52 ../Ello_World_bsp/\libhal_bsp.a(altera_avalon_timer_vars.o)
 .debug_pubnames
                0x00000a29       0x26 ../Ello_World_bsp/\libhal_bsp.a(alt_alarm_start.o)
 .debug_pubnames
                0x00000a4f       0x2b ../Ello_World_bsp/\libhal_bsp.a(alt_dcache_flush_all.o)
 .debug_pubnames
                0x00000a7a       0x2b ../Ello_World_bsp/\libhal_bsp.a(alt_dev_llist_insert.o)
 .debug_pubnames
                0x00000aa5       0x20 ../Ello_World_bsp/\libhal_bsp.a(alt_do_ctors.o)
 .debug_pubnames
                0x00000ac5       0x20 ../Ello_World_bsp/\libhal_bsp.a(alt_do_dtors.o)
 .debug_pubnames
                0x00000ae5       0x2b ../Ello_World_bsp/\libhal_bsp.a(alt_icache_flush_all.o)
 .debug_pubnames
                0x00000b10       0x6e ../Ello_World_bsp/\libhal_bsp.a(alt_iic.o)
 .debug_pubnames
                0x00000b7e       0x2b ../Ello_World_bsp/\libhal_bsp.a(alt_iic_isr_register.o)
 .debug_pubnames
                0x00000ba9       0x26 ../Ello_World_bsp/\libhal_bsp.a(alt_io_redirect.o)
 .debug_pubnames
                0x00000bcf       0x32 ../Ello_World_bsp/\libhal_bsp.a(alt_irq_handler.o)
 .debug_pubnames
                0x00000c01       0x3b ../Ello_World_bsp/\libhal_bsp.a(alt_irq_vars.o)
 .debug_pubnames
                0x00000c3c       0x1b ../Ello_World_bsp/\libhal_bsp.a(alt_open.o)
 .debug_pubnames
                0x00000c57       0x68 ../Ello_World_bsp/\libhal_bsp.a(alt_tick.o)
 .debug_pubnames
                0x00000cbf       0x1d ../Ello_World_bsp/\libhal_bsp.a(alt_usleep.o)
 .debug_pubnames
                0x00000cdc       0x2c ../Ello_World_bsp/\libhal_bsp.a(altera_nios2_irq.o)
 .debug_pubnames
                0x00000d08       0x25 ../Ello_World_bsp/\libhal_bsp.a(alt_busy_sleep.o)
 .debug_pubnames
                0x00000d2d       0x23 ../Ello_World_bsp/\libhal_bsp.a(alt_find_dev.o)
 .debug_pubnames
                0x00000d50       0x24 ../Ello_World_bsp/\libhal_bsp.a(alt_find_file.o)
 .debug_pubnames
                0x00000d74       0x21 ../Ello_World_bsp/\libhal_bsp.a(alt_get_fd.o)
 .debug_pubnames
                0x00000d95       0x2a c:/altera/12.1/nios2eds/bin/gnu/h-i686-mingw32/bin/../lib/gcc/nios2-elf/4.1.2/../../../../nios2-elf/lib/mno-hw-mul\libc.a(lib_a-atexit.o)
 .debug_pubnames
                0x00000dbf       0x2e c:/altera/12.1/nios2eds/bin/gnu/h-i686-mingw32/bin/../lib/gcc/nios2-elf/4.1.2/../../../../nios2-elf/lib/mno-hw-mul\libc.a(lib_a-ctype_.o)
 .debug_pubnames
                0x00000ded       0x1b c:/altera/12.1/nios2eds/bin/gnu/h-i686-mingw32/bin/../lib/gcc/nios2-elf/4.1.2/../../../../nios2-elf/lib/mno-hw-mul\libc.a(lib_a-exit.o)
 .debug_pubnames
                0x00000e08       0x1d c:/altera/12.1/nios2eds/bin/gnu/h-i686-mingw32/bin/../lib/gcc/nios2-elf/4.1.2/../../../../nios2-elf/lib/mno-hw-mul\libc.a(lib_a-memcmp.o)
 .debug_pubnames
                0x00000e25       0x2a c:/altera/12.1/nios2eds/bin/gnu/h-i686-mingw32/bin/../lib/gcc/nios2-elf/4.1.2/../../../../nios2-elf/lib/mno-hw-mul\libc.a(lib_a-__atexit.o)
 .debug_pubnames
                0x00000e4f       0x27 c:/altera/12.1/nios2eds/bin/gnu/h-i686-mingw32/bin/../lib/gcc/nios2-elf/4.1.2/../../../../nios2-elf/lib/mno-hw-mul\libc.a(lib_a-__call_atexit.o)
 .debug_pubnames
                0x00000e76       0x48 c:/altera/12.1/nios2eds/bin/gnu/h-i686-mingw32/bin/../lib/gcc/nios2-elf/4.1.2/mno-hw-mul\libgcc.a(lib2-divmod.o)
 .debug_pubnames
                0x00000ebe       0x1c ../Ello_World_bsp/\libhal_bsp.a(alt_exit.o)

.debug_info     0x00000000    0x1b13f
 *(.debug_info .gnu.linkonce.wi.*)
 .debug_info    0x00000000       0x76 ../Ello_World_bsp//obj/HAL/src/crt0.o
 .debug_info    0x00000076      0x135 obj/default/hello_world.o
 .debug_info    0x000001ab      0xa25 c:/altera/12.1/nios2eds/bin/gnu/h-i686-mingw32/bin/../lib/gcc/nios2-elf/4.1.2/../../../../nios2-elf/lib/mno-hw-mul\libc.a(lib_a-puts.o)
 .debug_info    0x00000bd0       0xdb c:/altera/12.1/nios2eds/bin/gnu/h-i686-mingw32/bin/../lib/gcc/nios2-elf/4.1.2/../../../../nios2-elf/lib/mno-hw-mul\libc.a(lib_a-strlen.o)
 .debug_info    0x00000cab      0xa88 c:/altera/12.1/nios2eds/bin/gnu/h-i686-mingw32/bin/../lib/gcc/nios2-elf/4.1.2/../../../../nios2-elf/lib/mno-hw-mul\libc.a(lib_a-fvwrite.o)
 .debug_info    0x00001733      0x93d c:/altera/12.1/nios2eds/bin/gnu/h-i686-mingw32/bin/../lib/gcc/nios2-elf/4.1.2/../../../../nios2-elf/lib/mno-hw-mul\libc.a(lib_a-impure.o)
 .debug_info    0x00002070      0xcd0 c:/altera/12.1/nios2eds/bin/gnu/h-i686-mingw32/bin/../lib/gcc/nios2-elf/4.1.2/../../../../nios2-elf/lib/mno-hw-mul\libc.a(lib_a-mallocr.o)
 .debug_info    0x00002d40      0x138 c:/altera/12.1/nios2eds/bin/gnu/h-i686-mingw32/bin/../lib/gcc/nios2-elf/4.1.2/../../../../nios2-elf/lib/mno-hw-mul\libc.a(lib_a-memchr.o)
 .debug_info    0x00002e78      0x106 c:/altera/12.1/nios2eds/bin/gnu/h-i686-mingw32/bin/../lib/gcc/nios2-elf/4.1.2/../../../../nios2-elf/lib/mno-hw-mul\libc.a(lib_a-memcpy.o)
 .debug_info    0x00002f7e      0x13e c:/altera/12.1/nios2eds/bin/gnu/h-i686-mingw32/bin/../lib/gcc/nios2-elf/4.1.2/../../../../nios2-elf/lib/mno-hw-mul\libc.a(lib_a-memmove.o)
 .debug_info    0x000030bc      0xbd7 c:/altera/12.1/nios2eds/bin/gnu/h-i686-mingw32/bin/../lib/gcc/nios2-elf/4.1.2/../../../../nios2-elf/lib/mno-hw-mul\libc.a(lib_a-reallocr.o)
 .debug_info    0x00003c93      0x962 c:/altera/12.1/nios2eds/bin/gnu/h-i686-mingw32/bin/../lib/gcc/nios2-elf/4.1.2/../../../../nios2-elf/lib/mno-hw-mul\libc.a(lib_a-sbrkr.o)
 .debug_info    0x000045f5      0x95d c:/altera/12.1/nios2eds/bin/gnu/h-i686-mingw32/bin/../lib/gcc/nios2-elf/4.1.2/../../../../nios2-elf/lib/mno-hw-mul\libc.a(lib_a-wsetup.o)
 .debug_info    0x00004f52      0x9fe c:/altera/12.1/nios2eds/bin/gnu/h-i686-mingw32/bin/../lib/gcc/nios2-elf/4.1.2/../../../../nios2-elf/lib/mno-hw-mul\libc.a(lib_a-fflush.o)
 .debug_info    0x00005950      0xb72 c:/altera/12.1/nios2eds/bin/gnu/h-i686-mingw32/bin/../lib/gcc/nios2-elf/4.1.2/../../../../nios2-elf/lib/mno-hw-mul\libc.a(lib_a-findfp.o)
 .debug_info    0x000064c2      0xbc9 c:/altera/12.1/nios2eds/bin/gnu/h-i686-mingw32/bin/../lib/gcc/nios2-elf/4.1.2/../../../../nios2-elf/lib/mno-hw-mul\libc.a(lib_a-freer.o)
 .debug_info    0x0000708b      0xaed c:/altera/12.1/nios2eds/bin/gnu/h-i686-mingw32/bin/../lib/gcc/nios2-elf/4.1.2/../../../../nios2-elf/lib/mno-hw-mul\libc.a(lib_a-fwalk.o)
 .debug_info    0x00007b78       0x8c c:/altera/12.1/nios2eds/bin/gnu/h-i686-mingw32/bin/../lib/gcc/nios2-elf/4.1.2/../../../../nios2-elf/lib/mno-hw-mul\libc.a(lib_a-int_errno.o)
 .debug_info    0x00007c04      0xb1a c:/altera/12.1/nios2eds/bin/gnu/h-i686-mingw32/bin/../lib/gcc/nios2-elf/4.1.2/../../../../nios2-elf/lib/mno-hw-mul\libc.a(lib_a-makebuf.o)
 .debug_info    0x0000871e      0x113 c:/altera/12.1/nios2eds/bin/gnu/h-i686-mingw32/bin/../lib/gcc/nios2-elf/4.1.2/../../../../nios2-elf/lib/mno-hw-mul\libc.a(lib_a-memset.o)
 .debug_info    0x00008831      0xaac c:/altera/12.1/nios2eds/bin/gnu/h-i686-mingw32/bin/../lib/gcc/nios2-elf/4.1.2/../../../../nios2-elf/lib/mno-hw-mul\libc.a(lib_a-stdio.o)
 .debug_info    0x000092dd      0x993 c:/altera/12.1/nios2eds/bin/gnu/h-i686-mingw32/bin/../lib/gcc/nios2-elf/4.1.2/../../../../nios2-elf/lib/mno-hw-mul\libc.a(lib_a-writer.o)
 .debug_info    0x00009c70      0x958 c:/altera/12.1/nios2eds/bin/gnu/h-i686-mingw32/bin/../lib/gcc/nios2-elf/4.1.2/../../../../nios2-elf/lib/mno-hw-mul\libc.a(lib_a-closer.o)
 .debug_info    0x0000a5c8      0x994 c:/altera/12.1/nios2eds/bin/gnu/h-i686-mingw32/bin/../lib/gcc/nios2-elf/4.1.2/../../../../nios2-elf/lib/mno-hw-mul\libc.a(lib_a-fclose.o)
 .debug_info    0x0000af5c      0xafc c:/altera/12.1/nios2eds/bin/gnu/h-i686-mingw32/bin/../lib/gcc/nios2-elf/4.1.2/../../../../nios2-elf/lib/mno-hw-mul\libc.a(lib_a-fstatr.o)
 .debug_info    0x0000ba58      0x958 c:/altera/12.1/nios2eds/bin/gnu/h-i686-mingw32/bin/../lib/gcc/nios2-elf/4.1.2/../../../../nios2-elf/lib/mno-hw-mul\libc.a(lib_a-isattyr.o)
 .debug_info    0x0000c3b0      0x981 c:/altera/12.1/nios2eds/bin/gnu/h-i686-mingw32/bin/../lib/gcc/nios2-elf/4.1.2/../../../../nios2-elf/lib/mno-hw-mul\libc.a(lib_a-lseekr.o)
 .debug_info    0x0000cd31      0x98c c:/altera/12.1/nios2eds/bin/gnu/h-i686-mingw32/bin/../lib/gcc/nios2-elf/4.1.2/../../../../nios2-elf/lib/mno-hw-mul\libc.a(lib_a-readr.o)
 .debug_info    0x0000d6bd       0xf3 c:/altera/12.1/nios2eds/bin/gnu/h-i686-mingw32/bin/../lib/gcc/nios2-elf/4.1.2/mno-hw-mul\libgcc.a(lib2-mul.o)
 .debug_info    0x0000d7b0      0x462 ../Ello_World_bsp/\libhal_bsp.a(alt_close.o)
 .debug_info    0x0000dc12      0x67a ../Ello_World_bsp/\libhal_bsp.a(alt_dev.o)
 .debug_info    0x0000e28c      0x15f ../Ello_World_bsp/\libhal_bsp.a(alt_errno.o)
 .debug_info    0x0000e3eb      0x65b ../Ello_World_bsp/\libhal_bsp.a(alt_fstat.o)
 .debug_info    0x0000ea46      0x661 ../Ello_World_bsp/\libhal_bsp.a(alt_isatty.o)
 .debug_info    0x0000f0a7      0x288 ../Ello_World_bsp/\libhal_bsp.a(alt_load.o)
 .debug_info    0x0000f32f      0x495 ../Ello_World_bsp/\libhal_bsp.a(alt_lseek.o)
 .debug_info    0x0000f7c4      0x220 ../Ello_World_bsp/\libhal_bsp.a(alt_main.o)
 .debug_info    0x0000f9e4      0xc13 ../Ello_World_bsp/\libhal_bsp.a(alt_malloc_lock.o)
 .debug_info    0x000105f7      0x685 ../Ello_World_bsp/\libhal_bsp.a(alt_read.o)
 .debug_info    0x00010c7c      0x3ed ../Ello_World_bsp/\libhal_bsp.a(alt_release_fd.o)
 .debug_info    0x00011069      0x2b2 ../Ello_World_bsp/\libhal_bsp.a(alt_sbrk.o)
 .debug_info    0x0001131b      0x68e ../Ello_World_bsp/\libhal_bsp.a(alt_write.o)
 .debug_info    0x000119a9      0x948 ../Ello_World_bsp/\libhal_bsp.a(alt_sys_init.o)
 .debug_info    0x000122f1      0x7d4 ../Ello_World_bsp/\libhal_bsp.a(altera_avalon_jtag_uart_fd.o)
 .debug_info    0x00012ac5      0x5fc ../Ello_World_bsp/\libhal_bsp.a(altera_avalon_jtag_uart_init.o)
 .debug_info    0x000130c1      0x43e ../Ello_World_bsp/\libhal_bsp.a(altera_avalon_jtag_uart_ioctl.o)
 .debug_info    0x000134ff      0x541 ../Ello_World_bsp/\libhal_bsp.a(altera_avalon_jtag_uart_read.o)
 .debug_info    0x00013a40      0x539 ../Ello_World_bsp/\libhal_bsp.a(altera_avalon_jtag_uart_write.o)
 .debug_info    0x00013f79      0x8e9 ../Ello_World_bsp/\libhal_bsp.a(altera_avalon_lcd_16207.o)
 .debug_info    0x00014862      0x70d ../Ello_World_bsp/\libhal_bsp.a(altera_avalon_lcd_16207_fd.o)
 .debug_info    0x00014f6f      0x386 ../Ello_World_bsp/\libhal_bsp.a(altera_avalon_timer_sc.o)
 .debug_info    0x000152f5      0x202 ../Ello_World_bsp/\libhal_bsp.a(altera_avalon_timer_vars.o)
 .debug_info    0x000154f7      0x43d ../Ello_World_bsp/\libhal_bsp.a(alt_alarm_start.o)
 .debug_info    0x00015934      0x157 ../Ello_World_bsp/\libhal_bsp.a(alt_dcache_flush_all.o)
 .debug_info    0x00015a8b      0x2b2 ../Ello_World_bsp/\libhal_bsp.a(alt_dev_llist_insert.o)
 .debug_info    0x00015d3d      0x10a ../Ello_World_bsp/\libhal_bsp.a(alt_do_ctors.o)
 .debug_info    0x00015e47      0x109 ../Ello_World_bsp/\libhal_bsp.a(alt_do_dtors.o)
 .debug_info    0x00015f50      0x157 ../Ello_World_bsp/\libhal_bsp.a(alt_icache_flush_all.o)
 .debug_info    0x000160a7      0x48e ../Ello_World_bsp/\libhal_bsp.a(alt_iic.o)
 .debug_info    0x00016535      0x30f ../Ello_World_bsp/\libhal_bsp.a(alt_iic_isr_register.o)
 .debug_info    0x00016844      0x690 ../Ello_World_bsp/\libhal_bsp.a(alt_io_redirect.o)
 .debug_info    0x00016ed4       0x7f ../Ello_World_bsp/\libhal_bsp.a(alt_irq_entry.o)
 .debug_info    0x00016f53      0x270 ../Ello_World_bsp/\libhal_bsp.a(alt_irq_handler.o)
 .debug_info    0x000171c3      0x162 ../Ello_World_bsp/\libhal_bsp.a(alt_irq_vars.o)
 .debug_info    0x00017325      0x520 ../Ello_World_bsp/\libhal_bsp.a(alt_open.o)
 .debug_info    0x00017845      0x3f9 ../Ello_World_bsp/\libhal_bsp.a(alt_tick.o)
 .debug_info    0x00017c3e      0x163 ../Ello_World_bsp/\libhal_bsp.a(alt_usleep.o)
 .debug_info    0x00017da1      0x154 ../Ello_World_bsp/\libhal_bsp.a(altera_nios2_irq.o)
 .debug_info    0x00017ef5      0x1a6 ../Ello_World_bsp/\libhal_bsp.a(alt_busy_sleep.o)
 .debug_info    0x0001809b       0x85 ../Ello_World_bsp/\libhal_bsp.a(alt_exception_entry.o)
 .debug_info    0x00018120      0x413 ../Ello_World_bsp/\libhal_bsp.a(alt_find_dev.o)
 .debug_info    0x00018533      0x41a ../Ello_World_bsp/\libhal_bsp.a(alt_find_file.o)
 .debug_info    0x0001894d      0x45b ../Ello_World_bsp/\libhal_bsp.a(alt_get_fd.o)
 .debug_info    0x00018da8      0x181 c:/altera/12.1/nios2eds/bin/gnu/h-i686-mingw32/bin/../lib/gcc/nios2-elf/4.1.2/../../../../nios2-elf/lib/mno-hw-mul\libc.a(lib_a-atexit.o)
 .debug_info    0x00018f29       0xa0 c:/altera/12.1/nios2eds/bin/gnu/h-i686-mingw32/bin/../lib/gcc/nios2-elf/4.1.2/../../../../nios2-elf/lib/mno-hw-mul\libc.a(lib_a-ctype_.o)
 .debug_info    0x00018fc9      0x93f c:/altera/12.1/nios2eds/bin/gnu/h-i686-mingw32/bin/../lib/gcc/nios2-elf/4.1.2/../../../../nios2-elf/lib/mno-hw-mul\libc.a(lib_a-exit.o)
 .debug_info    0x00019908      0x115 c:/altera/12.1/nios2eds/bin/gnu/h-i686-mingw32/bin/../lib/gcc/nios2-elf/4.1.2/../../../../nios2-elf/lib/mno-hw-mul\libc.a(lib_a-memcmp.o)
 .debug_info    0x00019a1d      0x99c c:/altera/12.1/nios2eds/bin/gnu/h-i686-mingw32/bin/../lib/gcc/nios2-elf/4.1.2/../../../../nios2-elf/lib/mno-hw-mul\libc.a(lib_a-__atexit.o)
 .debug_info    0x0001a3b9      0x9e2 c:/altera/12.1/nios2eds/bin/gnu/h-i686-mingw32/bin/../lib/gcc/nios2-elf/4.1.2/../../../../nios2-elf/lib/mno-hw-mul\libc.a(lib_a-__call_atexit.o)
 .debug_info    0x0001ad9b      0x21c c:/altera/12.1/nios2eds/bin/gnu/h-i686-mingw32/bin/../lib/gcc/nios2-elf/4.1.2/mno-hw-mul\libgcc.a(lib2-divmod.o)
 .debug_info    0x0001afb7      0x188 ../Ello_World_bsp/\libhal_bsp.a(alt_exit.o)

.debug_abbrev   0x00000000     0x5471
 *(.debug_abbrev)
 .debug_abbrev  0x00000000       0x12 ../Ello_World_bsp//obj/HAL/src/crt0.o
 .debug_abbrev  0x00000012       0x3f obj/default/hello_world.o
 .debug_abbrev  0x00000051      0x1ac c:/altera/12.1/nios2eds/bin/gnu/h-i686-mingw32/bin/../lib/gcc/nios2-elf/4.1.2/../../../../nios2-elf/lib/mno-hw-mul\libc.a(lib_a-puts.o)
 .debug_abbrev  0x000001fd       0x8b c:/altera/12.1/nios2eds/bin/gnu/h-i686-mingw32/bin/../lib/gcc/nios2-elf/4.1.2/../../../../nios2-elf/lib/mno-hw-mul\libc.a(lib_a-strlen.o)
 .debug_abbrev  0x00000288      0x1a3 c:/altera/12.1/nios2eds/bin/gnu/h-i686-mingw32/bin/../lib/gcc/nios2-elf/4.1.2/../../../../nios2-elf/lib/mno-hw-mul\libc.a(lib_a-fvwrite.o)
 .debug_abbrev  0x0000042b      0x157 c:/altera/12.1/nios2eds/bin/gnu/h-i686-mingw32/bin/../lib/gcc/nios2-elf/4.1.2/../../../../nios2-elf/lib/mno-hw-mul\libc.a(lib_a-impure.o)
 .debug_abbrev  0x00000582      0x216 c:/altera/12.1/nios2eds/bin/gnu/h-i686-mingw32/bin/../lib/gcc/nios2-elf/4.1.2/../../../../nios2-elf/lib/mno-hw-mul\libc.a(lib_a-mallocr.o)
 .debug_abbrev  0x00000798       0xb5 c:/altera/12.1/nios2eds/bin/gnu/h-i686-mingw32/bin/../lib/gcc/nios2-elf/4.1.2/../../../../nios2-elf/lib/mno-hw-mul\libc.a(lib_a-memchr.o)
 .debug_abbrev  0x0000084d       0xb5 c:/altera/12.1/nios2eds/bin/gnu/h-i686-mingw32/bin/../lib/gcc/nios2-elf/4.1.2/../../../../nios2-elf/lib/mno-hw-mul\libc.a(lib_a-memcpy.o)
 .debug_abbrev  0x00000902       0xb5 c:/altera/12.1/nios2eds/bin/gnu/h-i686-mingw32/bin/../lib/gcc/nios2-elf/4.1.2/../../../../nios2-elf/lib/mno-hw-mul\libc.a(lib_a-memmove.o)
 .debug_abbrev  0x000009b7      0x1c3 c:/altera/12.1/nios2eds/bin/gnu/h-i686-mingw32/bin/../lib/gcc/nios2-elf/4.1.2/../../../../nios2-elf/lib/mno-hw-mul\libc.a(lib_a-reallocr.o)
 .debug_abbrev  0x00000b7a      0x18c c:/altera/12.1/nios2eds/bin/gnu/h-i686-mingw32/bin/../lib/gcc/nios2-elf/4.1.2/../../../../nios2-elf/lib/mno-hw-mul\libc.a(lib_a-sbrkr.o)
 .debug_abbrev  0x00000d06      0x170 c:/altera/12.1/nios2eds/bin/gnu/h-i686-mingw32/bin/../lib/gcc/nios2-elf/4.1.2/../../../../nios2-elf/lib/mno-hw-mul\libc.a(lib_a-wsetup.o)
 .debug_abbrev  0x00000e76      0x1c6 c:/altera/12.1/nios2eds/bin/gnu/h-i686-mingw32/bin/../lib/gcc/nios2-elf/4.1.2/../../../../nios2-elf/lib/mno-hw-mul\libc.a(lib_a-fflush.o)
 .debug_abbrev  0x0000103c      0x24c c:/altera/12.1/nios2eds/bin/gnu/h-i686-mingw32/bin/../lib/gcc/nios2-elf/4.1.2/../../../../nios2-elf/lib/mno-hw-mul\libc.a(lib_a-findfp.o)