Archive member included because of file (symbol)

c:/altera/12.1/nios2eds/bin/gnu/h-i686-mingw32/bin/../lib/gcc/nios2-elf/4.1.2/../../../../nios2-elf/lib/mno-hw-mul\libc.a(lib_a-atoi.o)
                              obj/default/hello_world.o (atoi)
c:/altera/12.1/nios2eds/bin/gnu/h-i686-mingw32/bin/../lib/gcc/nios2-elf/4.1.2/../../../../nios2-elf/lib/mno-hw-mul\libc.a(lib_a-fclose.o)
                              obj/default/hello_world.o (fclose)
c:/altera/12.1/nios2eds/bin/gnu/h-i686-mingw32/bin/../lib/gcc/nios2-elf/4.1.2/../../../../nios2-elf/lib/mno-hw-mul\libc.a(lib_a-fflush.o)
                              c:/altera/12.1/nios2eds/bin/gnu/h-i686-mingw32/bin/../lib/gcc/nios2-elf/4.1.2/../../../../nios2-elf/lib/mno-hw-mul\libc.a(lib_a-fclose.o) (_fflush_r)
c:/altera/12.1/nios2eds/bin/gnu/h-i686-mingw32/bin/../lib/gcc/nios2-elf/4.1.2/../../../../nios2-elf/lib/mno-hw-mul\libc.a(lib_a-findfp.o)
                              c:/altera/12.1/nios2eds/bin/gnu/h-i686-mingw32/bin/../lib/gcc/nios2-elf/4.1.2/../../../../nios2-elf/lib/mno-hw-mul\libc.a(lib_a-fclose.o) (__sfp_lock_acquire)
c:/altera/12.1/nios2eds/bin/gnu/h-i686-mingw32/bin/../lib/gcc/nios2-elf/4.1.2/../../../../nios2-elf/lib/mno-hw-mul\libc.a(lib_a-fopen.o)
                              obj/default/hello_world.o (fopen)
c:/altera/12.1/nios2eds/bin/gnu/h-i686-mingw32/bin/../lib/gcc/nios2-elf/4.1.2/../../../../nios2-elf/lib/mno-hw-mul\libc.a(lib_a-fprintf.o)
                              obj/default/hello_world.o (fprintf)
c:/altera/12.1/nios2eds/bin/gnu/h-i686-mingw32/bin/../lib/gcc/nios2-elf/4.1.2/../../../../nios2-elf/lib/mno-hw-mul\libc.a(lib_a-freer.o)
                              c:/altera/12.1/nios2eds/bin/gnu/h-i686-mingw32/bin/../lib/gcc/nios2-elf/4.1.2/../../../../nios2-elf/lib/mno-hw-mul\libc.a(lib_a-fclose.o) (_free_r)
c:/altera/12.1/nios2eds/bin/gnu/h-i686-mingw32/bin/../lib/gcc/nios2-elf/4.1.2/../../../../nios2-elf/lib/mno-hw-mul\libc.a(lib_a-fseek.o)
                              c:/altera/12.1/nios2eds/bin/gnu/h-i686-mingw32/bin/../lib/gcc/nios2-elf/4.1.2/../../../../nios2-elf/lib/mno-hw-mul\libc.a(lib_a-fopen.o) (_fseek_r)
c:/altera/12.1/nios2eds/bin/gnu/h-i686-mingw32/bin/../lib/gcc/nios2-elf/4.1.2/../../../../nios2-elf/lib/mno-hw-mul\libc.a(lib_a-fstatr.o)
                              c:/altera/12.1/nios2eds/bin/gnu/h-i686-mingw32/bin/../lib/gcc/nios2-elf/4.1.2/../../../../nios2-elf/lib/mno-hw-mul\libc.a(lib_a-fseek.o) (_fstat_r)
c:/altera/12.1/nios2eds/bin/gnu/h-i686-mingw32/bin/../lib/gcc/nios2-elf/4.1.2/../../../../nios2-elf/lib/mno-hw-mul\libc.a(lib_a-fwalk.o)
                              c:/altera/12.1/nios2eds/bin/gnu/h-i686-mingw32/bin/../lib/gcc/nios2-elf/4.1.2/../../../../nios2-elf/lib/mno-hw-mul\libc.a(lib_a-fflush.o) (_fwalk_reent)
c:/altera/12.1/nios2eds/bin/gnu/h-i686-mingw32/bin/../lib/gcc/nios2-elf/4.1.2/../../../../nios2-elf/lib/mno-hw-mul\libc.a(lib_a-fwrite.o)
                              obj/default/hello_world.o (fwrite)
c:/altera/12.1/nios2eds/bin/gnu/h-i686-mingw32/bin/../lib/gcc/nios2-elf/4.1.2/../../../../nios2-elf/lib/mno-hw-mul\libc.a(lib_a-impure.o)
                              c:/altera/12.1/nios2eds/bin/gnu/h-i686-mingw32/bin/../lib/gcc/nios2-elf/4.1.2/../../../../nios2-elf/lib/mno-hw-mul\libc.a(lib_a-fclose.o) (_impure_ptr)
c:/altera/12.1/nios2eds/bin/gnu/h-i686-mingw32/bin/../lib/gcc/nios2-elf/4.1.2/../../../../nios2-elf/lib/mno-hw-mul\libc.a(lib_a-int_errno.o)
                              c:/altera/12.1/nios2eds/bin/gnu/h-i686-mingw32/bin/../lib/gcc/nios2-elf/4.1.2/../../../../nios2-elf/lib/mno-hw-mul\libc.a(lib_a-fstatr.o) (errno)
c:/altera/12.1/nios2eds/bin/gnu/h-i686-mingw32/bin/../lib/gcc/nios2-elf/4.1.2/../../../../nios2-elf/lib/mno-hw-mul\libc.a(lib_a-makebuf.o)
                              c:/altera/12.1/nios2eds/bin/gnu/h-i686-mingw32/bin/../lib/gcc/nios2-elf/4.1.2/../../../../nios2-elf/lib/mno-hw-mul\libc.a(lib_a-fseek.o) (__smakebuf_r)
c:/altera/12.1/nios2eds/bin/gnu/h-i686-mingw32/bin/../lib/gcc/nios2-elf/4.1.2/../../../../nios2-elf/lib/mno-hw-mul\libc.a(lib_a-mallocr.o)
                              c:/altera/12.1/nios2eds/bin/gnu/h-i686-mingw32/bin/../lib/gcc/nios2-elf/4.1.2/../../../../nios2-elf/lib/mno-hw-mul\libc.a(lib_a-findfp.o) (_malloc_r)
c:/altera/12.1/nios2eds/bin/gnu/h-i686-mingw32/bin/../lib/gcc/nios2-elf/4.1.2/../../../../nios2-elf/lib/mno-hw-mul\libc.a(lib_a-memset.o)
                              c:/altera/12.1/nios2eds/bin/gnu/h-i686-mingw32/bin/../lib/gcc/nios2-elf/4.1.2/../../../../nios2-elf/lib/mno-hw-mul\libc.a(lib_a-findfp.o) (memset)
c:/altera/12.1/nios2eds/bin/gnu/h-i686-mingw32/bin/../lib/gcc/nios2-elf/4.1.2/../../../../nios2-elf/lib/mno-hw-mul\libc.a(lib_a-openr.o)
                              c:/altera/12.1/nios2eds/bin/gnu/h-i686-mingw32/bin/../lib/gcc/nios2-elf/4.1.2/../../../../nios2-elf/lib/mno-hw-mul\libc.a(lib_a-fopen.o) (_open_r)
[...]
Memory Configuration

Name             Origin             Length             Attributes
reset            0x00080000         0x00000020
sram_0           0x00080020         0x0007ffe0
*default*        0x00000000         0xffffffff

Linker script and memory map

LOAD ../Ello_World_bsp//obj/HAL/src/crt0.o
LOAD obj/default/hello_world.o
LOAD c:/altera/12.1/nios2eds/bin/gnu/h-i686-mingw32/bin/../lib/gcc/nios2-elf/4.1.2/../../../../nios2-elf/lib/mno-hw-mul\libstdc++.a
LOAD c:/altera/12.1/nios2eds/bin/gnu/h-i686-mingw32/bin/../lib/gcc/nios2-elf/4.1.2/../../../../nios2-elf/lib/mno-hw-mul\libm.a
LOAD c:/altera/12.1/nios2eds/bin/gnu/h-i686-mingw32/bin/../lib/gcc/nios2-elf/4.1.2/mno-hw-mul\libgcc.a
START GROUP
LOAD c:/altera/12.1/nios2eds/bin/gnu/h-i686-mingw32/bin/../lib/gcc/nios2-elf/4.1.2/../../../../nios2-elf/lib/mno-hw-mul\libc.a
LOAD c:/altera/12.1/nios2eds/bin/gnu/h-i686-mingw32/bin/../lib/gcc/nios2-elf/4.1.2/mno-hw-mul\libgcc.a
LOAD ../Ello_World_bsp/\libhal_bsp.a
END GROUP
LOAD c:/altera/12.1/nios2eds/bin/gnu/h-i686-mingw32/bin/../lib/gcc/nios2-elf/4.1.2/mno-hw-mul\libgcc.a
                0x00080000                __alt_mem_sram_0 = 0x80000

.entry          0x00080000       0x20
 *(.entry)
 .entry         0x00080000       0x20 ../Ello_World_bsp//obj/HAL/src/crt0.o
                0x00080000                __reset

.exceptions     0x00080020      0x194
                0x00080020                PROVIDE (__ram_exceptions_start, ABSOLUTE (.))
                0x00080020                . = ALIGN (0x20)
 *(.irq)
 *(.exceptions.entry.label)
 .exceptions.entry.label
                0x00080020        0x0 ../Ello_World_bsp/\libhal_bsp.a(alt_irq_entry.o)
                0x00080020                alt_irq_entry
 .exceptions.entry.label
                0x00080020        0x0 ../Ello_World_bsp/\libhal_bsp.a(alt_exception_entry.o)
                0x00080020                alt_exception
 *(.exceptions.entry.user)
 *(.exceptions.entry)
 .exceptions.entry
                0x00080020       0x54 ../Ello_World_bsp/\libhal_bsp.a(alt_exception_entry.o)
 *(.exceptions.irqtest.user)
 *(.exceptions.irqtest)
 .exceptions.irqtest
                0x00080074       0x10 ../Ello_World_bsp/\libhal_bsp.a(alt_irq_entry.o)
 *(.exceptions.irqhandler.user)
 *(.exceptions.irqhandler)
 .exceptions.irqhandler
                0x00080084        0x4 ../Ello_World_bsp/\libhal_bsp.a(alt_irq_entry.o)
 *(.exceptions.irqreturn.user)
 *(.exceptions.irqreturn)
 .exceptions.irqreturn
                0x00080088        0x4 ../Ello_World_bsp/\libhal_bsp.a(alt_irq_entry.o)
 *(.exceptions.notirq.label)
 .exceptions.notirq.label
                0x0008008c        0x0 ../Ello_World_bsp/\libhal_bsp.a(alt_irq_entry.o)
 *(.exceptions.notirq.user)
 *(.exceptions.notirq)
 .exceptions.notirq
                0x0008008c        0x8 ../Ello_World_bsp/\libhal_bsp.a(alt_exception_entry.o)
 *(.exceptions.soft.user)
 *(.exceptions.soft)
 *(.exceptions.unknown.user)
 *(.exceptions.unknown)
 .exceptions.unknown
                0x00080094        0x4 ../Ello_World_bsp/\libhal_bsp.a(alt_exception_entry.o)
 *(.exceptions.exit.label)
 .exceptions.exit.label
                0x00080098        0x0 ../Ello_World_bsp/\libhal_bsp.a(alt_irq_entry.o)
 .exceptions.exit.label
                0x00080098        0x0 ../Ello_World_bsp/\libhal_bsp.a(alt_exception_entry.o)
 *(.exceptions.exit.user)
 *(.exceptions.exit)
 .exceptions.exit
                0x00080098       0x54 ../Ello_World_bsp/\libhal_bsp.a(alt_exception_entry.o)
 *(.exceptions)
 .exceptions    0x000800ec       0xc8 ../Ello_World_bsp/\libhal_bsp.a(alt_irq_handler.o)
                0x000800ec                alt_irq_handler
                0x000801b4                PROVIDE (__ram_exceptions_end, ABSOLUTE (.))
                0x00080020                PROVIDE (__flash_exceptions_start, LOADADDR (.exceptions))

.text           0x000801b4    0x13630
                0x000801b4                PROVIDE (stext, ABSOLUTE (.))
 *(.interp)
 *(.hash)
 *(.dynsym)
 *(.dynstr)
 *(.gnu.version)
 *(.gnu.version_d)
 *(.gnu.version_r)
 *(.rel.init)
 *(.rela.init)
 *(.rel.text .rel.text.* .rel.gnu.linkonce.t.*)
 *(.rela.text .rela.text.* .rela.gnu.linkonce.t.*)
 *(.rel.fini)
 *(.rela.fini)
 *(.rel.rodata .rel.rodata.* .rel.gnu.linkonce.r.*)
 *(.rela.rodata .rela.rodata.* .rela.gnu.linkonce.r.*)
 *(.rel.data .rel.data.* .rel.gnu.linkonce.d.*)
 *(.rela.data .rela.data.* .rela.gnu.linkonce.d.*)
 *(.rel.tdata .rel.tdata.* .rel.gnu.linkonce.td.*)
 *(.rela.tdata .rela.tdata.* .rela.gnu.linkonce.td.*)
 *(.rel.tbss .rel.tbss.* .rel.gnu.linkonce.tb.*)
 *(.rela.tbss .rela.tbss.* .rela.gnu.linkonce.tb.*)
 *(.rel.ctors)
 *(.rela.ctors)
 *(.rel.dtors)
 *(.rela.dtors)
 *(.rel.got)
 *(.rela.got)
 *(.rel.sdata .rel.sdata.* .rel.gnu.linkonce.s.*)
 *(.rela.sdata .rela.sdata.* .rela.gnu.linkonce.s.*)
 *(.rel.sbss .rel.sbss.* .rel.gnu.linkonce.sb.*)
 *(.rela.sbss .rela.sbss.* .rela.gnu.linkonce.sb.*)
 *(.rel.sdata2 .rel.sdata2.* .rel.gnu.linkonce.s2.*)
 *(.rela.sdata2 .rela.sdata2.* .rela.gnu.linkonce.s2.*)
 *(.rel.sbss2 .rel.sbss2.* .rel.gnu.linkonce.sb2.*)
 *(.rela.sbss2 .rela.sbss2.* .rela.gnu.linkonce.sb2.*)
 *(.rel.bss .rel.bss.* .rel.gnu.linkonce.b.*)
 *(.rela.bss .rela.bss.* .rela.gnu.linkonce.b.*)
 *(.rel.plt)
 *(.rela.plt)
 *(.rel.dyn)
 *(.init)
 *(.plt)
 *(.text .stub .text.* .gnu.linkonce.t.*)
 .text          0x000801b4       0x3c ../Ello_World_bsp//obj/HAL/src/crt0.o
                0x000801b4                _start
 .text          0x000801f0      0x228 obj/default/hello_world.o
                0x000801f0                main
 .text          0x00080418       0x18 c:/altera/12.1/nios2eds/bin/gnu/h-i686-mingw32/bin/../lib/gcc/nios2-elf/4.1.2/../../../../nios2-elf/lib/mno-hw-mul\libc.a(lib_a-atoi.o)
                0x00080418                _atoi_r
                0x00080424                atoi
 .text          0x00080430      0x124 c:/altera/12.1/nios2eds/bin/gnu/h-i686-mingw32/bin/../lib/gcc/nios2-elf/4.1.2/../../../../nios2-elf/lib/mno-hw-mul\libc.a(lib_a-fclose.o)
                0x00080430                _fclose_r
                0x00080540                fclose
 .text          0x00080554      0x230 c:/altera/12.1/nios2eds/bin/gnu/h-i686-mingw32/bin/../lib/gcc/nios2-elf/4.1.2/../../../../nios2-elf/lib/mno-hw-mul\libc.a(lib_a-fflush.o)
                0x00080554                _fflush_r
                0x00080750                fflush
 .text          0x00080784      0x2f4 c:/altera/12.1/nios2eds/bin/gnu/h-i686-mingw32/bin/../lib/gcc/nios2-elf/4.1.2/../../../../nios2-elf/lib/mno-hw-mul\libc.a(lib_a-findfp.o)
                0x000807dc                __sfp_lock_acquire
                0x000807e0                __sfp_lock_release
                0x000807e4                __sinit_lock_acquire
                0x000807e8                __sinit_lock_release
                0x000807ec                __sinit
                0x000808a0                __fp_unlock_all
                0x000808b8                __fp_lock_all
                0x000808d0                _cleanup_r
                0x000808dc                _cleanup
                0x000808ec                __sfmoreglue
                0x00080988                __sfp
 .text          0x00080a78      0x110 c:/altera/12.1/nios2eds/bin/gnu/h-i686-mingw32/bin/../lib/gcc/nios2-elf/4.1.2/../../../../nios2-elf/lib/mno-hw-mul\libc.a(lib_a-fopen.o)
                0x00080a78                _fopen_r
                0x00080b6c                fopen
 .text          0x00080b88       0x60 c:/altera/12.1/nios2eds/bin/gnu/h-i686-mingw32/bin/../lib/gcc/nios2-elf/4.1.2/../../../../nios2-elf/lib/mno-hw-mul\libc.a(lib_a-fprintf.o)
                0x00080b88                fprintf
                0x00080bb4                _fprintf_r
 .text          0x00080be8      0x440 c:/altera/12.1/nios2eds/bin/gnu/h-i686-mingw32/bin/../lib/gcc/nios2-elf/4.1.2/../../../../nios2-elf/lib/mno-hw-mul\libc.a(lib_a-freer.o)
                0x00080be8                _malloc_trim_r
                0x00080d14                _free_r
 .text          0x00081028      0x460 c:/altera/12.1/nios2eds/bin/gnu/h-i686-mingw32/bin/../lib/gcc/nios2-elf/4.1.2/../../../../nios2-elf/lib/mno-hw-mul\libc.a(lib_a-fseek.o)
                0x00081028                _fseek_r
                0x00081464                fseek
 .text          0x00081488       0x74 c:/altera/12.1/nios2eds/bin/gnu/h-i686-mingw32/bin/../lib/gcc/nios2-elf/4.1.2/../../../../nios2-elf/lib/mno-hw-mul\libc.a(lib_a-fstatr.o)
                0x00081488                _fstat_r
 .text          0x000814fc      0x180 c:/altera/12.1/nios2eds/bin/gnu/h-i686-mingw32/bin/../lib/gcc/nios2-elf/4.1.2/../../../../nios2-elf/lib/mno-hw-mul\libc.a(lib_a-fwalk.o)
                0x000814fc                _fwalk_reent
                0x000815c4                _fwalk
 .text          0x0008167c       0xec c:/altera/12.1/nios2eds/bin/gnu/h-i686-mingw32/bin/../lib/gcc/nios2-elf/4.1.2/../../../../nios2-elf/lib/mno-hw-mul\libc.a(lib_a-fwrite.o)
                0x0008167c                _fwrite_r
                0x00081728                fwrite
 .text          0x00081768        0x0 c:/altera/12.1/nios2eds/bin/gnu/h-i686-mingw32/bin/../lib/gcc/nios2-elf/4.1.2/../../../../nios2-elf/lib/mno-hw-mul\libc.a(lib_a-impure.o)
 .text          0x00081768        0x0 c:/altera/12.1/nios2eds/bin/gnu/h-i686-mingw32/bin/../lib/gcc/nios2-elf/4.1.2/../../../../nios2-elf/lib/mno-hw-mul\libc.a(lib_a-int_errno.o)
 .text          0x00081768      0x194 c:/altera/12.1/nios2eds/bin/gnu/h-i686-mingw32/bin/../lib/gcc/nios2-elf/4.1.2/../../../../nios2-elf/lib/mno-hw-mul\libc.a(lib_a-makebuf.o)
                0x00081768                __smakebuf_r
 .text          0x000818fc      0x740 c:/altera/12.1/nios2eds/bin/gnu/h-i686-mingw32/bin/../lib/gcc/nios2-elf/4.1.2/../../../../nios2-elf/lib/mno-hw-mul\libc.a(lib_a-mallocr.o)
                0x000818fc                _malloc_r
 .text          0x0008203c       0x98 c:/altera/12.1/nios2eds/bin/gnu/h-i686-mingw32/bin/../lib/gcc/nios2-elf/4.1.2/../../../../nios2-elf/lib/mno-hw-mul\libc.a(lib_a-memset.o)
                0x0008203c                memset
 .text          0x000820d4       0x78 c:/altera/12.1/nios2eds/bin/gnu/h-i686-mingw32/bin/../lib/gcc/nios2-elf/4.1.2/../../../../nios2-elf/lib/mno-hw-mul\libc.a(lib_a-openr.o)
                0x000820d4                _open_r
 .text          0x0008214c       0x78 c:/altera/12.1/nios2eds/bin/gnu/h-i686-mingw32/bin/../lib/gcc/nios2-elf/4.1.2/../../../../nios2-elf/lib/mno-hw-mul\libc.a(lib_a-printf.o)
                0x0008214c                printf
                0x00082190                _printf_r
 .text          0x000821c4       0xb4 c:/altera/12.1/nios2eds/bin/gnu/h-i686-mingw32/bin/../lib/gcc/nios2-elf/4.1.2/../../../../nios2-elf/lib/mno-hw-mul\libc.a(lib_a-puts.o)
                0x000821c4                _puts_r
                0x00082264                puts
 .text          0x00082278      0x1e0 c:/altera/12.1/nios2eds/bin/gnu/h-i686-mingw32/bin/../lib/gcc/nios2-elf/4.1.2/../../../../nios2-elf/lib/mno-hw-mul\libc.a(lib_a-refill.o)
                0x00082278                __srefill_r
 .text          0x00082458       0x70 c:/altera/12.1/nios2eds/bin/gnu/h-i686-mingw32/bin/../lib/gcc/nios2-elf/4.1.2/../../../../nios2-elf/lib/mno-hw-mul\libc.a(lib_a-sbrkr.o)
                0x00082458                _sbrk_r
 .text          0x000824c8       0x7c c:/altera/12.1/nios2eds/bin/gnu/h-i686-mingw32/bin/../lib/gcc/nios2-elf/4.1.2/../../../../nios2-elf/lib/mno-hw-mul\libc.a(lib_a-scanf.o)
                0x000824c8                _scanf_r
                0x000824fc                scanf
 .text          0x00082544      0x14c c:/altera/12.1/nios2eds/bin/gnu/h-i686-mingw32/bin/../lib/gcc/nios2-elf/4.1.2/../../../../nios2-elf/lib/mno-hw-mul\libc.a(lib_a-stdio.o)
                0x00082544                __sclose
                0x0008254c                __sseek
                0x000825b4                __swrite
                0x00082630                __sread
 .text          0x00082690       0xbc c:/altera/12.1/nios2eds/bin/gnu/h-i686-mingw32/bin/../lib/gcc/nios2-elf/4.1.2/../../../../nios2-elf/lib/mno-hw-mul\libc.a(lib_a-strcmp.o)
                0x00082690                strcmp
 .text          0x0008274c       0x74 c:/altera/12.1/nios2eds/bin/gnu/h-i686-mingw32/bin/../lib/gcc/nios2-elf/4.1.2/../../../../nios2-elf/lib/mno-hw-mul\libc.a(lib_a-strlen.o)
                0x0008274c                strlen
 .text          0x000827c0      0x274 c:/altera/12.1/nios2eds/bin/gnu/h-i686-mingw32/bin/../lib/gcc/nios2-elf/4.1.2/../../../../nios2-elf/lib/mno-hw-mul\libc.a(lib_a-strtol.o)
                0x000827c0                _strtol_r
                0x00082a10                strtol
 .text          0x00082a34     0x1f40 c:/altera/12.1/nios2eds/bin/gnu/h-i686-mingw32/bin/../lib/gcc/nios2-elf/4.1.2/../../../../nios2-elf/lib/mno-hw-mul\libc.a(lib_a-vfprintf.o)
                0x00082a8c                ___vfprintf_internal_r
                0x00084950                __vfprintf_internal
 .text          0x00084974     0x1788 c:/altera/12.1/nios2eds/bin/gnu/h-i686-mingw32/bin/../lib/gcc/nios2-elf/4.1.2/../../../../nios2-elf/lib/mno-hw-mul\libc.a(lib_a-vfscanf.o)
                0x00084974                __svfscanf_r
                0x00085ffc                __svfscanf
                0x00086020                _vfscanf_r
                0x00086088                vfscanf
 .text          0x000860fc       0x78 c:/altera/12.1/nios2eds/bin/gnu/h-i686-mingw32/bin/../lib/gcc/nios2-elf/4.1.2/../../../../nios2-elf/lib/mno-hw-mul\libc.a(lib_a-writer.o)
                0x000860fc                _write_r
 .text          0x00086174      0x13c c:/altera/12.1/nios2eds/bin/gnu/h-i686-mingw32/bin/../lib/gcc/nios2-elf/4.1.2/../../../../nios2-elf/lib/mno-hw-mul\libc.a(lib_a-wsetup.o)
                0x00086174                __swsetup_r
 .text          0x000862b0       0x70 c:/altera/12.1/nios2eds/bin/gnu/h-i686-mingw32/bin/../lib/gcc/nios2-elf/4.1.2/../../../../nios2-elf/lib/mno-hw-mul\libc.a(lib_a-closer.o)
                0x000862b0                _close_r
 .text          0x00086320        0x0 c:/altera/12.1/nios2eds/bin/gnu/h-i686-mingw32/bin/../lib/gcc/nios2-elf/4.1.2/../../../../nios2-elf/lib/mno-hw-mul\libc.a(lib_a-ctype_.o)
 .text          0x00086320     0x17f8 c:/altera/12.1/nios2eds/bin/gnu/h-i686-mingw32/bin/../lib/gcc/nios2-elf/4.1.2/../../../../nios2-elf/lib/mno-hw-mul\libc.a(lib_a-dtoa.o)
                0x00086564                _dtoa_r
 .text          0x00087b18       0xa0 c:/altera/12.1/nios2eds/bin/gnu/h-i686-mingw32/bin/../lib/gcc/nios2-elf/4.1.2/../../../../nios2-elf/lib/mno-hw-mul\libc.a(lib_a-flags.o)
                0x00087b18                __sflags
 .text          0x00087bb8      0x24c c:/altera/12.1/nios2eds/bin/gnu/h-i686-mingw32/bin/../lib/gcc/nios2-elf/4.1.2/../../../../nios2-elf/lib/mno-hw-mul\libc.a(lib_a-fread.o)
                0x00087bb8                _fread_r
                0x00087dc4                fread
 .text          0x00087e04      0x49c c:/altera/12.1/nios2eds/bin/gnu/h-i686-mingw32/bin/../lib/gcc/nios2-elf/4.1.2/../../../../nios2-elf/lib/mno-hw-mul\libc.a(lib_a-fvwrite.o)
                0x00087e04                __sfvwrite_r
 .text          0x000882a0       0x70 c:/altera/12.1/nios2eds/bin/gnu/h-i686-mingw32/bin/../lib/gcc/nios2-elf/4.1.2/../../../../nios2-elf/lib/mno-hw-mul\libc.a(lib_a-isattyr.o)
                0x000882a0                _isatty_r
 .text          0x00088310       0x2c c:/altera/12.1/nios2eds/bin/gnu/h-i686-mingw32/bin/../lib/gcc/nios2-elf/4.1.2/../../../../nios2-elf/lib/mno-hw-mul\libc.a(lib_a-iswspace.o)
                0x00088310                iswspace
 .text          0x0008833c       0xc4 c:/altera/12.1/nios2eds/bin/gnu/h-i686-mingw32/bin/../lib/gcc/nios2-elf/4.1.2/../../../../nios2-elf/lib/mno-hw-mul\libc.a(lib_a-locale.o)
                0x0008833c                __locale_charset
                0x00088344                _localeconv_r
                0x00088350                localeconv
                0x00088360                _setlocale_r
                0x000883e4                setlocale
 .text          0x00088400       0x78 c:/altera/12.1/nios2eds/bin/gnu/h-i686-mingw32/bin/../lib/gcc/nios2-elf/4.1.2/../../../../nios2-elf/lib/mno-hw-mul\libc.a(lib_a-lseekr.o)
                0x00088400                _lseek_r
 .text          0x00088478       0xc0 c:/altera/12.1/nios2eds/bin/gnu/h-i686-mingw32/bin/../lib/gcc/nios2-elf/4.1.2/../../../../nios2-elf/lib/mno-hw-mul\libc.a(lib_a-mbrtowc.o)
                0x00088478                _mbrtowc_r
                0x000884f8                mbrtowc
 .text          0x00088538       0x40 c:/altera/12.1/nios2eds/bin/gnu/h-i686-mingw32/bin/../lib/gcc/nios2-elf/4.1.2/../../../../nios2-elf/lib/mno-hw-mul\libc.a(lib_a-mbtowc_r.o)
                0x00088538                _mbtowc_r
 .text          0x00088578       0xe4 c:/altera/12.1/nios2eds/bin/gnu/h-i686-mingw32/bin/../lib/gcc/nios2-elf/4.1.2/../../../../nios2-elf/lib/mno-hw-mul\libc.a(lib_a-memchr.o)
                0x00088578                memchr
 .text          0x0008865c       0xa0 c:/altera/12.1/nios2eds/bin/gnu/h-i686-mingw32/bin/../lib/gcc/nios2-elf/4.1.2/../../../../nios2-elf/lib/mno-hw-mul\libc.a(lib_a-memcpy.o)
                0x0008865c                memcpy
 .text          0x000886fc       0xe0 c:/altera/12.1/nios2eds/bin/gnu/h-i686-mingw32/bin/../lib/gcc/nios2-elf/4.1.2/../../../../nios2-elf/lib/mno-hw-mul\libc.a(lib_a-memmove.o)
                0x000886fc                memmove
 .text          0x000887dc     0x108c c:/altera/12.1/nios2eds/bin/gnu/h-i686-mingw32/bin/../lib/gcc/nios2-elf/4.1.2/../../../../nios2-elf/lib/mno-hw-mul\libc.a(lib_a-mprec.o)
                0x000887dc                _Bfree
                0x00088804                __hi0bits
                0x00088874                __lo0bits
                0x00088938                __mcmp
                0x00088998                __ulp
                0x00088a18                __b2d
                0x00088b38                __ratio
                0x00088be8                _mprec_log10
                0x00088c7c                __copybits
                0x00088cd4                __any_on
                0x00088d5c                _Balloc
                0x00088e18                __d2b
                0x00088f94                __mdiff
                0x00089120                __lshift
                0x0008926c                __multiply
                0x000894c0                __i2b
                0x000894fc                __multadd
                0x00089628                __pow5mult
                0x00089748                __s2b
 .text          0x00089868       0x78 c:/altera/12.1/nios2eds/bin/gnu/h-i686-mingw32/bin/../lib/gcc/nios2-elf/4.1.2/../../../../nios2-elf/lib/mno-hw-mul\libc.a(lib_a-readr.o)
                0x00089868                _read_r
 .text          0x000898e0      0x5f4 c:/altera/12.1/nios2eds/bin/gnu/h-i686-mingw32/bin/../lib/gcc/nios2-elf/4.1.2/../../../../nios2-elf/lib/mno-hw-mul\libc.a(lib_a-reallocr.o)
                0x000898e0                _realloc_r
 .text          0x00089ed4       0x40 c:/altera/12.1/nios2eds/bin/gnu/h-i686-mingw32/bin/../lib/gcc/nios2-elf/4.1.2/../../../../nios2-elf/lib/mno-hw-mul\libc.a(lib_a-s_isinfd.o)
                0x00089ed4                __isinfd
 .text          0x00089f14       0x30 c:/altera/12.1/nios2eds/bin/gnu/h-i686-mingw32/bin/../lib/gcc/nios2-elf/4.1.2/../../../../nios2-elf/lib/mno-hw-mul\libc.a(lib_a-s_isnand.o)
                0x00089f14                __isnand
 .text          0x00089f44       0xc0 c:/altera/12.1/nios2eds/bin/gnu/h-i686-mingw32/bin/../lib/gcc/nios2-elf/4.1.2/../../../../nios2-elf/lib/mno-hw-mul\libc.a(lib_a-sccl.o)
                0x00089f44                __sccl
 .text          0x0008a004        0x8 c:/altera/12.1/nios2eds/bin/gnu/h-i686-mingw32/bin/../lib/gcc/nios2-elf/4.1.2/../../../../nios2-elf/lib/mno-hw-mul\libc.a(lib_a-sf_nan.o)
                0x0008a004                nanf
 .text          0x0008a00c       0xd4 c:/altera/12.1/nios2eds/bin/gnu/h-i686-mingw32/bin/../lib/gcc/nios2-elf/4.1.2/../../../../nios2-elf/lib/mno-hw-mul\libc.a(lib_a-sprintf.o)
                0x0008a00c                sprintf
                0x0008a080                _sprintf_r
 .text          0x0008a0e0     0x1754 c:/altera/12.1/nios2eds/bin/gnu/h-i686-mingw32/bin/../lib/gcc/nios2-elf/4.1.2/../../../../nios2-elf/lib/mno-hw-mul\libc.a(lib_a-strtod.o)
                0x0008a128                _strtod_r
                0x0008b6f4                strtof
                0x0008b818                strtod
 .text          0x0008b834      0x318 c:/altera/12.1/nios2eds/bin/gnu/h-i686-mingw32/bin/../lib/gcc/nios2-elf/4.1.2/../../../../nios2-elf/lib/mno-hw-mul\libc.a(lib_a-strtoll_r.o)
                0x0008b834                _strtoll_r
 .text          0x0008bb4c      0x264 c:/altera/12.1/nios2eds/bin/gnu/h-i686-mingw32/bin/../lib/gcc/nios2-elf/4.1.2/../../../../nios2-elf/lib/mno-hw-mul\libc.a(lib_a-strtoul.o)
                0x0008bb4c                _strtoul_r
                0x0008bd8c                strtoul
 .text          0x0008bdb0      0x2f0 c:/altera/12.1/nios2eds/bin/gnu/h-i686-mingw32/bin/../lib/gcc/nios2-elf/4.1.2/../../../../nios2-elf/lib/mno-hw-mul\libc.a(lib_a-strtoull_r.o)
                0x0008bdb0                _strtoull_r
 .text          0x0008c0a0      0x294 c:/altera/12.1/nios2eds/bin/gnu/h-i686-mingw32/bin/../lib/gcc/nios2-elf/4.1.2/../../../../nios2-elf/lib/mno-hw-mul\libc.a(lib_a-ungetc.o)
                0x0008c0a0                __submore
                0x0008c17c                _ungetc_r
                0x0008c318                ungetc
 .text          0x0008c334       0xc8 c:/altera/12.1/nios2eds/bin/gnu/h-i686-mingw32/bin/../lib/gcc/nios2-elf/4.1.2/../../../../nios2-elf/lib/mno-hw-mul\libc.a(lib_a-callocr.o)
                0x0008c334                _calloc_r
 .text          0x0008c3fc      0x938 c:/altera/12.1/nios2eds/bin/gnu/h-i686-mingw32/bin/../lib/gcc/nios2-elf/4.1.2/../../../../nios2-elf/lib/mno-hw-mul\libc.a(lib_a-gdtoa-gethex.o)
                0x0008c420                __hexdig_init
                0x0008c538                __gethex
 .text          0x0008cd34      0x294 c:/altera/12.1/nios2eds/bin/gnu/h-i686-mingw32/bin/../lib/gcc/nios2-elf/4.1.2/../../../../nios2-elf/lib/mno-hw-mul\libc.a(lib_a-gdtoa-hexnan.o)
                0x0008cd80                __hexnan
 .text          0x0008cfc8      0x124 c:/altera/12.1/nios2eds/bin/gnu/h-i686-mingw32/bin/../lib/gcc/nios2-elf/4.1.2/mno-hw-mul\libgcc.a(_muldi3.o)
                0x0008cfc8                __muldi3
 .text          0x0008d0ec       0xa4 c:/altera/12.1/nios2eds/bin/gnu/h-i686-mingw32/bin/../lib/gcc/nios2-elf/4.1.2/mno-hw-mul\libgcc.a(_fixunsdfsi.o)
                0x0008d0ec                __fixunsdfsi
 .text          0x0008d190      0x66c c:/altera/12.1/nios2eds/bin/gnu/h-i686-mingw32/bin/../lib/gcc/nios2-elf/4.1.2/mno-hw-mul\libgcc.a(_udivdi3.o)
                0x0008d190                __udivdi3
 .text          0x0008d7fc      0x660 c:/altera/12.1/nios2eds/bin/gnu/h-i686-mingw32/bin/../lib/gcc/nios2-elf/4.1.2/mno-hw-mul\libgcc.a(_umoddi3.o)
                0x0008d7fc                __umoddi3
 .text          0x0008de5c       0x78 c:/altera/12.1/nios2eds/bin/gnu/h-i686-mingw32/bin/../lib/gcc/nios2-elf/4.1.2/mno-hw-mul\libgcc.a(_ne_sf.o)
                0x0008de5c                __nesf2
 .text          0x0008ded4       0x78 c:/altera/12.1/nios2eds/bin/gnu/h-i686-mingw32/bin/../lib/gcc/nios2-elf/4.1.2/mno-hw-mul\libgcc.a(_gt_sf.o)
                0x0008ded4                __gtsf2
 .text          0x0008df4c       0x78 c:/altera/12.1/nios2eds/bin/gnu/h-i686-mingw32/bin/../lib/gcc/nios2-elf/4.1.2/mno-hw-mul\libgcc.a(_lt_sf.o)
                0x0008df4c                __ltsf2
 .text          0x0008dfc4      0x504 c:/altera/12.1/nios2eds/bin/gnu/h-i686-mingw32/bin/../lib/gcc/nios2-elf/4.1.2/mno-hw-mul\libgcc.a(_addsub_df.o)
                0x0008e3d4                __subdf3
                0x0008e454                __adddf3
 .text          0x0008e4c8      0x3c4 c:/altera/12.1/nios2eds/bin/gnu/h-i686-mingw32/bin/../lib/gcc/nios2-elf/4.1.2/mno-hw-mul\libgcc.a(_mul_df.o)
                0x0008e4c8                __muldf3
 .text          0x0008e88c      0x258 c:/altera/12.1/nios2eds/bin/gnu/h-i686-mingw32/bin/../lib/gcc/nios2-elf/4.1.2/mno-hw-mul\libgcc.a(_div_df.o)
                0x0008e88c                __divdf3
 .text          0x0008eae4       0x88 c:/altera/12.1/nios2eds/bin/gnu/h-i686-mingw32/bin/../lib/gcc/nios2-elf/4.1.2/mno-hw-mul\libgcc.a(_eq_df.o)
                0x0008eae4                __eqdf2
 .text          0x0008eb6c       0x88 c:/altera/12.1/nios2eds/bin/gnu/h-i686-mingw32/bin/../lib/gcc/nios2-elf/4.1.2/mno-hw-mul\libgcc.a(_ne_df.o)
                0x0008eb6c                __nedf2
 .text          0x0008ebf4       0x88 c:/altera/12.1/nios2eds/bin/gnu/h-i686-mingw32/bin/../lib/gcc/nios2-elf/4.1.2/mno-hw-mul\libgcc.a(_gt_df.o)
                0x0008ebf4                __gtdf2
 .text          0x0008ec7c       0x88 c:/altera/12.1/nios2eds/bin/gnu/h-i686-mingw32/bin/../lib/gcc/nios2-elf/4.1.2/mno-hw-mul\libgcc.a(_ge_df.o)
                0x0008ec7c                __gedf2
 .text          0x0008ed04       0x88 c:/altera/12.1/nios2eds/bin/gnu/h-i686-mingw32/bin/../lib/gcc/nios2-elf/4.1.2/mno-hw-mul\libgcc.a(_lt_df.o)
                0x0008ed04                __ltdf2
 .text          0x0008ed8c       0x88 c:/altera/12.1/nios2eds/bin/gnu/h-i686-mingw32/bin/../lib/gcc/nios2-elf/4.1.2/mno-hw-mul\libgcc.a(_le_df.o)
                0x0008ed8c                __ledf2
 .text          0x0008ee14       0xf8 c:/altera/12.1/nios2eds/bin/gnu/h-i686-mingw32/bin/../lib/gcc/nios2-elf/4.1.2/mno-hw-mul\libgcc.a(_si_to_df.o)
                0x0008ee14                __floatsidf
 .text          0x0008ef0c       0xd8 c:/altera/12.1/nios2eds/bin/gnu/h-i686-mingw32/bin/../lib/gcc/nios2-elf/4.1.2/mno-hw-mul\libgcc.a(_df_to_si.o)
                0x0008ef0c                __fixdfsi
 .text          0x0008efe4       0x74 c:/altera/12.1/nios2eds/bin/gnu/h-i686-mingw32/bin/../lib/gcc/nios2-elf/4.1.2/mno-hw-mul\libgcc.a(_df_to_sf.o)
                0x0008efe4                __truncdfsf2
 .text          0x0008f058        0x0 c:/altera/12.1/nios2eds/bin/gnu/h-i686-mingw32/bin/../lib/gcc/nios2-elf/4.1.2/mno-hw-mul\libgcc.a(_thenan_df.o)
 .text          0x0008f058      0x194 c:/altera/12.1/nios2eds/bin/gnu/h-i686-mingw32/bin/../lib/gcc/nios2-elf/4.1.2/mno-hw-mul\libgcc.a(_usi_to_df.o)
                0x0008f058                __floatunsidf
 .text          0x0008f1ec      0x14c c:/altera/12.1/nios2eds/bin/gnu/h-i686-mingw32/bin/../lib/gcc/nios2-elf/4.1.2/mno-hw-mul\libgcc.a(lib2-divmod.o)
                0x0008f268                __divsi3
                0x0008f2c8                __modsi3
                0x0008f328                __udivsi3
                0x0008f330                __umodsi3
 .text          0x0008f338       0x38 c:/altera/12.1/nios2eds/bin/gnu/h-i686-mingw32/bin/../lib/gcc/nios2-elf/4.1.2/mno-hw-mul\libgcc.a(lib2-mul.o)
                0x0008f338                __mulsi3
 .text          0x0008f370        0x0 c:/altera/12.1/nios2eds/bin/gnu/h-i686-mingw32/bin/../lib/gcc/nios2-elf/4.1.2/mno-hw-mul\libgcc.a(_clz.o)
 .text          0x0008f370       0x80 c:/altera/12.1/nios2eds/bin/gnu/h-i686-mingw32/bin/../lib/gcc/nios2-elf/4.1.2/mno-hw-mul\libgcc.a(_clzsi2.o)
                0x0008f370                __clzsi2
 .text          0x0008f3f0       0xc8 c:/altera/12.1/nios2eds/bin/gnu/h-i686-mingw32/bin/../lib/gcc/nios2-elf/4.1.2/mno-hw-mul\libgcc.a(_unpack_sf.o)
                0x0008f3f0                __unpack_f
 .text          0x0008f4b8       0xa8 c:/altera/12.1/nios2eds/bin/gnu/h-i686-mingw32/bin/../lib/gcc/nios2-elf/4.1.2/mno-hw-mul\libgcc.a(_fpcmp_parts_sf.o)
                0x0008f4b8                __fpcmp_parts_f
 .text          0x0008f560       0x2c c:/altera/12.1/nios2eds/bin/gnu/h-i686-mingw32/bin/../lib/gcc/nios2-elf/4.1.2/mno-hw-mul\libgcc.a(_make_sf.o)
                0x0008f560                __make_fp
 .text          0x0008f58c      0x314 c:/altera/12.1/nios2eds/bin/gnu/h-i686-mingw32/bin/../lib/gcc/nios2-elf/4.1.2/mno-hw-mul\libgcc.a(_pack_df.o)
                0x0008f58c                __pack_d
 .text          0x0008f8a0      0x138 c:/altera/12.1/nios2eds/bin/gnu/h-i686-mingw32/bin/../lib/gcc/nios2-elf/4.1.2/mno-hw-mul\libgcc.a(_unpack_df.o)
                0x0008f8a0                __unpack_d
 .text          0x0008f9d8       0xc8 c:/altera/12.1/nios2eds/bin/gnu/h-i686-mingw32/bin/../lib/gcc/nios2-elf/4.1.2/mno-hw-mul\libgcc.a(_fpcmp_parts_df.o)
                0x0008f9d8                __fpcmp_parts_d
 .text          0x0008faa0      0x160 c:/altera/12.1/nios2eds/bin/gnu/h-i686-mingw32/bin/../lib/gcc/nios2-elf/4.1.2/mno-hw-mul\libgcc.a(_pack_sf.o)
                0x0008faa0                __pack_f
 .text          0x0008fc00      0x160 ../Ello_World_bsp/\libhal_bsp.a(alt_close.o)
                0x0008fc00                close
 .text          0x0008fd60       0x2c ../Ello_World_bsp/\libhal_bsp.a(alt_dev.o)
 .text          0x0008fd8c        0x0 ../Ello_World_bsp/\libhal_bsp.a(alt_errno.o)
 .text          0x0008fd8c      0x138 ../Ello_World_bsp/\libhal_bsp.a(alt_fstat.o)
                0x0008fd8c                fstat
 .text          0x0008fec4      0x124 ../Ello_World_bsp/\libhal_bsp.a(alt_isatty.o)
                0x0008fec4                isatty
 .text          0x0008ffe8       0xec ../Ello_World_bsp/\libhal_bsp.a(alt_load.o)
                0x0008ffe8                alt_load
 .text          0x000900d4      0x154 ../Ello_World_bsp/\libhal_bsp.a(alt_lseek.o)
                0x000900d4                lseek
 .text          0x00090228       0x6c ../Ello_World_bsp/\libhal_bsp.a(alt_main.o)
                0x00090228                alt_main
 .text          0x00090294       0x40 ../Ello_World_bsp/\libhal_bsp.a(alt_malloc_lock.o)
                0x00090294                __malloc_lock
                0x000902b4                __malloc_unlock
 .text          0x000902d4      0x2e4 ../Ello_World_bsp/\libhal_bsp.a(alt_open.o)
                0x000903cc                open
 .text          0x000905b8      0x184 ../Ello_World_bsp/\libhal_bsp.a(alt_read.o)
                0x000905b8                read
 .text          0x0009073c       0x78 ../Ello_World_bsp/\libhal_bsp.a(alt_release_fd.o)
                0x0009073c                alt_release_fd
 .text          0x000907b4       0xbc ../Ello_World_bsp/\libhal_bsp.a(alt_sbrk.o)
                0x000907b4                sbrk
 .text          0x00090870      0x184 ../Ello_World_bsp/\libhal_bsp.a(alt_write.o)
                0x00090870                write
 .text          0x000909f4      0x108 ../Ello_World_bsp/\libhal_bsp.a(alt_sys_init.o)
                0x000909f4                alt_irq_init
                0x00090a28                alt_sys_init
 .text          0x00090afc      0x148 ../Ello_World_bsp/\libhal_bsp.a(altera_avalon_jtag_uart_fd.o)
                0x00090afc                altera_avalon_jtag_uart_read_fd
                0x00090b54                altera_avalon_jtag_uart_write_fd
                0x00090bac                altera_avalon_jtag_uart_close_fd
                0x00090bf4                altera_avalon_jtag_uart_ioctl_fd
 .text          0x00090c44      0x40c ../Ello_World_bsp/\libhal_bsp.a(altera_avalon_jtag_uart_init.o)
                0x00090c44                altera_avalon_jtag_uart_init
                0x00090fdc                altera_avalon_jtag_uart_close
 .text          0x00091050       0xf4 ../Ello_World_bsp/\libhal_bsp.a(altera_avalon_jtag_uart_ioctl.o)
                0x00091050                altera_avalon_jtag_uart_ioctl
 .text          0x00091144      0x224 ../Ello_World_bsp/\libhal_bsp.a(altera_avalon_jtag_uart_read.o)
                0x00091144                altera_avalon_jtag_uart_read
 .text          0x00091368      0x240 ../Ello_World_bsp/\libhal_bsp.a(altera_avalon_jtag_uart_write.o)
                0x00091368                altera_avalon_jtag_uart_write
 .text          0x000915a8      0xf80 ../Ello_World_bsp/\libhal_bsp.a(altera_avalon_lcd_16207.o)
                0x00091de4                altera_avalon_lcd_16207_write
                0x000923ec                altera_avalon_lcd_16207_init
 .text          0x00092528       0x58 ../Ello_World_bsp/\libhal_bsp.a(altera_avalon_lcd_16207_fd.o)
                0x00092528                altera_avalon_lcd_16207_write_fd
 .text          0x00092580      0x100 ../Ello_World_bsp/\libhal_bsp.a(altera_avalon_timer_sc.o)
                0x000925f0                alt_avalon_timer_sc_init
 .text          0x00092680        0x0 ../Ello_World_bsp/\libhal_bsp.a(altera_avalon_timer_vars.o)
 .text          0x00092680      0x154 ../Ello_World_bsp/\libhal_bsp.a(alt_alarm_start.o)
                0x00092680                alt_alarm_start
 .text          0x000927d4       0x1c ../Ello_World_bsp/\libhal_bsp.a(alt_dcache_flush_all.o)
                0x000927d4                alt_dcache_flush_all
 .text          0x000927f0      0x114 ../Ello_World_bsp/\libhal_bsp.a(alt_dev_llist_insert.o)
                0x000927f0                alt_dev_llist_insert
 .text          0x00092904       0x64 ../Ello_World_bsp/\libhal_bsp.a(alt_do_ctors.o)
                0x00092904                _do_ctors
 .text          0x00092968       0x64 ../Ello_World_bsp/\libhal_bsp.a(alt_do_dtors.o)
                0x00092968                _do_dtors
 .text          0x000929cc       0x94 ../Ello_World_bsp/\libhal_bsp.a(alt_find_dev.o)
                0x000929cc                alt_find_dev
 .text          0x00092a60      0x120 ../Ello_World_bsp/\libhal_bsp.a(alt_find_file.o)
                0x00092a60                alt_find_file
 .text          0x00092b80       0xd0 ../Ello_World_bsp/\libhal_bsp.a(alt_get_fd.o)
                0x00092b80                alt_get_fd
 .text          0x00092c50       0x1c ../Ello_World_bsp/\libhal_bsp.a(alt_icache_flush_all.o)
                0x00092c50                alt_icache_flush_all
 .text          0x00092c6c      0x1d4 ../Ello_World_bsp/\libhal_bsp.a(alt_iic.o)
                0x00092c6c                alt_ic_isr_register
                0x00092cbc                alt_ic_irq_enable
                0x00092d58                alt_ic_irq_disable
                0x00092df8                alt_ic_irq_enabled
 .text          0x00092e40       0xf8 ../Ello_World_bsp/\libhal_bsp.a(alt_iic_isr_register.o)
                0x00092e40                alt_iic_isr_register
 .text          0x00092f38      0x150 ../Ello_World_bsp/\libhal_bsp.a(alt_io_redirect.o)
                0x00093010                alt_io_redirect
 .text          0x00093088        0x0 ../Ello_World_bsp/\libhal_bsp.a(alt_irq_entry.o)
 .text          0x00093088        0x0 ../Ello_World_bsp/\libhal_bsp.a(alt_irq_handler.o)
 .text          0x00093088        0x0 ../Ello_World_bsp/\libhal_bsp.a(alt_irq_vars.o)
 .text          0x00093088      0x1a4 ../Ello_World_bsp/\libhal_bsp.a(alt_tick.o)
                0x00093088                alt_alarm_stop
                0x00093120                alt_tick
 .text          0x0009322c       0x30 ../Ello_World_bsp/\libhal_bsp.a(alt_usleep.o)
                0x0009322c                usleep
 .text          0x0009325c       0x20 ../Ello_World_bsp/\libhal_bsp.a(altera_nios2_irq.o)
                0x0009325c                altera_nios2_irq_init
 .text          0x0009327c      0x15c ../Ello_World_bsp/\libhal_bsp.a(alt_busy_sleep.o)
                0x0009327c                alt_busy_sleep
 .text          0x000933d8        0x0 ../Ello_World_bsp/\libhal_bsp.a(alt_exception_entry.o)
 .text          0x000933d8       0x14 c:/altera/12.1/nios2eds/bin/gnu/h-i686-mingw32/bin/../lib/gcc/nios2-elf/4.1.2/../../../../nios2-elf/lib/mno-hw-mul\libc.a(lib_a-atexit.o)
                0x000933d8                atexit
 .text          0x000933ec       0x38 c:/altera/12.1/nios2eds/bin/gnu/h-i686-mingw32/bin/../lib/gcc/nios2-elf/4.1.2/../../../../nios2-elf/lib/mno-hw-mul\libc.a(lib_a-exit.o)
                0x000933ec                exit
 .text          0x00093424       0x74 c:/altera/12.1/nios2eds/bin/gnu/h-i686-mingw32/bin/../lib/gcc/nios2-elf/4.1.2/../../../../nios2-elf/lib/mno-hw-mul\libc.a(lib_a-memcmp.o)
                0x00093424                memcmp
 .text          0x00093498      0x134 c:/altera/12.1/nios2eds/bin/gnu/h-i686-mingw32/bin/../lib/gcc/nios2-elf/4.1.2/../../../../nios2-elf/lib/mno-hw-mul\libc.a(lib_a-__atexit.o)
                0x00093498                __register_exitproc
 .text          0x000935cc      0x1b4 c:/altera/12.1/nios2eds/bin/gnu/h-i686-mingw32/bin/../lib/gcc/nios2-elf/4.1.2/../../../../nios2-elf/lib/mno-hw-mul\libc.a(lib_a-__call_atexit.o)
                0x000935d0                __call_exitprocs
 .text          0x00093780       0x60 ../Ello_World_bsp/\libhal_bsp.a(alt_exit.o)
                0x000937c0                _exit
 *(.gnu.warning.*)
 *(.fini)
                0x000937e0                PROVIDE (__etext, ABSOLUTE (.))
                0x000937e0                PROVIDE (_etext, ABSOLUTE (.))
                0x000937e0                PROVIDE (etext, ABSOLUTE (.))
 *(.eh_frame_hdr)
                0x000937e0                . = ALIGN (0x4)
                0x000937e0                PROVIDE (__preinit_array_start, ABSOLUTE (.))
 *(.preinit_array)
                0x000937e0                PROVIDE (__preinit_array_end, ABSOLUTE (.))
                0x000937e0                PROVIDE (__init_array_start, ABSOLUTE (.))
 *(.init_array)
                0x000937e0                PROVIDE (__init_array_end, ABSOLUTE (.))
                0x000937e0                PROVIDE (__fini_array_start, ABSOLUTE (.))
 *(.fini_array)
                0x000937e0                PROVIDE (__fini_array_end, ABSOLUTE (.))
 *(.eh_frame)
 *(.gcc_except_table)
 *(.dynamic)
                0x000937e0                PROVIDE (__CTOR_LIST__, ABSOLUTE (.))
 *(.ctors)
 *(SORT(.ctors.*))
 .ctors.65535   0x000937e0        0x4 c:/altera/12.1/nios2eds/bin/gnu/h-i686-mingw32/bin/../lib/gcc/nios2-elf/4.1.2/../../../../nios2-elf/lib/mno-hw-mul\libc.a(lib_a-__call_atexit.o)
                0x000937e4                PROVIDE (__CTOR_END__, ABSOLUTE (.))
                0x000937e4                PROVIDE (__DTOR_LIST__, ABSOLUTE (.))
 *(.dtors)
 *(SORT(.dtors.*))
                0x000937e4                PROVIDE (__DTOR_END__, ABSOLUTE (.))
 *(.jcr)
                0x000937e4                . = ALIGN (0x4)

.rodata         0x000937e4      0x6d8
                0x000937e4                PROVIDE (__ram_rodata_start, ABSOLUTE (.))
                0x000937e4                . = ALIGN (0x4)
 *(.rodata .rodata.* .gnu.linkonce.r.*)
 .rodata        0x000937e4       0x88 obj/default/hello_world.o
 .rodata.str1.4
                0x0009386c        0x2 c:/altera/12.1/nios2eds/bin/gnu/h-i686-mingw32/bin/../lib/gcc/nios2-elf/4.1.2/../../../../nios2-elf/lib/mno-hw-mul\libc.a(lib_a-impure.o)
                                  0x4 (size before relaxing)
 *fill*         0x0009386e        0x2 00
 .rodata.str1.4
                0x00093870        0x2 c:/altera/12.1/nios2eds/bin/gnu/h-i686-mingw32/bin/../lib/gcc/nios2-elf/4.1.2/../../../../nios2-elf/lib/mno-hw-mul\libc.a(lib_a-puts.o)
                                  0x4 (size before relaxing)
 *fill*         0x00093872        0x2 00
 .rodata.str1.4
                0x00093874       0x5e c:/altera/12.1/nios2eds/bin/gnu/h-i686-mingw32/bin/../lib/gcc/nios2-elf/4.1.2/../../../../nios2-elf/lib/mno-hw-mul\libc.a(lib_a-vfprintf.o)
                                 0x60 (size before relaxing)
 .rodata        0x000938d2       0x20 c:/altera/12.1/nios2eds/bin/gnu/h-i686-mingw32/bin/../lib/gcc/nios2-elf/4.1.2/../../../../nios2-elf/lib/mno-hw-mul\libc.a(lib_a-vfprintf.o)
 *fill*         0x000938f2        0x2 00
 .rodata.str1.4
                0x000938f4        0x5 c:/altera/12.1/nios2eds/bin/gnu/h-i686-mingw32/bin/../lib/gcc/nios2-elf/4.1.2/../../../../nios2-elf/lib/mno-hw-mul\libc.a(lib_a-vfscanf.o)
                                  0x8 (size before relaxing)
 *fill*         0x000938f9        0x1 00
 .rodata        0x000938fa       0x22 c:/altera/12.1/nios2eds/bin/gnu/h-i686-mingw32/bin/../lib/gcc/nios2-elf/4.1.2/../../../../nios2-elf/lib/mno-hw-mul\libc.a(lib_a-vfscanf.o)
 .rodata        0x0009391c      0x281 c:/altera/12.1/nios2eds/bin/gnu/h-i686-mingw32/bin/../lib/gcc/nios2-elf/4.1.2/../../../../nios2-elf/lib/mno-hw-mul\libc.a(lib_a-ctype_.o)
                0x0009391c                _ctype_
 *fill*         0x00093b9d        0x3 00
 .rodata.str1.4
                0x00093ba0       0x10 c:/altera/12.1/nios2eds/bin/gnu/h-i686-mingw32/bin/../lib/gcc/nios2-elf/4.1.2/../../../../nios2-elf/lib/mno-hw-mul\libc.a(lib_a-dtoa.o)
                                 0x14 (size before relaxing)
 .rodata.str1.4
                0x00093bb0        0xf c:/altera/12.1/nios2eds/bin/gnu/h-i686-mingw32/bin/../lib/gcc/nios2-elf/4.1.2/../../../../nios2-elf/lib/mno-hw-mul\libc.a(lib_a-locale.o)
                                 0x18 (size before relaxing)
 *fill*         0x00093bbf        0x1 00
 .rodata        0x00093bc0       0x30 c:/altera/12.1/nios2eds/bin/gnu/h-i686-mingw32/bin/../lib/gcc/nios2-elf/4.1.2/../../../../nios2-elf/lib/mno-hw-mul\libc.a(lib_a-locale.o)
 .rodata.str1.4
                0x00000000        0x4 c:/altera/12.1/nios2eds/bin/gnu/h-i686-mingw32/bin/../lib/gcc/nios2-elf/4.1.2/../../../../nios2-elf/lib/mno-hw-mul\libc.a(lib_a-mbrtowc.o)
 .rodata        0x00093bf0      0x124 c:/altera/12.1/nios2eds/bin/gnu/h-i686-mingw32/bin/../lib/gcc/nios2-elf/4.1.2/../../../../nios2-elf/lib/mno-hw-mul\libc.a(lib_a-mprec.o)
                0x00093bf0                __mprec_tens
                0x00093cb8                __mprec_bigtens
                0x00093ce0                __mprec_tinytens
 .rodata.str1.4
                0x00093d14        0xf c:/altera/12.1/nios2eds/bin/gnu/h-i686-mingw32/bin/../lib/gcc/nios2-elf/4.1.2/../../../../nios2-elf/lib/mno-hw-mul\libc.a(lib_a-strtod.o)
                                 0x10 (size before relaxing)
 *fill*         0x00093d23        0x1 00
 .rodata        0x00093d24       0x28 c:/altera/12.1/nios2eds/bin/gnu/h-i686-mingw32/bin/../lib/gcc/nios2-elf/4.1.2/../../../../nios2-elf/lib/mno-hw-mul\libc.a(lib_a-strtod.o)
 .rodata.str1.4
                0x00093d4c       0x1c c:/altera/12.1/nios2eds/bin/gnu/h-i686-mingw32/bin/../lib/gcc/nios2-elf/4.1.2/../../../../nios2-elf/lib/mno-hw-mul\libc.a(lib_a-gdtoa-gethex.o)
 .rodata        0x00093d68       0x14 c:/altera/12.1/nios2eds/bin/gnu/h-i686-mingw32/bin/../lib/gcc/nios2-elf/4.1.2/mno-hw-mul\libgcc.a(_thenan_df.o)
                0x00093d68                __thenan_df
 .rodata        0x00093d7c      0x100 c:/altera/12.1/nios2eds/bin/gnu/h-i686-mingw32/bin/../lib/gcc/nios2-elf/4.1.2/mno-hw-mul\libgcc.a(_clz.o)
                0x00093d7c                __clz_tab
 .rodata        0x00093e7c        0xc ../Ello_World_bsp/\libhal_bsp.a(alt_dev.o)
 .rodata        0x00093e88       0x14 ../Ello_World_bsp/\libhal_bsp.a(alt_main.o)
 .rodata        0x00093e9c       0x20 ../Ello_World_bsp/\libhal_bsp.a(alt_sys_init.o)
 *(.rodata1)
                0x00093ebc                . = ALIGN (0x4)
                0x00093ebc                PROVIDE (__ram_rodata_end, ABSOLUTE (.))
                0x000937e4                PROVIDE (__flash_rodata_start, LOADADDR (.rodata))

.rwdata         0x00093ebc     0x1bac load address 0x00095a68
                0x00093ebc                PROVIDE (__ram_rwdata_start, ABSOLUTE (.))
                0x00093ebc                . = ALIGN (0x4)
 *(.got.plt)
 *(.got)
 *(.data1)
 *(.data .data.* .gnu.linkonce.d.*)
 .data          0x00093ebc        0x0 ../Ello_World_bsp//obj/HAL/src/crt0.o
 .data          0x00093ebc        0x0 obj/default/hello_world.o
 .data          0x00093ebc        0x0 c:/altera/12.1/nios2eds/bin/gnu/h-i686-mingw32/bin/../lib/gcc/nios2-elf/4.1.2/../../../../nios2-elf/lib/mno-hw-mul\libc.a(lib_a-atoi.o)
 .data          0x00093ebc        0x0 c:/altera/12.1/nios2eds/bin/gnu/h-i686-mingw32/bin/../lib/gcc/nios2-elf/4.1.2/../../../../nios2-elf/lib/mno-hw-mul\libc.a(lib_a-fclose.o)
 .data          0x00093ebc        0x0 c:/altera/12.1/nios2eds/bin/gnu/h-i686-mingw32/bin/../lib/gcc/nios2-elf/4.1.2/../../../../nios2-elf/lib/mno-hw-mul\libc.a(lib_a-fflush.o)
 .data          0x00093ebc        0x0 c:/altera/12.1/nios2eds/bin/gnu/h-i686-mingw32/bin/../lib/gcc/nios2-elf/4.1.2/../../../../nios2-elf/lib/mno-hw-mul\libc.a(lib_a-findfp.o)
 .data          0x00093ebc        0x0 c:/altera/12.1/nios2eds/bin/gnu/h-i686-mingw32/bin/../lib/gcc/nios2-elf/4.1.2/../../../../nios2-elf/lib/mno-hw-mul\libc.a(lib_a-fopen.o)
 .data          0x00093ebc        0x0 c:/altera/12.1/nios2eds/bin/gnu/h-i686-mingw32/bin/../lib/gcc/nios2-elf/4.1.2/../../../../nios2-elf/lib/mno-hw-mul\libc.a(lib_a-fprintf.o)
 .data          0x00093ebc        0x0 c:/altera/12.1/nios2eds/bin/gnu/h-i686-mingw32/bin/../lib/gcc/nios2-elf/4.1.2/../../../../nios2-elf/lib/mno-hw-mul\libc.a(lib_a-freer.o)
 .data          0x00093ebc        0x0 c:/altera/12.1/nios2eds/bin/gnu/h-i686-mingw32/bin/../lib/gcc/nios2-elf/4.1.2/../../../../nios2-elf/lib/mno-hw-mul\libc.a(lib_a-fseek.o)
 .data          0x00093ebc        0x0 c:/altera/12.1/nios2eds/bin/gnu/h-i686-mingw32/bin/../lib/gcc/nios2-elf/4.1.2/../../../../nios2-elf/lib/mno-hw-mul\libc.a(lib_a-fstatr.o)
 .data          0x00093ebc        0x0 c:/altera/12.1/nios2eds/bin/gnu/h-i686-mingw32/bin/../lib/gcc/nios2-elf/4.1.2/../../../../nios2-elf/lib/mno-hw-mul\libc.a(lib_a-fwalk.o)
 .data          0x00093ebc        0x0 c:/altera/12.1/nios2eds/bin/gnu/h-i686-mingw32/bin/../lib/gcc/nios2-elf/4.1.2/../../../../nios2-elf/lib/mno-hw-mul\libc.a(lib_a-fwrite.o)
 .data          0x00093ebc      0x400 c:/altera/12.1/nios2eds/bin/gnu/h-i686-mingw32/bin/../lib/gcc/nios2-elf/4.1.2/../../../../nios2-elf/lib/mno-hw-mul\libc.a(lib_a-impure.o)
 .data          0x000942bc        0x0 c:/altera/12.1/nios2eds/bin/gnu/h-i686-mingw32/bin/../lib/gcc/nios2-elf/4.1.2/../../../../nios2-elf/lib/mno-hw-mul\libc.a(lib_a-int_errno.o)
 .data          0x000942bc        0x0 c:/altera/12.1/nios2eds/bin/gnu/h-i686-mingw32/bin/../lib/gcc/nios2-elf/4.1.2/../../../../nios2-elf/lib/mno-hw-mul\libc.a(lib_a-makebuf.o)
 .data          0x000942bc      0x408 c:/altera/12.1/nios2eds/bin/gnu/h-i686-mingw32/bin/../lib/gcc/nios2-elf/4.1.2/../../../../nios2-elf/lib/mno-hw-mul\libc.a(lib_a-mallocr.o)
                0x000942bc                __malloc_av_
 .data          0x000946c4        0x0 c:/altera/12.1/nios2eds/bin/gnu/h-i686-mingw32/bin/../lib/gcc/nios2-elf/4.1.2/../../../../nios2-elf/lib/mno-hw-mul\libc.a(lib_a-memset.o)
 .data          0x000946c4        0x0 c:/altera/12.1/nios2eds/bin/gnu/h-i686-mingw32/bin/../lib/gcc/nios2-elf/4.1.2/../../../../nios2-elf/lib/mno-hw-mul\libc.a(lib_a-openr.o)
 .data          0x000946c4        0x0 c:/altera/12.1/nios2eds/bin/gnu/h-i686-mingw32/bin/../lib/gcc/nios2-elf/4.1.2/../../../../nios2-elf/lib/mno-hw-mul\libc.a(lib_a-printf.o)
 .data          0x000946c4        0x0 c:/altera/12.1/nios2eds/bin/gnu/h-i686-mingw32/bin/../lib/gcc/nios2-elf/4.1.2/../../../../nios2-elf/lib/mno-hw-mul\libc.a(lib_a-puts.o)
 .data          0x000946c4        0x0 c:/altera/12.1/nios2eds/bin/gnu/h-i686-mingw32/bin/../lib/gcc/nios2-elf/4.1.2/../../../../nios2-elf/lib/mno-hw-mul\libc.a(lib_a-refill.o)
 .data          0x000946c4        0x0 c:/altera/12.1/nios2eds/bin/gnu/h-i686-mingw32/bin/../lib/gcc/nios2-elf/4.1.2/../../../../nios2-elf/lib/mno-hw-mul\libc.a(lib_a-sbrkr.o)
 .data          0x000946c4        0x0 c:/altera/12.1/nios2eds/bin/gnu/h-i686-mingw32/bin/../lib/gcc/nios2-elf/4.1.2/../../../../nios2-elf/lib/mno-hw-mul\libc.a(lib_a-scanf.o)
 .data          0x000946c4        0x0 c:/altera/12.1/nios2eds/bin/gnu/h-i686-mingw32/bin/../lib/gcc/nios2-elf/4.1.2/../../../../nios2-elf/lib/mno-hw-mul\libc.a(lib_a-stdio.o)
 .data          0x000946c4        0x0 c:/altera/12.1/nios2eds/bin/gnu/h-i686-mingw32/bin/../lib/gcc/nios2-elf/4.1.2/../../../../nios2-elf/lib/mno-hw-mul\libc.a(lib_a-strcmp.o)
 .data          0x000946c4        0x0 c:/altera/12.1/nios2eds/bin/gnu/h-i686-mingw32/bin/../lib/gcc/nios2-elf/4.1.2/../../../../nios2-elf/lib/mno-hw-mul\libc.a(lib_a-strlen.o)
 .data          0x000946c4        0x0 c:/altera/12.1/nios2eds/bin/gnu/h-i686-mingw32/bin/../lib/gcc/nios2-elf/4.1.2/../../../../nios2-elf/lib/mno-hw-mul\libc.a(lib_a-strtol.o)
 .data          0x000946c4        0x0 c:/altera/12.1/nios2eds/bin/gnu/h-i686-mingw32/bin/../lib/gcc/nios2-elf/4.1.2/../../../../nios2-elf/lib/mno-hw-mul\libc.a(lib_a-vfprintf.o)
 .data          0x000946c4        0x0 c:/altera/12.1/nios2eds/bin/gnu/h-i686-mingw32/bin/../lib/gcc/nios2-elf/4.1.2/../../../../nios2-elf/lib/mno-hw-mul\libc.a(lib_a-vfscanf.o)
 .data          0x000946c4        0x0 c:/altera/12.1/nios2eds/bin/gnu/h-i686-mingw32/bin/../lib/gcc/nios2-elf/4.1.2/../../../../nios2-elf/lib/mno-hw-mul\libc.a(lib_a-writer.o)
 .data          0x000946c4        0x0 c:/altera/12.1/nios2eds/bin/gnu/h-i686-mingw32/bin/../lib/gcc/nios2-elf/4.1.2/../../../../nios2-elf/lib/mno-hw-mul\libc.a(lib_a-wsetup.o)
 .data          0x000946c4        0x0 c:/altera/12.1/nios2eds/bin/gnu/h-i686-mingw32/bin/../lib/gcc/nios2-elf/4.1.2/../../../../nios2-elf/lib/mno-hw-mul\libc.a(lib_a-closer.o)
 .data          0x000946c4        0x0 c:/altera/12.1/nios2eds/bin/gnu/h-i686-mingw32/bin/../lib/gcc/nios2-elf/4.1.2/../../../../nios2-elf/lib/mno-hw-mul\libc.a(lib_a-ctype_.o)
 .data          0x000946c4        0x0 c:/altera/12.1/nios2eds/bin/gnu/h-i686-mingw32/bin/../lib/gcc/nios2-elf/4.1.2/../../../../nios2-elf/lib/mno-hw-mul\libc.a(lib_a-dtoa.o)
 .data          0x000946c4        0x0 c:/altera/12.1/nios2eds/bin/gnu/h-i686-mingw32/bin/../lib/gcc/nios2-elf/4.1.2/../../../../nios2-elf/lib/mno-hw-mul\libc.a(lib_a-flags.o)
 .data          0x000946c4        0x0 c:/altera/12.1/nios2eds/bin/gnu/h-i686-mingw32/bin/../lib/gcc/nios2-elf/4.1.2/../../../../nios2-elf/lib/mno-hw-mul\libc.a(lib_a-fread.o)
 .data          0x000946c4        0x0 c:/altera/12.1/nios2eds/bin/gnu/h-i686-mingw32/bin/../lib/gcc/nios2-elf/4.1.2/../../../../nios2-elf/lib/mno-hw-mul\libc.a(lib_a-fvwrite.o)
 .data          0x000946c4        0x0 c:/altera/12.1/nios2eds/bin/gnu/h-i686-mingw32/bin/../lib/gcc/nios2-elf/4.1.2/../../../../nios2-elf/lib/mno-hw-mul\libc.a(lib_a-isattyr.o)
 .data          0x000946c4        0x0 c:/altera/12.1/nios2eds/bin/gnu/h-i686-mingw32/bin/../lib/gcc/nios2-elf/4.1.2/../../../../nios2-elf/lib/mno-hw-mul\libc.a(lib_a-iswspace.o)
 .data          0x000946c4        0xc c:/altera/12.1/nios2eds/bin/gnu/h-i686-mingw32/bin/../lib/gcc/nios2-elf/4.1.2/../../../../nios2-elf/lib/mno-hw-mul\libc.a(lib_a-locale.o)
                0x000946c4                __lc_ctype
 .data          0x000946d0        0x0 c:/altera/12.1/nios2eds/bin/gnu/h-i686-mingw32/bin/../lib/gcc/nios2-elf/4.1.2/../../../../nios2-elf/lib/mno-hw-mul\libc.a(lib_a-lseekr.o)
 .data          0x000946d0        0x0 c:/altera/12.1/nios2eds/bin/gnu/h-i686-mingw32/bin/../lib/gcc/nios2-elf/4.1.2/../../../../nios2-elf/lib/mno-hw-mul\libc.a(lib_a-mbrtowc.o)
 .data          0x000946d0        0x0 c:/altera/12.1/nios2eds/bin/gnu/h-i686-mingw32/bin/../lib/gcc/nios2-elf/4.1.2/../../../../nios2-elf/lib/mno-hw-mul\libc.a(lib_a-mbtowc_r.o)
 .data          0x000946d0        0x0 c:/altera/12.1/nios2eds/bin/gnu/h-i686-mingw32/bin/../lib/gcc/nios2-elf/4.1.2/../../../../nios2-elf/lib/mno-hw-mul\libc.a(lib_a-memchr.o)
 .data          0x000946d0        0x0 c:/altera/12.1/nios2eds/bin/gnu/h-i686-mingw32/bin/../lib/gcc/nios2-elf/4.1.2/../../../../nios2-elf/lib/mno-hw-mul\libc.a(lib_a-memcpy.o)
 .data          0x000946d0        0x0 c:/altera/12.1/nios2eds/bin/gnu/h-i686-mingw32/bin/../lib/gcc/nios2-elf/4.1.2/../../../../nios2-elf/lib/mno-hw-mul\libc.a(lib_a-memmove.o)
 .data          0x000946d0        0x0 c:/altera/12.1/nios2eds/bin/gnu/h-i686-mingw32/bin/../lib/gcc/nios2-elf/4.1.2/../../../../nios2-elf/lib/mno-hw-mul\libc.a(lib_a-mprec.o)
 .data          0x000946d0        0x0 c:/altera/12.1/nios2eds/bin/gnu/h-i686-mingw32/bin/../lib/gcc/nios2-elf/4.1.2/../../../../nios2-elf/lib/mno-hw-mul\libc.a(lib_a-readr.o)
 .data          0x000946d0        0x0 c:/altera/12.1/nios2eds/bin/gnu/h-i686-mingw32/bin/../lib/gcc/nios2-elf/4.1.2/../../../../nios2-elf/lib/mno-hw-mul\libc.a(lib_a-reallocr.o)
 .data          0x000946d0        0x0 c:/altera/12.1/nios2eds/bin/gnu/h-i686-mingw32/bin/../lib/gcc/nios2-elf/4.1.2/../../../../nios2-elf/lib/mno-hw-mul\libc.a(lib_a-s_isinfd.o)
 .data          0x000946d0        0x0 c:/altera/12.1/nios2eds/bin/gnu/h-i686-mingw32/bin/../lib/gcc/nios2-elf/4.1.2/../../../../nios2-elf/lib/mno-hw-mul\libc.a(lib_a-s_isnand.o)
 .data          0x000946d0        0x0 c:/altera/12.1/nios2eds/bin/gnu/h-i686-mingw32/bin/../lib/gcc/nios2-elf/4.1.2/../../../../nios2-elf/lib/mno-hw-mul\libc.a(lib_a-sccl.o)
 .data          0x000946d0        0x0 c:/altera/12.1/nios2eds/bin/gnu/h-i686-mingw32/bin/../lib/gcc/nios2-elf/4.1.2/../../../../nios2-elf/lib/mno-hw-mul\libc.a(lib_a-sf_nan.o)
 .data          0x000946d0        0x0 c:/altera/12.1/nios2eds/bin/gnu/h-i686-mingw32/bin/../lib/gcc/nios2-elf/4.1.2/../../../../nios2-elf/lib/mno-hw-mul\libc.a(lib_a-sprintf.o)
 .data          0x000946d0       0x28 c:/altera/12.1/nios2eds/bin/gnu/h-i686-mingw32/bin/../lib/gcc/nios2-elf/4.1.2/../../../../nios2-elf/lib/mno-hw-mul\libc.a(lib_a-strtod.o)
 .data          0x000946f8        0x0 c:/altera/12.1/nios2eds/bin/gnu/h-i686-mingw32/bin/../lib/gcc/nios2-elf/4.1.2/../../../../nios2-elf/lib/mno-hw-mul\libc.a(lib_a-strtoll_r.o)
 .data          0x000946f8        0x0 c:/altera/12.1/nios2eds/bin/gnu/h-i686-mingw32/bin/../lib/gcc/nios2-elf/4.1.2/../../../../nios2-elf/lib/mno-hw-mul\libc.a(lib_a-strtoul.o)
 .data          0x000946f8        0x0 c:/altera/12.1/nios2eds/bin/gnu/h-i686-mingw32/bin/../lib/gcc/nios2-elf/4.1.2/../../../../nios2-elf/lib/mno-hw-mul\libc.a(lib_a-strtoull_r.o)
 .data          0x000946f8        0x0 c:/altera/12.1/nios2eds/bin/gnu/h-i686-mingw32/bin/../lib/gcc/nios2-elf/4.1.2/../../../../nios2-elf/lib/mno-hw-mul\libc.a(lib_a-ungetc.o)
 .data          0x000946f8        0x0 c:/altera/12.1/nios2eds/bin/gnu/h-i686-mingw32/bin/../lib/gcc/nios2-elf/4.1.2/../../../../nios2-elf/lib/mno-hw-mul\libc.a(lib_a-callocr.o)
 .data          0x000946f8        0x0 c:/altera/12.1/nios2eds/bin/gnu/h-i686-mingw32/bin/../lib/gcc/nios2-elf/4.1.2/../../../../nios2-elf/lib/mno-hw-mul\libc.a(lib_a-gdtoa-gethex.o)
 .data          0x000946f8        0x0 c:/altera/12.1/nios2eds/bin/gnu/h-i686-mingw32/bin/../lib/gcc/nios2-elf/4.1.2/../../../../nios2-elf/lib/mno-hw-mul\libc.a(lib_a-gdtoa-hexnan.o)
 .data          0x000946f8        0x0 c:/altera/12.1/nios2eds/bin/gnu/h-i686-mingw32/bin/../lib/gcc/nios2-elf/4.1.2/mno-hw-mul\libgcc.a(_muldi3.o)
 .data          0x000946f8        0x0 c:/altera/12.1/nios2eds/bin/gnu/h-i686-mingw32/bin/../lib/gcc/nios2-elf/4.1.2/mno-hw-mul\libgcc.a(_fixunsdfsi.o)
 .data          0x000946f8        0x0 c:/altera/12.1/nios2eds/bin/gnu/h-i686-mingw32/bin/../lib/gcc/nios2-elf/4.1.2/mno-hw-mul\libgcc.a(_udivdi3.o)
 .data          0x000946f8        0x0 c:/altera/12.1/nios2eds/bin/gnu/h-i686-mingw32/bin/../lib/gcc/nios2-elf/4.1.2/mno-hw-mul\libgcc.a(_umoddi3.o)
 .data          0x000946f8        0x0 c:/altera/12.1/nios2eds/bin/gnu/h-i686-mingw32/bin/../lib/gcc/nios2-elf/4.1.2/mno-hw-mul\libgcc.a(_ne_sf.o)
 .data          0x000946f8        0x0 c:/altera/12.1/nios2eds/bin/gnu/h-i686-mingw32/bin/../lib/gcc/nios2-elf/4.1.2/mno-hw-mul\libgcc.a(_gt_sf.o)
 .data          0x000946f8        0x0 c:/altera/12.1/nios2eds/bin/gnu/h-i686-mingw32/bin/../lib/gcc/nios2-elf/4.1.2/mno-hw-mul\libgcc.a(_lt_sf.o)
 .data          0x000946f8        0x0 c:/altera/12.1/nios2eds/bin/gnu/h-i686-mingw32/bin/../lib/gcc/nios2-elf/4.1.2/mno-hw-mul\libgcc.a(_addsub_df.o)
 .data          0x000946f8        0x0 c:/altera/12.1/nios2eds/bin/gnu/h-i686-mingw32/bin/../lib/gcc/nios2-elf/4.1.2/mno-hw-mul\libgcc.a(_mul_df.o)
 .data          0x000946f8        0x0 c:/altera/12.1/nios2eds/bin/gnu/h-i686-mingw32/bin/../lib/gcc/nios2-elf/4.1.2/mno-hw-mul\libgcc.a(_div_df.o)
 .data          0x000946f8        0x0 c:/altera/12.1/nios2eds/bin/gnu/h-i686-mingw32/bin/../lib/gcc/nios2-elf/4.1.2/mno-hw-mul\libgcc.a(_eq_df.o)
 .data          0x000946f8        0x0 c:/altera/12.1/nios2eds/bin/gnu/h-i686-mingw32/bin/../lib/gcc/nios2-elf/4.1.2/mno-hw-mul\libgcc.a(_ne_df.o)
 .data          0x000946f8        0x0 c:/altera/12.1/nios2eds/bin/gnu/h-i686-mingw32/bin/../lib/gcc/nios2-elf/4.1.2/mno-hw-mul\libgcc.a(_gt_df.o)
 .data          0x000946f8        0x0 c:/altera/12.1/nios2eds/bin/gnu/h-i686-mingw32/bin/../lib/gcc/nios2-elf/4.1.2/mno-hw-mul\libgcc.a(_ge_df.o)
 .data          0x000946f8        0x0 c:/altera/12.1/nios2eds/bin/gnu/h-i686-mingw32/bin/../lib/gcc/nios2-elf/4.1.2/mno-hw-mul\libgcc.a(_lt_df.o)
 .data          0x000946f8        0x0 c:/altera/12.1/nios2eds/bin/gnu/h-i686-mingw32/bin/../lib/gcc/nios2-elf/4.1.2/mno-hw-mul\libgcc.a(_le_df.o)
 .data          0x000946f8        0x0 c:/altera/12.1/nios2eds/bin/gnu/h-i686-mingw32/bin/../lib/gcc/nios2-elf/4.1.2/mno-hw-mul\libgcc.a(_si_to_df.o)
 .data          0x000946f8        0x0 c:/altera/12.1/nios2eds/bin/gnu/h-i686-mingw32/bin/../lib/gcc/nios2-elf/4.1.2/mno-hw-mul\libgcc.a(_df_to_si.o)
 .data          0x000946f8        0x0 c:/altera/12.1/nios2eds/bin/gnu/h-i686-mingw32/bin/../lib/gcc/nios2-elf/4.1.2/mno-hw-mul\libgcc.a(_df_to_sf.o)
 .data          0x000946f8        0x0 c:/altera/12.1/nios2eds/bin/gnu/h-i686-mingw32/bin/../lib/gcc/nios2-elf/4.1.2/mno-hw-mul\libgcc.a(_thenan_df.o)
 .data          0x000946f8        0x0 c:/altera/12.1/nios2eds/bin/gnu/h-i686-mingw32/bin/../lib/gcc/nios2-elf/4.1.2/mno-hw-mul\libgcc.a(_usi_to_df.o)
 .data          0x000946f8        0x0 c:/altera/12.1/nios2eds/bin/gnu/h-i686-mingw32/bin/../lib/gcc/nios2-elf/4.1.2/mno-hw-mul\libgcc.a(lib2-divmod.o)
 .data          0x000946f8        0x0 c:/altera/12.1/nios2eds/bin/gnu/h-i686-mingw32/bin/../lib/gcc/nios2-elf/4.1.2/mno-hw-mul\libgcc.a(lib2-mul.o)
 .data          0x000946f8        0x0 c:/altera/12.1/nios2eds/bin/gnu/h-i686-mingw32/bin/../lib/gcc/nios2-elf/4.1.2/mno-hw-mul\libgcc.a(_clz.o)
 .data          0x000946f8        0x0 c:/altera/12.1/nios2eds/bin/gnu/h-i686-mingw32/bin/../lib/gcc/nios2-elf/4.1.2/mno-hw-mul\libgcc.a(_clzsi2.o)
 .data          0x000946f8        0x0 c:/altera/12.1/nios2eds/bin/gnu/h-i686-mingw32/bin/../lib/gcc/nios2-elf/4.1.2/mno-hw-mul\libgcc.a(_unpack_sf.o)
 .data          0x000946f8        0x0 c:/altera/12.1/nios2eds/bin/gnu/h-i686-mingw32/bin/../lib/gcc/nios2-elf/4.1.2/mno-hw-mul\libgcc.a(_fpcmp_parts_sf.o)
 .data          0x000946f8        0x0 c:/altera/12.1/nios2eds/bin/gnu/h-i686-mingw32/bin/../lib/gcc/nios2-elf/4.1.2/mno-hw-mul\libgcc.a(_make_sf.o)
 .data          0x000946f8        0x0 c:/altera/12.1/nios2eds/bin/gnu/h-i686-mingw32/bin/../lib/gcc/nios2-elf/4.1.2/mno-hw-mul\libgcc.a(_pack_df.o)
 .data          0x000946f8        0x0 c:/altera/12.1/nios2eds/bin/gnu/h-i686-mingw32/bin/../lib/gcc/nios2-elf/4.1.2/mno-hw-mul\libgcc.a(_unpack_df.o)
 .data          0x000946f8        0x0 c:/altera/12.1/nios2eds/bin/gnu/h-i686-mingw32/bin/../lib/gcc/nios2-elf/4.1.2/mno-hw-mul\libgcc.a(_fpcmp_parts_df.o)
 .data          0x000946f8        0x0 c:/altera/12.1/nios2eds/bin/gnu/h-i686-mingw32/bin/../lib/gcc/nios2-elf/4.1.2/mno-hw-mul\libgcc.a(_pack_sf.o)
 .data          0x000946f8        0x0 ../Ello_World_bsp/\libhal_bsp.a(alt_close.o)
 .data          0x000946f8      0x1a8 ../Ello_World_bsp/\libhal_bsp.a(alt_dev.o)
                0x000946f8                alt_dev_null
                0x00094720                alt_fd_list
 .data          0x000948a0        0x0 ../Ello_World_bsp/\libhal_bsp.a(alt_errno.o)
 .data          0x000948a0        0x0 ../Ello_World_bsp/\libhal_bsp.a(alt_fstat.o)
 .data          0x000948a0        0x0 ../Ello_World_bsp/\libhal_bsp.a(alt_isatty.o)
 .data          0x000948a0        0x0 ../Ello_World_bsp/\libhal_bsp.a(alt_load.o)
 .data          0x000948a0        0x0 ../Ello_World_bsp/\libhal_bsp.a(alt_lseek.o)
 .data          0x000948a0        0x0 ../Ello_World_bsp/\libhal_bsp.a(alt_main.o)
 .data          0x000948a0        0x0 ../Ello_World_bsp/\libhal_bsp.a(alt_malloc_lock.o)
 .data          0x000948a0        0x0 ../Ello_World_bsp/\libhal_bsp.a(alt_open.o)
 .data          0x000948a0        0x0 ../Ello_World_bsp/\libhal_bsp.a(alt_read.o)
 .data          0x000948a0        0x0 ../Ello_World_bsp/\libhal_bsp.a(alt_release_fd.o)
 .data          0x000948a0        0x0 ../Ello_World_bsp/\libhal_bsp.a(alt_sbrk.o)
 .data          0x000948a0        0x0 ../Ello_World_bsp/\libhal_bsp.a(alt_write.o)
 .data          0x000948a0     0x1180 ../Ello_World_bsp/\libhal_bsp.a(alt_sys_init.o)
 .data          0x00095a20        0x0 ../Ello_World_bsp/\libhal_bsp.a(altera_avalon_jtag_uart_fd.o)
 .data          0x00095a20        0x0 ../Ello_World_bsp/\libhal_bsp.a(altera_avalon_jtag_uart_init.o)
 .data          0x00095a20        0x0 ../Ello_World_bsp/\libhal_bsp.a(altera_avalon_jtag_uart_ioctl.o)
 .data          0x00095a20        0x0 ../Ello_World_bsp/\libhal_bsp.a(altera_avalon_jtag_uart_read.o)
 .data          0x00095a20        0x0 ../Ello_World_bsp/\libhal_bsp.a(altera_avalon_jtag_uart_write.o)
 .data          0x00095a20        0x0 ../Ello_World_bsp/\libhal_bsp.a(altera_avalon_lcd_16207.o)
 .data          0x00095a20        0x0 ../Ello_World_bsp/\libhal_bsp.a(altera_avalon_lcd_16207_fd.o)
 .data          0x00095a20        0x0 ../Ello_World_bsp/\libhal_bsp.a(altera_avalon_timer_sc.o)
 .data          0x00095a20        0x0 ../Ello_World_bsp/\libhal_bsp.a(altera_avalon_timer_vars.o)
 .data          0x00095a20        0x0 ../Ello_World_bsp/\libhal_bsp.a(alt_alarm_start.o)
 .data          0x00095a20        0x0 ../Ello_World_bsp/\libhal_bsp.a(alt_dcache_flush_all.o)
 .data          0x00095a20        0x0 ../Ello_World_bsp/\libhal_bsp.a(alt_dev_llist_insert.o)
 .data          0x00095a20        0x0 ../Ello_World_bsp/\libhal_bsp.a(alt_do_ctors.o)
 .data          0x00095a20        0x0 ../Ello_World_bsp/\libhal_bsp.a(alt_do_dtors.o)
 .data          0x00095a20        0x0 ../Ello_World_bsp/\libhal_bsp.a(alt_find_dev.o)
 .data          0x00095a20        0x0 ../Ello_World_bsp/\libhal_bsp.a(alt_find_file.o)
 .data          0x00095a20        0x0 ../Ello_World_bsp/\libhal_bsp.a(alt_get_fd.o)
 .data          0x00095a20        0x0 ../Ello_World_bsp/\libhal_bsp.a(alt_icache_flush_all.o)
 .data          0x00095a20        0x0 ../Ello_World_bsp/\libhal_bsp.a(alt_iic.o)
 .data          0x00095a20        0x0 ../Ello_World_bsp/\libhal_bsp.a(alt_iic_isr_register.o)
 .data          0x00095a20        0x0 ../Ello_World_bsp/\libhal_bsp.a(alt_io_redirect.o)
 .data          0x00095a20        0x0 ../Ello_World_bsp/\libhal_bsp.a(alt_irq_entry.o)
 .data          0x00095a20        0x0 ../Ello_World_bsp/\libhal_bsp.a(alt_irq_handler.o)
 .data          0x00095a20        0x0 ../Ello_World_bsp/\libhal_bsp.a(alt_irq_vars.o)
 .data          0x00095a20        0x0 ../Ello_World_bsp/\libhal_bsp.a(alt_tick.o)
 .data          0x00095a20        0x0 ../Ello_World_bsp/\libhal_bsp.a(alt_usleep.o)
 .data          0x00095a20        0x0 ../Ello_World_bsp/\libhal_bsp.a(altera_nios2_irq.o)
 .data          0x00095a20        0x0 ../Ello_World_bsp/\libhal_bsp.a(alt_busy_sleep.o)
 .data          0x00095a20        0x0 ../Ello_World_bsp/\libhal_bsp.a(alt_exception_entry.o)
 .data          0x00095a20        0x0 c:/altera/12.1/nios2eds/bin/gnu/h-i686-mingw32/bin/../lib/gcc/nios2-elf/4.1.2/../../../../nios2-elf/lib/mno-hw-mul\libc.a(lib_a-atexit.o)
 .data          0x00095a20        0x0 c:/altera/12.1/nios2eds/bin/gnu/h-i686-mingw32/bin/../lib/gcc/nios2-elf/4.1.2/../../../../nios2-elf/lib/mno-hw-mul\libc.a(lib_a-exit.o)
 .data          0x00095a20        0x0 c:/altera/12.1/nios2eds/bin/gnu/h-i686-mingw32/bin/../lib/gcc/nios2-elf/4.1.2/../../../../nios2-elf/lib/mno-hw-mul\libc.a(lib_a-memcmp.o)
 .data          0x00095a20        0x0 c:/altera/12.1/nios2eds/bin/gnu/h-i686-mingw32/bin/../lib/gcc/nios2-elf/4.1.2/../../../../nios2-elf/lib/mno-hw-mul\libc.a(lib_a-__atexit.o)
 .data          0x00095a20        0x0 c:/altera/12.1/nios2eds/bin/gnu/h-i686-mingw32/bin/../lib/gcc/nios2-elf/4.1.2/../../../../nios2-elf/lib/mno-hw-mul\libc.a(lib_a-__call_atexit.o)
 .data          0x00095a20        0x0 ../Ello_World_bsp/\libhal_bsp.a(alt_exit.o)
                0x0009da20                _gp = ABSOLUTE ((. + 0x8000))
                0x0009da20                PROVIDE (gp, _gp)
 *(.rwdata .rwdata.*)
 *(.sdata .sdata.* .gnu.linkonce.s.*)
 .sdata         0x00095a20        0x8 c:/altera/12.1/nios2eds/bin/gnu/h-i686-mingw32/bin/../lib/gcc/nios2-elf/4.1.2/../../../../nios2-elf/lib/mno-hw-mul\libc.a(lib_a-impure.o)
                0x00095a20                _impure_ptr
                0x00095a24                _global_impure_ptr
 .sdata         0x00095a28        0x8 c:/altera/12.1/nios2eds/bin/gnu/h-i686-mingw32/bin/../lib/gcc/nios2-elf/4.1.2/../../../../nios2-elf/lib/mno-hw-mul\libc.a(lib_a-mallocr.o)
                0x00095a28                __malloc_trim_threshold
                0x00095a2c                __malloc_sbrk_base
 .sdata         0x00095a30        0x4 c:/altera/12.1/nios2eds/bin/gnu/h-i686-mingw32/bin/../lib/gcc/nios2-elf/4.1.2/../../../../nios2-elf/lib/mno-hw-mul\libc.a(lib_a-ctype_.o)
                0x00095a30                __ctype_ptr
 .sdata         0x00095a34        0x8 c:/altera/12.1/nios2eds/bin/gnu/h-i686-mingw32/bin/../lib/gcc/nios2-elf/4.1.2/../../../../nios2-elf/lib/mno-hw-mul\libc.a(lib_a-locale.o)
                0x00095a34                __mb_cur_max
 .sdata         0x00095a3c       0x14 ../Ello_World_bsp/\libhal_bsp.a(alt_dev.o)
                0x00095a3c                alt_fs_list
                0x00095a44                alt_dev_list
                0x00095a4c                alt_max_fd
 .sdata         0x00095a50        0x4 ../Ello_World_bsp/\libhal_bsp.a(alt_errno.o)
                0x00095a50                alt_errno
 .sdata         0x00095a54        0x4 ../Ello_World_bsp/\libhal_bsp.a(alt_sbrk.o)
 .sdata         0x00095a58        0x4 ../Ello_World_bsp/\libhal_bsp.a(altera_avalon_lcd_16207.o)
 .sdata         0x00095a5c        0x4 ../Ello_World_bsp/\libhal_bsp.a(alt_irq_vars.o)
                0x00095a5c                alt_priority_mask
 .sdata         0x00095a60        0x8 ../Ello_World_bsp/\libhal_bsp.a(alt_tick.o)
                0x00095a60                alt_alarm_list
 *(.sdata2 .sdata2.* .gnu.linkonce.s2.*)
                0x00095a68                . = ALIGN (0x4)
                0x00095a68                _edata = ABSOLUTE (.)
                0x00095a68                PROVIDE (edata, ABSOLUTE (.))
                0x00095a68                PROVIDE (__ram_rwdata_end, ABSOLUTE (.))
                0x00095a68                PROVIDE (__flash_rwdata_start, LOADADDR (.rwdata))

.bss            0x00097614      0x3f4
                0x00097614                __bss_start = ABSOLUTE (.)
                0x00097614                PROVIDE (__sbss_start, ABSOLUTE (.))
                0x00097614                PROVIDE (___sbss_start, ABSOLUTE (.))
 *(.dynsbss)
 *(.sbss .sbss.* .gnu.linkonce.sb.*)
 .sbss          0x00097614        0x4 c:/altera/12.1/nios2eds/bin/gnu/h-i686-mingw32/bin/../lib/gcc/nios2-elf/4.1.2/../../../../nios2-elf/lib/mno-hw-mul\libc.a(lib_a-int_errno.o)
                0x00097614                errno
 .sbss          0x00097618        0xc c:/altera/12.1/nios2eds/bin/gnu/h-i686-mingw32/bin/../lib/gcc/nios2-elf/4.1.2/../../../../nios2-elf/lib/mno-hw-mul\libc.a(lib_a-mallocr.o)
                0x00097618                __malloc_top_pad
                0x0009761c                __malloc_max_sbrked_mem
                0x00097620                __malloc_max_total_mem
 .sbss          0x00097624        0xc c:/altera/12.1/nios2eds/bin/gnu/h-i686-mingw32/bin/../lib/gcc/nios2-elf/4.1.2/../../../../nios2-elf/lib/mno-hw-mul\libc.a(lib_a-locale.o)
                0x00097624                __nlocale_changed
                0x00097628                __mlocale_changed
                0x0009762c                _PathLocale
 .sbss          0x00097630        0xc ../Ello_World_bsp/\libhal_bsp.a(alt_main.o)
                0x00097630                alt_argc
                0x00097634                alt_argv
                0x00097638                alt_envp
 .sbss          0x0009763c        0x8 ../Ello_World_bsp/\libhal_bsp.a(altera_avalon_timer_vars.o)
                0x0009763c                altera_avalon_timer_ts_base
                0x00097640                altera_avalon_timer_ts_freq
 .sbss          0x00097644        0x4 ../Ello_World_bsp/\libhal_bsp.a(alt_irq_vars.o)
                0x00097644                alt_irq_active
 .sbss          0x00097648        0x8 ../Ello_World_bsp/\libhal_bsp.a(alt_tick.o)
                0x00097648                _alt_tick_rate
                0x0009764c                _alt_nticks
 *(.sbss2 .sbss2.* .gnu.linkonce.sb2.*)
 *(.scommon)
                0x00097650                PROVIDE (__sbss_end, ABSOLUTE (.))
                0x00097650                PROVIDE (___sbss_end, ABSOLUTE (.))
 *(.dynbss)
 *(.bss .bss.* .gnu.linkonce.b.*)
 .bss           0x00097650        0x0 ../Ello_World_bsp//obj/HAL/src/crt0.o
 .bss           0x00097650        0x0 obj/default/hello_world.o
 .bss           0x00097650        0x0 c:/altera/12.1/nios2eds/bin/gnu/h-i686-mingw32/bin/../lib/gcc/nios2-elf/4.1.2/../../../../nios2-elf/lib/mno-hw-mul\libc.a(lib_a-atoi.o)
 .bss           0x00097650        0x0 c:/altera/12.1/nios2eds/bin/gnu/h-i686-mingw32/bin/../lib/gcc/nios2-elf/4.1.2/../../../../nios2-elf/lib/mno-hw-mul\libc.a(lib_a-fclose.o)
 .bss           0x00097650        0x0 c:/altera/12.1/nios2eds/bin/gnu/h-i686-mingw32/bin/../lib/gcc/nios2-elf/4.1.2/../../../../nios2-elf/lib/mno-hw-mul\libc.a(lib_a-fflush.o)
 .bss           0x00097650        0x0 c:/altera/12.1/nios2eds/bin/gnu/h-i686-mingw32/bin/../lib/gcc/nios2-elf/4.1.2/../../../../nios2-elf/lib/mno-hw-mul\libc.a(lib_a-findfp.o)
 .bss           0x00097650        0x0 c:/altera/12.1/nios2eds/bin/gnu/h-i686-mingw32/bin/../lib/gcc/nios2-elf/4.1.2/../../../../nios2-elf/lib/mno-hw-mul\libc.a(lib_a-fopen.o)
 .bss           0x00097650        0x0 c:/altera/12.1/nios2eds/bin/gnu/h-i686-mingw32/bin/../lib/gcc/nios2-elf/4.1.2/../../../../nios2-elf/lib/mno-hw-mul\libc.a(lib_a-fprintf.o)
 .bss           0x00097650        0x0 c:/altera/12.1/nios2eds/bin/gnu/h-i686-mingw32/bin/../lib/gcc/nios2-elf/4.1.2/../../../../nios2-elf/lib/mno-hw-mul\libc.a(lib_a-freer.o)
 .bss           0x00097650        0x0 c:/altera/12.1/nios2eds/bin/gnu/h-i686-mingw32/bin/../lib/gcc/nios2-elf/4.1.2/../../../../nios2-elf/lib/mno-hw-mul\libc.a(lib_a-fseek.o)
 .bss           0x00097650        0x0 c:/altera/12.1/nios2eds/bin/gnu/h-i686-mingw32/bin/../lib/gcc/nios2-elf/4.1.2/../../../../nios2-elf/lib/mno-hw-mul\libc.a(lib_a-fstatr.o)
 .bss           0x00097650        0x0 c:/altera/12.1/nios2eds/bin/gnu/h-i686-mingw32/bin/../lib/gcc/nios2-elf/4.1.2/../../../../nios2-elf/lib/mno-hw-mul\libc.a(lib_a-fwalk.o)
 .bss           0x00097650        0x0 c:/altera/12.1/nios2eds/bin/gnu/h-i686-mingw32/bin/../lib/gcc/nios2-elf/4.1.2/../../../../nios2-elf/lib/mno-hw-mul\libc.a(lib_a-fwrite.o)
 .bss           0x00097650        0x0 c:/altera/12.1/nios2eds/bin/gnu/h-i686-mingw32/bin/../lib/gcc/nios2-elf/4.1.2/../../../../nios2-elf/lib/mno-hw-mul\libc.a(lib_a-impure.o)
 .bss           0x00097650        0x0 c:/altera/12.1/nios2eds/bin/gnu/h-i686-mingw32/bin/../lib/gcc/nios2-elf/4.1.2/../../../../nios2-elf/lib/mno-hw-mul\libc.a(lib_a-int_errno.o)
 .bss           0x00097650        0x0 c:/altera/12.1/nios2eds/bin/gnu/h-i686-mingw32/bin/../lib/gcc/nios2-elf/4.1.2/../../../../nios2-elf/lib/mno-hw-mul\libc.a(lib_a-makebuf.o)
 .bss           0x00097650       0x28 c:/altera/12.1/nios2eds/bin/gnu/h-i686-mingw32/bin/../lib/gcc/nios2-elf/4.1.2/../../../../nios2-elf/lib/mno-hw-mul\libc.a(lib_a-mallocr.o)
                0x00097650                __malloc_current_mallinfo
 .bss           0x00097678        0x0 c:/altera/12.1/nios2eds/bin/gnu/h-i686-mingw32/bin/../lib/gcc/nios2-elf/4.1.2/../../../../nios2-elf/lib/mno-hw-mul\libc.a(lib_a-memset.o)
 .bss           0x00097678        0x0 c:/altera/12.1/nios2eds/bin/gnu/h-i686-mingw32/bin/../lib/gcc/nios2-elf/4.1.2/../../../../nios2-elf/lib/mno-hw-mul\libc.a(lib_a-openr.o)
 .bss           0x00097678        0x0 c:/altera/12.1/nios2eds/bin/gnu/h-i686-mingw32/bin/../lib/gcc/nios2-elf/4.1.2/../../../../nios2-elf/lib/mno-hw-mul\libc.a(lib_a-printf.o)
 .bss           0x00097678        0x0 c:/altera/12.1/nios2eds/bin/gnu/h-i686-mingw32/bin/../lib/gcc/nios2-elf/4.1.2/../../../../nios2-elf/lib/mno-hw-mul\libc.a(lib_a-puts.o)
 .bss           0x00097678        0x0 c:/altera/12.1/nios2eds/bin/gnu/h-i686-mingw32/bin/../lib/gcc/nios2-elf/4.1.2/../../../../nios2-elf/lib/mno-hw-mul\libc.a(lib_a-refill.o)
 .bss           0x00097678        0x0 c:/altera/12.1/nios2eds/bin/gnu/h-i686-mingw32/bin/../lib/gcc/nios2-elf/4.1.2/../../../../nios2-elf/lib/mno-hw-mul\libc.a(lib_a-sbrkr.o)
 .bss           0x00097678        0x0 c:/altera/12.1/nios2eds/bin/gnu/h-i686-mingw32/bin/../lib/gcc/nios2-elf/4.1.2/../../../../nios2-elf/lib/mno-hw-mul\libc.a(lib_a-scanf.o)
 .bss           0x00097678        0x0 c:/altera/12.1/nios2eds/bin/gnu/h-i686-mingw32/bin/../lib/gcc/nios2-elf/4.1.2/../../../../nios2-elf/lib/mno-hw-mul\libc.a(lib_a-stdio.o)
 .bss           0x00097678        0x0 c:/altera/12.1/nios2eds/bin/gnu/h-i686-mingw32/bin/../lib/gcc/nios2-elf/4.1.2/../../../../nios2-elf/lib/mno-hw-mul\libc.a(lib_a-strcmp.o)
 .bss           0x00097678        0x0 c:/altera/12.1/nios2eds/bin/gnu/h-i686-mingw32/bin/../lib/gcc/nios2-elf/4.1.2/../../../../nios2-elf/lib/mno-hw-mul\libc.a(lib_a-strlen.o)
 .bss           0x00097678        0x0 c:/altera/12.1/nios2eds/bin/gnu/h-i686-mingw32/bin/../lib/gcc/nios2-elf/4.1.2/../../../../nios2-elf/lib/mno-hw-mul\libc.a(lib_a-strtol.o)
 .bss           0x00097678        0x0 c:/altera/12.1/nios2eds/bin/gnu/h-i686-mingw32/bin/../lib/gcc/nios2-elf/4.1.2/../../../../nios2-elf/lib/mno-hw-mul\libc.a(lib_a-vfprintf.o)
 .bss           0x00097678        0x0 c:/altera/12.1/nios2eds/bin/gnu/h-i686-mingw32/bin/../lib/gcc/nios2-elf/4.1.2/../../../../nios2-elf/lib/mno-hw-mul\libc.a(lib_a-vfscanf.o)
 .bss           0x00097678        0x0 c:/altera/12.1/nios2eds/bin/gnu/h-i686-mingw32/bin/../lib/gcc/nios2-elf/4.1.2/../../../../nios2-elf/lib/mno-hw-mul\libc.a(lib_a-writer.o)
 .bss           0x00097678        0x0 c:/altera/12.1/nios2eds/bin/gnu/h-i686-mingw32/bin/../lib/gcc/nios2-elf/4.1.2/../../../../nios2-elf/lib/mno-hw-mul\libc.a(lib_a-wsetup.o)
 .bss           0x00097678        0x0 c:/altera/12.1/nios2eds/bin/gnu/h-i686-mingw32/bin/../lib/gcc/nios2-elf/4.1.2/../../../../nios2-elf/lib/mno-hw-mul\libc.a(lib_a-closer.o)
 .bss           0x00097678        0x0 c:/altera/12.1/nios2eds/bin/gnu/h-i686-mingw32/bin/../lib/gcc/nios2-elf/4.1.2/../../../../nios2-elf/lib/mno-hw-mul\libc.a(lib_a-ctype_.o)
 .bss           0x00097678        0x0 c:/altera/12.1/nios2eds/bin/gnu/h-i686-mingw32/bin/../lib/gcc/nios2-elf/4.1.2/../../../../nios2-elf/lib/mno-hw-mul\libc.a(lib_a-dtoa.o)
 .bss           0x00097678        0x0 c:/altera/12.1/nios2eds/bin/gnu/h-i686-mingw32/bin/../lib/gcc/nios2-elf/4.1.2/../../../../nios2-elf/lib/mno-hw-mul\libc.a(lib_a-flags.o)
 .bss           0x00097678        0x0 c:/altera/12.1/nios2eds/bin/gnu/h-i686-mingw32/bin/../lib/gcc/nios2-elf/4.1.2/../../../../nios2-elf/lib/mno-hw-mul\libc.a(lib_a-fread.o)
 .bss           0x00097678        0x0 c:/altera/12.1/nios2eds/bin/gnu/h-i686-mingw32/bin/../lib/gcc/nios2-elf/4.1.2/../../../../nios2-elf/lib/mno-hw-mul\libc.a(lib_a-fvwrite.o)
 .bss           0x00097678        0x0 c:/altera/12.1/nios2eds/bin/gnu/h-i686-mingw32/bin/../lib/gcc/nios2-elf/4.1.2/../../../../nios2-elf/lib/mno-hw-mul\libc.a(lib_a-isattyr.o)
 .bss           0x00097678        0x0 c:/altera/12.1/nios2eds/bin/gnu/h-i686-mingw32/bin/../lib/gcc/nios2-elf/4.1.2/../../../../nios2-elf/lib/mno-hw-mul\libc.a(lib_a-iswspace.o)
 .bss           0x00097678        0x0 c:/altera/12.1/nios2eds/bin/gnu/h-i686-mingw32/bin/../lib/gcc/nios2-elf/4.1.2/../../../../nios2-elf/lib/mno-hw-mul\libc.a(lib_a-locale.o)
 .bss           0x00097678        0x0 c:/altera/12.1/nios2eds/bin/gnu/h-i686-mingw32/bin/../lib/gcc/nios2-elf/4.1.2/../../../../nios2-elf/lib/mno-hw-mul\libc.a(lib_a-lseekr.o)
 .bss           0x00097678        0x0 c:/altera/12.1/nios2eds/bin/gnu/h-i686-mingw32/bin/../lib/gcc/nios2-elf/4.1.2/../../../../nios2-elf/lib/mno-hw-mul\libc.a(lib_a-mbrtowc.o)
 .bss           0x00097678        0x0 c:/altera/12.1/nios2eds/bin/gnu/h-i686-mingw32/bin/../lib/gcc/nios2-elf/4.1.2/../../../../nios2-elf/lib/mno-hw-mul\libc.a(lib_a-mbtowc_r.o)
 .bss           0x00097678        0x0 c:/altera/12.1/nios2eds/bin/gnu/h-i686-mingw32/bin/../lib/gcc/nios2-elf/4.1.2/../../../../nios2-elf/lib/mno-hw-mul\libc.a(lib_a-memchr.o)
 .bss           0x00097678        0x0 c:/altera/12.1/nios2eds/bin/gnu/h-i686-mingw32/bin/../lib/gcc/nios2-elf/4.1.2/../../../../nios2-elf/lib/mno-hw-mul\libc.a(lib_a-memcpy.o)
 .bss           0x00097678        0x0 c:/altera/12.1/nios2eds/bin/gnu/h-i686-mingw32/bin/../lib/gcc/nios2-elf/4.1.2/../../../../nios2-elf/lib/mno-hw-mul\libc.a(lib_a-memmove.o)
 .bss           0x00097678        0x0 c:/altera/12.1/nios2eds/bin/gnu/h-i686-mingw32/bin/../lib/gcc/nios2-elf/4.1.2/../../../../nios2-elf/lib/mno-hw-mul\libc.a(lib_a-mprec.o)
 .bss           0x00097678        0x0 c:/altera/12.1/nios2eds/bin/gnu/h-i686-mingw32/bin/../lib/gcc/nios2-elf/4.1.2/../../../../nios2-elf/lib/mno-hw-mul\libc.a(lib_a-readr.o)
 .bss           0x00097678        0x0 c:/altera/12.1/nios2eds/bin/gnu/h-i686-mingw32/bin/../lib/gcc/nios2-elf/4.1.2/../../../../nios2-elf/lib/mno-hw-mul\libc.a(lib_a-reallocr.o)
 .bss           0x00097678        0x0 c:/altera/12.1/nios2eds/bin/gnu/h-i686-mingw32/bin/../lib/gcc/nios2-elf/4.1.2/../../../../nios2-elf/lib/mno-hw-mul\libc.a(lib_a-s_isinfd.o)
 .bss           0x00097678        0x0 c:/altera/12.1/nios2eds/bin/gnu/h-i686-mingw32/bin/../lib/gcc/nios2-elf/4.1.2/../../../../nios2-elf/lib/mno-hw-mul\libc.a(lib_a-s_isnand.o)
 .bss           0x00097678        0x0 c:/altera/12.1/nios2eds/bin/gnu/h-i686-mingw32/bin/../lib/gcc/nios2-elf/4.1.2/../../../../nios2-elf/lib/mno-hw-mul\libc.a(lib_a-sccl.o)
 .bss           0x00097678        0x0 c:/altera/12.1/nios2eds/bin/gnu/h-i686-mingw32/bin/../lib/gcc/nios2-elf/4.1.2/../../../../nios2-elf/lib/mno-hw-mul\libc.a(lib_a-sf_nan.o)
 .bss           0x00097678        0x0 c:/altera/12.1/nios2eds/bin/gnu/h-i686-mingw32/bin/../lib/gcc/nios2-elf/4.1.2/../../../../nios2-elf/lib/mno-hw-mul\libc.a(lib_a-sprintf.o)
 .bss           0x00097678        0x0 c:/altera/12.1/nios2eds/bin/gnu/h-i686-mingw32/bin/../lib/gcc/nios2-elf/4.1.2/../../../../nios2-elf/lib/mno-hw-mul\libc.a(lib_a-strtod.o)
 .bss           0x00097678        0x0 c:/altera/12.1/nios2eds/bin/gnu/h-i686-mingw32/bin/../lib/gcc/nios2-elf/4.1.2/../../../../nios2-elf/lib/mno-hw-mul\libc.a(lib_a-strtoll_r.o)
 .bss           0x00097678        0x0 c:/altera/12.1/nios2eds/bin/gnu/h-i686-mingw32/bin/../lib/gcc/nios2-elf/4.1.2/../../../../nios2-elf/lib/mno-hw-mul\libc.a(lib_a-strtoul.o)
 .bss           0x00097678        0x0 c:/altera/12.1/nios2eds/bin/gnu/h-i686-mingw32/bin/../lib/gcc/nios2-elf/4.1.2/../../../../nios2-elf/lib/mno-hw-mul\libc.a(lib_a-strtoull_r.o)
 .bss           0x00097678        0x0 c:/altera/12.1/nios2eds/bin/gnu/h-i686-mingw32/bin/../lib/gcc/nios2-elf/4.1.2/../../../../nios2-elf/lib/mno-hw-mul\libc.a(lib_a-ungetc.o)
 .bss           0x00097678        0x0 c:/altera/12.1/nios2eds/bin/gnu/h-i686-mingw32/bin/../lib/gcc/nios2-elf/4.1.2/../../../../nios2-elf/lib/mno-hw-mul\libc.a(lib_a-callocr.o)
 .bss           0x00097678        0x0 c:/altera/12.1/nios2eds/bin/gnu/h-i686-mingw32/bin/../lib/gcc/nios2-elf/4.1.2/../../../../nios2-elf/lib/mno-hw-mul\libc.a(lib_a-gdtoa-gethex.o)
 .bss           0x00097678        0x0 c:/altera/12.1/nios2eds/bin/gnu/h-i686-mingw32/bin/../lib/gcc/nios2-elf/4.1.2/../../../../nios2-elf/lib/mno-hw-mul\libc.a(lib_a-gdtoa-hexnan.o)
 .bss           0x00097678        0x0 c:/altera/12.1/nios2eds/bin/gnu/h-i686-mingw32/bin/../lib/gcc/nios2-elf/4.1.2/mno-hw-mul\libgcc.a(_muldi3.o)
 .bss           0x00097678        0x0 c:/altera/12.1/nios2eds/bin/gnu/h-i686-mingw32/bin/../lib/gcc/nios2-elf/4.1.2/mno-hw-mul\libgcc.a(_fixunsdfsi.o)
 .bss           0x00097678        0x0 c:/altera/12.1/nios2eds/bin/gnu/h-i686-mingw32/bin/../lib/gcc/nios2-elf/4.1.2/mno-hw-mul\libgcc.a(_udivdi3.o)
 .bss           0x00097678        0x0 c:/altera/12.1/nios2eds/bin/gnu/h-i686-mingw32/bin/../lib/gcc/nios2-elf/4.1.2/mno-hw-mul\libgcc.a(_umoddi3.o)
 .bss           0x00097678        0x0 c:/altera/12.1/nios2eds/bin/gnu/h-i686-mingw32/bin/../lib/gcc/nios2-elf/4.1.2/mno-hw-mul\libgcc.a(_ne_sf.o)
 .bss           0x00097678        0x0 c:/altera/12.1/nios2eds/bin/gnu/h-i686-mingw32/bin/../lib/gcc/nios2-elf/4.1.2/mno-hw-mul\libgcc.a(_gt_sf.o)
 .bss           0x00097678        0x0 c:/altera/12.1/nios2eds/bin/gnu/h-i686-mingw32/bin/../lib/gcc/nios2-elf/4.1.2/mno-hw-mul\libgcc.a(_lt_sf.o)
 .bss           0x00097678        0x0 c:/altera/12.1/nios2eds/bin/gnu/h-i686-mingw32/bin/../lib/gcc/nios2-elf/4.1.2/mno-hw-mul\libgcc.a(_addsub_df.o)
 .bss           0x00097678        0x0 c:/altera/12.1/nios2eds/bin/gnu/h-i686-mingw32/bin/../lib/gcc/nios2-elf/4.1.2/mno-hw-mul\libgcc.a(_mul_df.o)
 .bss           0x00097678        0x0 c:/altera/12.1/nios2eds/bin/gnu/h-i686-mingw32/bin/../lib/gcc/nios2-elf/4.1.2/mno-hw-mul\libgcc.a(_div_df.o)
 .bss           0x00097678        0x0 c:/altera/12.1/nios2eds/bin/gnu/h-i686-mingw32/bin/../lib/gcc/nios2-elf/4.1.2/mno-hw-mul\libgcc.a(_eq_df.o)
 .bss           0x00097678        0x0 c:/altera/12.1/nios2eds/bin/gnu/h-i686-mingw32/bin/../lib/gcc/nios2-elf/4.1.2/mno-hw-mul\libgcc.a(_ne_df.o)
 .bss           0x00097678        0x0 c:/altera/12.1/nios2eds/bin/gnu/h-i686-mingw32/bin/../lib/gcc/nios2-elf/4.1.2/mno-hw-mul\libgcc.a(_gt_df.o)
 .bss           0x00097678        0x0 c:/altera/12.1/nios2eds/bin/gnu/h-i686-mingw32/bin/../lib/gcc/nios2-elf/4.1.2/mno-hw-mul\libgcc.a(_ge_df.o)
 .bss           0x00097678        0x0 c:/altera/12.1/nios2eds/bin/gnu/h-i686-mingw32/bin/../lib/gcc/nios2-elf/4.1.2/mno-hw-mul\libgcc.a(_lt_df.o)
 .bss           0x00097678        0x0 c:/altera/12.1/nios2eds/bin/gnu/h-i686-mingw32/bin/../lib/gcc/nios2-elf/4.1.2/mno-hw-mul\libgcc.a(_le_df.o)
 .bss           0x00097678        0x0 c:/altera/12.1/nios2eds/bin/gnu/h-i686-mingw32/bin/../lib/gcc/nios2-elf/4.1.2/mno-hw-mul\libgcc.a(_si_to_df.o)
 .bss           0x00097678        0x0 c:/altera/12.1/nios2eds/bin/gnu/h-i686-mingw32/bin/../lib/gcc/nios2-elf/4.1.2/mno-hw-mul\libgcc.a(_df_to_si.o)
 .bss           0x00097678        0x0 c:/altera/12.1/nios2eds/bin/gnu/h-i686-mingw32/bin/../lib/gcc/nios2-elf/4.1.2/mno-hw-mul\libgcc.a(_df_to_sf.o)
 .bss           0x00097678        0x0 c:/altera/12.1/nios2eds/bin/gnu/h-i686-mingw32/bin/../lib/gcc/nios2-elf/4.1.2/mno-hw-mul\libgcc.a(_thenan_df.o)
 .bss           0x00097678        0x0 c:/altera/12.1/nios2eds/bin/gnu/h-i686-mingw32/bin/../lib/gcc/nios2-elf/4.1.2/mno-hw-mul\libgcc.a(_usi_to_df.o)
 .bss           0x00097678        0x0 c:/altera/12.1/nios2eds/bin/gnu/h-i686-mingw32/bin/../lib/gcc/nios2-elf/4.1.2/mno-hw-mul\libgcc.a(lib2-divmod.o)
 .bss           0x00097678        0x0 c:/altera/12.1/nios2eds/bin/gnu/h-i686-mingw32/bin/../lib/gcc/nios2-elf/4.1.2/mno-hw-mul\libgcc.a(lib2-mul.o)
 .bss           0x00097678        0x0 c:/altera/12.1/nios2eds/bin/gnu/h-i686-mingw32/bin/../lib/gcc/nios2-elf/4.1.2/mno-hw-mul\libgcc.a(_clz.o)
 .bss           0x00097678        0x0 c:/altera/12.1/nios2eds/bin/gnu/h-i686-mingw32/bin/../lib/gcc/nios2-elf/4.1.2/mno-hw-mul\libgcc.a(_clzsi2.o)
 .bss           0x00097678        0x0 c:/altera/12.1/nios2eds/bin/gnu/h-i686-mingw32/bin/../lib/gcc/nios2-elf/4.1.2/mno-hw-mul\libgcc.a(_unpack_sf.o)
 .bss           0x00097678        0x0 c:/altera/12.1/nios2eds/bin/gnu/h-i686-mingw32/bin/../lib/gcc/nios2-elf/4.1.2/mno-hw-mul\libgcc.a(_fpcmp_parts_sf.o)
 .bss           0x00097678        0x0 c:/altera/12.1/nios2eds/bin/gnu/h-i686-mingw32/bin/../lib/gcc/nios2-elf/4.1.2/mno-hw-mul\libgcc.a(_make_sf.o)
 .bss           0x00097678        0x0 c:/altera/12.1/nios2eds/bin/gnu/h-i686-mingw32/bin/../lib/gcc/nios2-elf/4.1.2/mno-hw-mul\libgcc.a(_pack_df.o)
 .bss           0x00097678        0x0 c:/altera/12.1/nios2eds/bin/gnu/h-i686-mingw32/bin/../lib/gcc/nios2-elf/4.1.2/mno-hw-mul\libgcc.a(_unpack_df.o)
 .bss           0x00097678        0x0 c:/altera/12.1/nios2eds/bin/gnu/h-i686-mingw32/bin/../lib/gcc/nios2-elf/4.1.2/mno-hw-mul\libgcc.a(_fpcmp_parts_df.o)
 .bss           0x00097678        0x0 c:/altera/12.1/nios2eds/bin/gnu/h-i686-mingw32/bin/../lib/gcc/nios2-elf/4.1.2/mno-hw-mul\libgcc.a(_pack_sf.o)
 .bss           0x00097678        0x0 ../Ello_World_bsp/\libhal_bsp.a(alt_close.o)
 .bss           0x00097678        0x0 ../Ello_World_bsp/\libhal_bsp.a(alt_dev.o)
 .bss           0x00097678        0x0 ../Ello_World_bsp/\libhal_bsp.a(alt_errno.o)
 .bss           0x00097678        0x0 ../Ello_World_bsp/\libhal_bsp.a(alt_fstat.o)
 .bss           0x00097678        0x0 ../Ello_World_bsp/\libhal_bsp.a(alt_isatty.o)
 .bss           0x00097678        0x0 ../Ello_World_bsp/\libhal_bsp.a(alt_load.o)
 .bss           0x00097678        0x0 ../Ello_World_bsp/\libhal_bsp.a(alt_lseek.o)
 .bss           0x00097678        0x0 ../Ello_World_bsp/\libhal_bsp.a(alt_main.o)
 .bss           0x00097678        0x0 ../Ello_World_bsp/\libhal_bsp.a(alt_malloc_lock.o)
 .bss           0x00097678        0x0 ../Ello_World_bsp/\libhal_bsp.a(alt_open.o)
 .bss           0x00097678        0x0 ../Ello_World_bsp/\libhal_bsp.a(alt_read.o)
 .bss           0x00097678        0x0 ../Ello_World_bsp/\libhal_bsp.a(alt_release_fd.o)
 .bss           0x00097678        0x0 ../Ello_World_bsp/\libhal_bsp.a(alt_sbrk.o)
 .bss           0x00097678        0x0 ../Ello_World_bsp/\libhal_bsp.a(alt_write.o)
 .bss           0x00097678        0x0 ../Ello_World_bsp/\libhal_bsp.a(alt_sys_init.o)
 .bss           0x00097678        0x0 ../Ello_World_bsp/\libhal_bsp.a(altera_avalon_jtag_uart_fd.o)
 .bss           0x00097678        0x0 ../Ello_World_bsp/\libhal_bsp.a(altera_avalon_jtag_uart_init.o)
 .bss           0x00097678        0x0 ../Ello_World_bsp/\libhal_bsp.a(altera_avalon_jtag_uart_ioctl.o)
 .bss           0x00097678        0x0 ../Ello_World_bsp/\libhal_bsp.a(altera_avalon_jtag_uart_read.o)
 .bss           0x00097678        0x0 ../Ello_World_bsp/\libhal_bsp.a(altera_avalon_jtag_uart_write.o)
 .bss           0x00097678        0x0 ../Ello_World_bsp/\libhal_bsp.a(altera_avalon_lcd_16207.o)
 .bss           0x00097678        0x0 ../Ello_World_bsp/\libhal_bsp.a(altera_avalon_lcd_16207_fd.o)
 .bss           0x00097678        0x0 ../Ello_World_bsp/\libhal_bsp.a(altera_avalon_timer_sc.o)
 .bss           0x00097678        0x0 ../Ello_World_bsp/\libhal_bsp.a(altera_avalon_timer_vars.o)
 .bss           0x00097678        0x0 ../Ello_World_bsp/\libhal_bsp.a(alt_alarm_start.o)
 .bss           0x00097678        0x0 ../Ello_World_bsp/\libhal_bsp.a(alt_dcache_flush_all.o)
 .bss           0x00097678        0x0 ../Ello_World_bsp/\libhal_bsp.a(alt_dev_llist_insert.o)
 .bss           0x00097678        0x0 ../Ello_World_bsp/\libhal_bsp.a(alt_do_ctors.o)
 .bss           0x00097678        0x0 ../Ello_World_bsp/\libhal_bsp.a(alt_do_dtors.o)
 .bss           0x00097678        0x0 ../Ello_World_bsp/\libhal_bsp.a(alt_find_dev.o)
 .bss           0x00097678        0x0 ../Ello_World_bsp/\libhal_bsp.a(alt_find_file.o)
 .bss           0x00097678        0x0 ../Ello_World_bsp/\libhal_bsp.a(alt_get_fd.o)
 .bss           0x00097678        0x0 ../Ello_World_bsp/\libhal_bsp.a(alt_icache_flush_all.o)
 .bss           0x00097678        0x0 ../Ello_World_bsp/\libhal_bsp.a(alt_iic.o)
 .bss           0x00097678        0x0 ../Ello_World_bsp/\libhal_bsp.a(alt_iic_isr_register.o)
 .bss           0x00097678        0x0 ../Ello_World_bsp/\libhal_bsp.a(alt_io_redirect.o)
 .bss           0x00097678        0x0 ../Ello_World_bsp/\libhal_bsp.a(alt_irq_entry.o)
 .bss           0x00097678        0x0 ../Ello_World_bsp/\libhal_bsp.a(alt_irq_handler.o)
 .bss           0x00097678        0x0 ../Ello_World_bsp/\libhal_bsp.a(alt_irq_vars.o)
 .bss           0x00097678        0x0 ../Ello_World_bsp/\libhal_bsp.a(alt_tick.o)
 .bss           0x00097678        0x0 ../Ello_World_bsp/\libhal_bsp.a(alt_usleep.o)
 .bss           0x00097678        0x0 ../Ello_World_bsp/\libhal_bsp.a(altera_nios2_irq.o)
 .bss           0x00097678        0x0 ../Ello_World_bsp/\libhal_bsp.a(alt_busy_sleep.o)
 .bss           0x00097678        0x0 ../Ello_World_bsp/\libhal_bsp.a(alt_exception_entry.o)
 .bss           0x00097678        0x0 c:/altera/12.1/nios2eds/bin/gnu/h-i686-mingw32/bin/../lib/gcc/nios2-elf/4.1.2/../../../../nios2-elf/lib/mno-hw-mul\libc.a(lib_a-atexit.o)
 .bss           0x00097678        0x0 c:/altera/12.1/nios2eds/bin/gnu/h-i686-mingw32/bin/../lib/gcc/nios2-elf/4.1.2/../../../../nios2-elf/lib/mno-hw-mul\libc.a(lib_a-exit.o)
 .bss           0x00097678        0x0 c:/altera/12.1/nios2eds/bin/gnu/h-i686-mingw32/bin/../lib/gcc/nios2-elf/4.1.2/../../../../nios2-elf/lib/mno-hw-mul\libc.a(lib_a-memcmp.o)
 .bss           0x00097678        0x0 c:/altera/12.1/nios2eds/bin/gnu/h-i686-mingw32/bin/../lib/gcc/nios2-elf/4.1.2/../../../../nios2-elf/lib/mno-hw-mul\libc.a(lib_a-__atexit.o)
 .bss           0x00097678        0x0 c:/altera/12.1/nios2eds/bin/gnu/h-i686-mingw32/bin/../lib/gcc/nios2-elf/4.1.2/../../../../nios2-elf/lib/mno-hw-mul\libc.a(lib_a-__call_atexit.o)
 .bss           0x00097678        0x0 ../Ello_World_bsp/\libhal_bsp.a(alt_exit.o)
 *(COMMON)
 COMMON         0x00097678      0x100 c:/altera/12.1/nios2eds/bin/gnu/h-i686-mingw32/bin/../lib/gcc/nios2-elf/4.1.2/../../../../nios2-elf/lib/mno-hw-mul\libc.a(lib_a-gdtoa-gethex.o)
                0x00097678                __hexdig
 COMMON         0x00097778      0x100 ../Ello_World_bsp/\libhal_bsp.a(alt_irq_handler.o)
                0x00097778                alt_irq
 COMMON         0x00097878      0x190 c:/altera/12.1/nios2eds/bin/gnu/h-i686-mingw32/bin/../lib/gcc/nios2-elf/4.1.2/../../../../nios2-elf/lib/mno-hw-mul\libc.a(lib_a-atexit.o)
                0x00097878                _atexit0
                0x00097a08                . = ALIGN (0x4)
                0x00097a08                __bss_end = ABSOLUTE (.)

.sram_0         0x00097a08        0x0
                0x00097a08                PROVIDE (_alt_partition_sram_0_start, ABSOLUTE (.))
 *(.sram_0. sram_0.*)
                0x00097a08                . = ALIGN (0x4)
                0x00097a08                PROVIDE (_alt_partition_sram_0_end, ABSOLUTE (.))
                0x00097a08                _end = ABSOLUTE (.)
                0x00097a08                end = ABSOLUTE (.)
                0x00097a08                __alt_stack_base = ABSOLUTE (.)
                0x00097a08                PROVIDE (_alt_partition_sram_0_load_addr, LOADADDR (.sram_0))

.stab
 *(.stab)

.stabstr
 *(.stabstr)

.stab.excl
 *(.stab.excl)

.stab.exclstr
 *(.stab.exclstr)

.stab.index
 *(.stab.index)

.stab.indexstr
 *(.stab.indexstr)

.comment        0x00000000       0x23
 *(.comment)
 .comment       0x00000000       0x23 obj/default/hello_world.o
                                 0x24 (size before relaxing)
 .comment       0x00000000       0x24 c:/altera/12.1/nios2eds/bin/gnu/h-i686-mingw32/bin/../lib/gcc/nios2-elf/4.1.2/../../../../nios2-elf/lib/mno-hw-mul\libc.a(lib_a-atoi.o)
 .comment       0x00000000       0x24 c:/altera/12.1/nios2eds/bin/gnu/h-i686-mingw32/bin/../lib/gcc/nios2-elf/4.1.2/../../../../nios2-elf/lib/mno-hw-mul\libc.a(lib_a-fclose.o)
 .comment       0x00000000       0x24 c:/altera/12.1/nios2eds/bin/gnu/h-i686-mingw32/bin/../lib/gcc/nios2-elf/4.1.2/../../../../nios2-elf/lib/mno-hw-mul\libc.a(lib_a-fflush.o)
 .comment       0x00000000       0x24 c:/altera/12.1/nios2eds/bin/gnu/h-i686-mingw32/bin/../lib/gcc/nios2-elf/4.1.2/../../../../nios2-elf/lib/mno-hw-mul\libc.a(lib_a-findfp.o)
 .comment       0x00000000       0x24 c:/altera/12.1/nios2eds/bin/gnu/h-i686-mingw32/bin/../lib/gcc/nios2-elf/4.1.2/../../../../nios2-elf/lib/mno-hw-mul\libc.a(lib_a-fopen.o)
 .comment       0x00000000       0x24 c:/altera/12.1/nios2eds/bin/gnu/h-i686-mingw32/bin/../lib/gcc/nios2-elf/4.1.2/../../../../nios2-elf/lib/mno-hw-mul\libc.a(lib_a-fprintf.o)
 .comment       0x00000000       0x24 c:/altera/12.1/nios2eds/bin/gnu/h-i686-mingw32/bin/../lib/gcc/nios2-elf/4.1.2/../../../../nios2-elf/lib/mno-hw-mul\libc.a(lib_a-freer.o)
 .comment       0x00000000       0x24 c:/altera/12.1/nios2eds/bin/gnu/h-i686-mingw32/bin/../lib/gcc/nios2-elf/4.1.2/../../../../nios2-elf/lib/mno-hw-mul\libc.a(lib_a-fseek.o)
 .comment       0x00000000       0x24 c:/altera/12.1/nios2eds/bin/gnu/h-i686-mingw32/bin/../lib/gcc/nios2-elf/4.1.2/../../../../nios2-elf/lib/mno-hw-mul\libc.a(lib_a-fstatr.o)
 .comment       0x00000000       0x24 c:/altera/12.1/nios2eds/bin/gnu/h-i686-mingw32/bin/../lib/gcc/nios2-elf/4.1.2/../../../../nios2-elf/lib/mno-hw-mul\libc.a(lib_a-fwalk.o)
 .comment       0x00000000       0x24 c:/altera/12.1/nios2eds/bin/gnu/h-i686-mingw32/bin/../lib/gcc/nios2-elf/4.1.2/../../../../nios2-elf/lib/mno-hw-mul\libc.a(lib_a-fwrite.o)
 .comment       0x00000000       0x24 c:/altera/12.1/nios2eds/bin/gnu/h-i686-mingw32/bin/../lib/gcc/nios2-elf/4.1.2/../../../../nios2-elf/lib/mno-hw-mul\libc.a(lib_a-impure.o)
 .comment       0x00000000       0x24 c:/altera/12.1/nios2eds/bin/gnu/h-i686-mingw32/bin/../lib/gcc/nios2-elf/4.1.2/../../../../nios2-elf/lib/mno-hw-mul\libc.a(lib_a-int_errno.o)
 .comment       0x00000000       0x24 c:/altera/12.1/nios2eds/bin/gnu/h-i686-mingw32/bin/../lib/gcc/nios2-elf/4.1.2/../../../../nios2-elf/lib/mno-hw-mul\libc.a(lib_a-makebuf.o)
 .comment       0x00000000       0x24 c:/altera/12.1/nios2eds/bin/gnu/h-i686-mingw32/bin/../lib/gcc/nios2-elf/4.1.2/../../../../nios2-elf/lib/mno-hw-mul\libc.a(lib_a-mallocr.o)
 .comment       0x00000000       0x24 c:/altera/12.1/nios2eds/bin/gnu/h-i686-mingw32/bin/../lib/gcc/nios2-elf/4.1.2/../../../../nios2-elf/lib/mno-hw-mul\libc.a(lib_a-memset.o)
 .comment       0x00000000       0x24 c:/altera/12.1/nios2eds/bin/gnu/h-i686-mingw32/bin/../lib/gcc/nios2-elf/4.1.2/../../../../nios2-elf/lib/mno-hw-mul\libc.a(lib_a-openr.o)
 .comment       0x00000000       0x24 c:/altera/12.1/nios2eds/bin/gnu/h-i686-mingw32/bin/../lib/gcc/nios2-elf/4.1.2/../../../../nios2-elf/lib/mno-hw-mul\libc.a(lib_a-printf.o)
 .comment       0x00000000       0x24 c:/altera/12.1/nios2eds/bin/gnu/h-i686-mingw32/bin/../lib/gcc/nios2-elf/4.1.2/../../../../nios2-elf/lib/mno-hw-mul\libc.a(lib_a-puts.o)